Archive member included to satisfy reference by file (symbol)

c:/siliconlabs/simplicitystudio/v5/developer/toolchains/gnu_arm/12.2.rel1_2023.7/bin/../lib/gcc/arm-none-eabi/12.2.1/thumb/v7e-m+fp/softfp\libgcc.a(_arm_addsubdf3.o)
                              ./wiseconnect3_sdk_3.2.0/components/device/silabs/si91x/mcu/drivers/peripheral_drivers/src/clock_update.o (__aeabi_dadd)
c:/siliconlabs/simplicitystudio/v5/developer/toolchains/gnu_arm/12.2.rel1_2023.7/bin/../lib/gcc/arm-none-eabi/12.2.1/thumb/v7e-m+fp/softfp\libgcc.a(_arm_muldivdf3.o)
                              ./wiseconnect3_sdk_3.2.0/components/device/silabs/si91x/mcu/drivers/peripheral_drivers/src/clock_update.o (__aeabi_ddiv)
c:/siliconlabs/simplicitystudio/v5/developer/toolchains/gnu_arm/12.2.rel1_2023.7/bin/../lib/gcc/arm-none-eabi/12.2.1/thumb/v7e-m+fp/softfp\libgcc.a(_arm_fixunsdfsi.o)
                              ./wiseconnect3_sdk_3.2.0/components/device/silabs/si91x/mcu/drivers/peripheral_drivers/src/clock_update.o (__aeabi_d2uiz)
c:/siliconlabs/simplicitystudio/v5/developer/toolchains/gnu_arm/12.2.rel1_2023.7/bin/../lib/gcc/arm-none-eabi/12.2.1/thumb/v7e-m+fp/softfp\libnosys.a(errno.o)
                              ./gecko_sdk_4.4.3/util/third_party/lwip/lwip/src/api/if_api.o (errno)
c:/siliconlabs/simplicitystudio/v5/developer/toolchains/gnu_arm/12.2.rel1_2023.7/bin/../lib/gcc/arm-none-eabi/12.2.1/thumb/v7e-m+fp/softfp\libc_nano.a(libc_a-assert.o)
                              ./wiseconnect3_sdk_3.2.0/components/device/silabs/si91x/wireless/src/sl_si91x_driver.o (__assert_func)
c:/siliconlabs/simplicitystudio/v5/developer/toolchains/gnu_arm/12.2.rel1_2023.7/bin/../lib/gcc/arm-none-eabi/12.2.1/thumb/v7e-m+fp/softfp\libc_nano.a(libc_a-atoi.o)
                              ./gecko_sdk_4.4.3/util/third_party/lwip/lwip/src/api/netdb.o (atoi)
c:/siliconlabs/simplicitystudio/v5/developer/toolchains/gnu_arm/12.2.rel1_2023.7/bin/../lib/gcc/arm-none-eabi/12.2.1/thumb/v7e-m+fp/softfp\libc_nano.a(libc_a-exit.o)
                              c:/siliconlabs/simplicitystudio/v5/developer/toolchains/gnu_arm/12.2.rel1_2023.7/bin/../lib/gcc/arm-none-eabi/12.2.1/thumb/v7e-m+fp/softfp/crt0.o (exit)
c:/siliconlabs/simplicitystudio/v5/developer/toolchains/gnu_arm/12.2.rel1_2023.7/bin/../lib/gcc/arm-none-eabi/12.2.1/thumb/v7e-m+fp/softfp\libc_nano.a(libc_a-malloc.o)
                              ./wiseconnect3_sdk_3.2.0/components/device/silabs/si91x/wireless/memory/mem_pool_buffer_quota.o (malloc)
c:/siliconlabs/simplicitystudio/v5/developer/toolchains/gnu_arm/12.2.rel1_2023.7/bin/../lib/gcc/arm-none-eabi/12.2.1/thumb/v7e-m+fp/softfp\libc_nano.a(libc_a-mallocr.o)
                              c:/siliconlabs/simplicitystudio/v5/developer/toolchains/gnu_arm/12.2.rel1_2023.7/bin/../lib/gcc/arm-none-eabi/12.2.1/thumb/v7e-m+fp/softfp\libc_nano.a(libc_a-malloc.o) (_malloc_r)
c:/siliconlabs/simplicitystudio/v5/developer/toolchains/gnu_arm/12.2.rel1_2023.7/bin/../lib/gcc/arm-none-eabi/12.2.1/thumb/v7e-m+fp/softfp\libc_nano.a(libc_a-mlock.o)
                              c:/siliconlabs/simplicitystudio/v5/developer/toolchains/gnu_arm/12.2.rel1_2023.7/bin/../lib/gcc/arm-none-eabi/12.2.1/thumb/v7e-m+fp/softfp\libc_nano.a(libc_a-mallocr.o) (__malloc_lock)
c:/siliconlabs/simplicitystudio/v5/developer/toolchains/gnu_arm/12.2.rel1_2023.7/bin/../lib/gcc/arm-none-eabi/12.2.1/thumb/v7e-m+fp/softfp\libc_nano.a(libc_a-rand.o)
                              ./gecko_sdk_4.4.3/util/third_party/lwip/lwip/src/core/dns.o (rand)
c:/siliconlabs/simplicitystudio/v5/developer/toolchains/gnu_arm/12.2.rel1_2023.7/bin/../lib/gcc/arm-none-eabi/12.2.1/thumb/v7e-m+fp/softfp\libc_nano.a(libc_a-strtol.o)
                              c:/siliconlabs/simplicitystudio/v5/developer/toolchains/gnu_arm/12.2.rel1_2023.7/bin/../lib/gcc/arm-none-eabi/12.2.1/thumb/v7e-m+fp/softfp\libc_nano.a(libc_a-atoi.o) (_strtol_r)
c:/siliconlabs/simplicitystudio/v5/developer/toolchains/gnu_arm/12.2.rel1_2023.7/bin/../lib/gcc/arm-none-eabi/12.2.1/thumb/v7e-m+fp/softfp\libc_nano.a(libc_a-strtoul.o)
                              ./wiseconnect3_sdk_3.2.0/components/common/src/sl_utility.o (strtoul)
c:/siliconlabs/simplicitystudio/v5/developer/toolchains/gnu_arm/12.2.rel1_2023.7/bin/../lib/gcc/arm-none-eabi/12.2.1/thumb/v7e-m+fp/softfp\libc_nano.a(libc_a-ctype_.o)
                              ./gecko_sdk_4.4.3/platform/common/src/sl_string.o (_ctype_)
c:/siliconlabs/simplicitystudio/v5/developer/toolchains/gnu_arm/12.2.rel1_2023.7/bin/../lib/gcc/arm-none-eabi/12.2.1/thumb/v7e-m+fp/softfp\libc_nano.a(libc_a-nano-vfprintf_float.o)
                              (_printf_float)
c:/siliconlabs/simplicitystudio/v5/developer/toolchains/gnu_arm/12.2.rel1_2023.7/bin/../lib/gcc/arm-none-eabi/12.2.1/thumb/v7e-m+fp/softfp\libc_nano.a(libc_a-nano-vfprintf_i.o)
[...]
Memory Configuration

Name             Origin             Length             Attributes
rom              0x08202000         0x001fe000         xr
ram              0x0000000c         0x0002fbf4         xrw
udma0            0x0002fc00         0x00000400         xrw
udma1            0x24061c00         0x00000400         xrw
*default*        0x00000000         0xffffffff

Linker script and memory map

LOAD c:/siliconlabs/simplicitystudio/v5/developer/toolchains/gnu_arm/12.2.rel1_2023.7/bin/../lib/gcc/arm-none-eabi/12.2.1/thumb/v7e-m+fp/softfp/crti.o
LOAD c:/siliconlabs/simplicitystudio/v5/developer/toolchains/gnu_arm/12.2.rel1_2023.7/bin/../lib/gcc/arm-none-eabi/12.2.1/thumb/v7e-m+fp/softfp/crtbegin.o
LOAD c:/siliconlabs/simplicitystudio/v5/developer/toolchains/gnu_arm/12.2.rel1_2023.7/bin/../lib/gcc/arm-none-eabi/12.2.1/thumb/v7e-m+fp/softfp/crt0.o
START GROUP
LOAD ./app.o
LOAD ./main.o
LOAD ./autogen/sl_event_handler.o
LOAD ./gecko_sdk_4.4.3/platform/CMSIS/RTOS2/Source/os_systick.o
LOAD ./gecko_sdk_4.4.3/platform/common/src/sl_assert.o
LOAD ./gecko_sdk_4.4.3/platform/common/src/sl_slist.o
LOAD ./gecko_sdk_4.4.3/platform/common/src/sl_string.o
LOAD ./gecko_sdk_4.4.3/platform/common/src/sli_cmsis_os2_ext_task_register.o
LOAD ./gecko_sdk_4.4.3/platform/emlib/src/em_core.o
LOAD ./gecko_sdk_4.4.3/platform/service/mem_pool/src/sl_mem_pool.o
LOAD ./gecko_sdk_4.4.3/platform/service/system/src/sl_system_init.o
LOAD ./gecko_sdk_4.4.3/platform/service/system/src/sl_system_kernel.o
LOAD ./gecko_sdk_4.4.3/util/third_party/freertos/cmsis/Source/cmsis_os2.o
LOAD ./gecko_sdk_4.4.3/util/third_party/freertos/kernel/croutine.o
LOAD ./gecko_sdk_4.4.3/util/third_party/freertos/kernel/event_groups.o
LOAD ./gecko_sdk_4.4.3/util/third_party/freertos/kernel/list.o
LOAD ./gecko_sdk_4.4.3/util/third_party/freertos/kernel/queue.o
LOAD ./gecko_sdk_4.4.3/util/third_party/freertos/kernel/stream_buffer.o
LOAD ./gecko_sdk_4.4.3/util/third_party/freertos/kernel/tasks.o
LOAD ./gecko_sdk_4.4.3/util/third_party/freertos/kernel/timers.o
LOAD ./gecko_sdk_4.4.3/util/third_party/freertos/kernel/portable/GCC/ARM_CM4F/port.o
LOAD ./gecko_sdk_4.4.3/util/third_party/freertos/kernel/portable/MemMang/heap_4.o
LOAD ./gecko_sdk_4.4.3/util/third_party/lwip/lwip/src/api/api_lib.o
LOAD ./gecko_sdk_4.4.3/util/third_party/lwip/lwip/src/api/api_msg.o
LOAD ./gecko_sdk_4.4.3/util/third_party/lwip/lwip/src/api/err.o
LOAD ./gecko_sdk_4.4.3/util/third_party/lwip/lwip/src/api/if_api.o
LOAD ./gecko_sdk_4.4.3/util/third_party/lwip/lwip/src/api/netbuf.o
LOAD ./gecko_sdk_4.4.3/util/third_party/lwip/lwip/src/api/netdb.o
LOAD ./gecko_sdk_4.4.3/util/third_party/lwip/lwip/src/api/netifapi.o
LOAD ./gecko_sdk_4.4.3/util/third_party/lwip/lwip/src/api/sockets.o
LOAD ./gecko_sdk_4.4.3/util/third_party/lwip/lwip/src/api/tcpip.o
LOAD ./gecko_sdk_4.4.3/util/third_party/lwip/lwip/src/core/altcp.o
LOAD ./gecko_sdk_4.4.3/util/third_party/lwip/lwip/src/core/altcp_alloc.o
LOAD ./gecko_sdk_4.4.3/util/third_party/lwip/lwip/src/core/altcp_tcp.o
LOAD ./gecko_sdk_4.4.3/util/third_party/lwip/lwip/src/core/def.o
LOAD ./gecko_sdk_4.4.3/util/third_party/lwip/lwip/src/core/dns.o
LOAD ./gecko_sdk_4.4.3/util/third_party/lwip/lwip/src/core/inet_chksum.o
LOAD ./gecko_sdk_4.4.3/util/third_party/lwip/lwip/src/core/init.o
LOAD ./gecko_sdk_4.4.3/util/third_party/lwip/lwip/src/core/ip.o
LOAD ./gecko_sdk_4.4.3/util/third_party/lwip/lwip/src/core/mem.o
LOAD ./gecko_sdk_4.4.3/util/third_party/lwip/lwip/src/core/memp.o
LOAD ./gecko_sdk_4.4.3/util/third_party/lwip/lwip/src/core/netif.o
LOAD ./gecko_sdk_4.4.3/util/third_party/lwip/lwip/src/core/pbuf.o
LOAD ./gecko_sdk_4.4.3/util/third_party/lwip/lwip/src/core/raw.o
LOAD ./gecko_sdk_4.4.3/util/third_party/lwip/lwip/src/core/stats.o
LOAD ./gecko_sdk_4.4.3/util/third_party/lwip/lwip/src/core/sys.o
LOAD ./gecko_sdk_4.4.3/util/third_party/lwip/lwip/src/core/tcp.o
LOAD ./gecko_sdk_4.4.3/util/third_party/lwip/lwip/src/core/tcp_in.o
LOAD ./gecko_sdk_4.4.3/util/third_party/lwip/lwip/src/core/tcp_out.o
LOAD ./gecko_sdk_4.4.3/util/third_party/lwip/lwip/src/core/timeouts.o
LOAD ./gecko_sdk_4.4.3/util/third_party/lwip/lwip/src/core/udp.o
LOAD ./gecko_sdk_4.4.3/util/third_party/lwip/lwip/src/core/ipv4/autoip.o
LOAD ./gecko_sdk_4.4.3/util/third_party/lwip/lwip/src/core/ipv4/dhcp.o
LOAD ./gecko_sdk_4.4.3/util/third_party/lwip/lwip/src/core/ipv4/etharp.o
LOAD ./gecko_sdk_4.4.3/util/third_party/lwip/lwip/src/core/ipv4/icmp.o
LOAD ./gecko_sdk_4.4.3/util/third_party/lwip/lwip/src/core/ipv4/igmp.o
LOAD ./gecko_sdk_4.4.3/util/third_party/lwip/lwip/src/core/ipv4/ip4.o
LOAD ./gecko_sdk_4.4.3/util/third_party/lwip/lwip/src/core/ipv4/ip4_addr.o
LOAD ./gecko_sdk_4.4.3/util/third_party/lwip/lwip/src/core/ipv4/ip4_frag.o
LOAD ./gecko_sdk_4.4.3/util/third_party/lwip/lwip/src/netif/ethernet.o
LOAD ./gecko_sdk_4.4.3/util/third_party/lwip/lwip-contrib/ports/freertos/sys_arch.o
LOAD ./wiseconnect3_sdk_3.2.0/components/board/silabs/src/rsi_board.o
LOAD ./wiseconnect3_sdk_3.2.0/components/common/src/sl_utility.o
LOAD ./wiseconnect3_sdk_3.2.0/components/device/silabs/si91x/mcu/core/chip/src/iPMU_prog/iPMU_dotc/ipmu_apis.o
LOAD ./wiseconnect3_sdk_3.2.0/components/device/silabs/si91x/mcu/core/chip/src/iPMU_prog/iPMU_dotc/rsi_system_config_917.o
LOAD ./wiseconnect3_sdk_3.2.0/components/device/silabs/si91x/mcu/core/chip/src/rsi_deepsleep_soc.o
LOAD ./wiseconnect3_sdk_3.2.0/components/device/silabs/si91x/mcu/core/chip/src/rsi_ps_ram_func.o
LOAD ./wiseconnect3_sdk_3.2.0/components/device/silabs/si91x/mcu/core/chip/src/startup_si91x.o
LOAD ./wiseconnect3_sdk_3.2.0/components/device/silabs/si91x/mcu/core/chip/src/system_si91x.o
LOAD ./wiseconnect3_sdk_3.2.0/components/device/silabs/si91x/mcu/core/common/src/rsi_debug.o
LOAD ./wiseconnect3_sdk_3.2.0/components/device/silabs/si91x/mcu/core/common/src/sl_si91x_stack_object_declare.o
LOAD ./wiseconnect3_sdk_3.2.0/components/device/silabs/si91x/mcu/core/common/src/syscalls.o
LOAD ./wiseconnect3_sdk_3.2.0/components/device/silabs/si91x/mcu/core/config/src/rsi_nvic_priorities_config.o
LOAD ./wiseconnect3_sdk_3.2.0/components/device/silabs/si91x/mcu/drivers/cmsis_driver/UDMA.o
LOAD ./wiseconnect3_sdk_3.2.0/components/device/silabs/si91x/mcu/drivers/cmsis_driver/USART.o
LOAD ./wiseconnect3_sdk_3.2.0/components/device/silabs/si91x/mcu/drivers/peripheral_drivers/src/clock_update.o
LOAD ./wiseconnect3_sdk_3.2.0/components/device/silabs/si91x/mcu/drivers/peripheral_drivers/src/rsi_crc.o
LOAD ./wiseconnect3_sdk_3.2.0/components/device/silabs/si91x/mcu/drivers/peripheral_drivers/src/rsi_egpio.o
LOAD ./wiseconnect3_sdk_3.2.0/components/device/silabs/si91x/mcu/drivers/peripheral_drivers/src/rsi_timers.o
LOAD ./wiseconnect3_sdk_3.2.0/components/device/silabs/si91x/mcu/drivers/peripheral_drivers/src/rsi_udma.o
LOAD ./wiseconnect3_sdk_3.2.0/components/device/silabs/si91x/mcu/drivers/peripheral_drivers/src/rsi_udma_wrapper.o
LOAD ./wiseconnect3_sdk_3.2.0/components/device/silabs/si91x/mcu/drivers/peripheral_drivers/src/rsi_usart.o
LOAD ./wiseconnect3_sdk_3.2.0/components/device/silabs/si91x/mcu/drivers/systemlevel/src/rsi_ipmu.o
LOAD ./wiseconnect3_sdk_3.2.0/components/device/silabs/si91x/mcu/drivers/systemlevel/src/rsi_pll.o
LOAD ./wiseconnect3_sdk_3.2.0/components/device/silabs/si91x/mcu/drivers/systemlevel/src/rsi_power_save.o
LOAD ./wiseconnect3_sdk_3.2.0/components/device/silabs/si91x/mcu/drivers/systemlevel/src/rsi_rtc.o
LOAD ./wiseconnect3_sdk_3.2.0/components/device/silabs/si91x/mcu/drivers/systemlevel/src/rsi_temp_sensor.o
LOAD ./wiseconnect3_sdk_3.2.0/components/device/silabs/si91x/mcu/drivers/systemlevel/src/rsi_time_period.o
LOAD ./wiseconnect3_sdk_3.2.0/components/device/silabs/si91x/mcu/drivers/systemlevel/src/rsi_ulpss_clk.o
LOAD ./wiseconnect3_sdk_3.2.0/components/device/silabs/si91x/mcu/drivers/systemlevel/src/rsi_wwdt.o
LOAD ./wiseconnect3_sdk_3.2.0/components/device/silabs/si91x/wireless/ahb_interface/src/rsi_hal_mcu_m4_ram.o
LOAD ./wiseconnect3_sdk_3.2.0/components/device/silabs/si91x/wireless/ahb_interface/src/rsi_hal_mcu_m4_rom.o
LOAD ./wiseconnect3_sdk_3.2.0/components/device/silabs/si91x/wireless/ahb_interface/src/sl_platform.o
LOAD ./wiseconnect3_sdk_3.2.0/components/device/silabs/si91x/wireless/ahb_interface/src/sl_platform_wireless.o
LOAD ./wiseconnect3_sdk_3.2.0/components/device/silabs/si91x/wireless/ahb_interface/src/sl_si91x_bus.o
LOAD ./wiseconnect3_sdk_3.2.0/components/device/silabs/si91x/wireless/ahb_interface/src/sl_si91x_timer.o
LOAD ./wiseconnect3_sdk_3.2.0/components/device/silabs/si91x/wireless/ahb_interface/src/sli_siwx917_soc.o
LOAD ./wiseconnect3_sdk_3.2.0/components/device/silabs/si91x/wireless/errno/src/sl_si91x_errno.o
LOAD ./wiseconnect3_sdk_3.2.0/components/device/silabs/si91x/wireless/host_mcu/si91x/siwx917_soc_ncp_host.o
LOAD ./wiseconnect3_sdk_3.2.0/components/device/silabs/si91x/wireless/memory/mem_pool_buffer_quota.o
LOAD ./wiseconnect3_sdk_3.2.0/components/device/silabs/si91x/wireless/sl_net/src/sl_net_rsi_utility.o
LOAD ./wiseconnect3_sdk_3.2.0/components/device/silabs/si91x/wireless/sl_net/src/sl_net_si91x_integration_handler.o
LOAD ./wiseconnect3_sdk_3.2.0/components/device/silabs/si91x/wireless/sl_net/src/sl_si91x_net_credentials.o
LOAD ./wiseconnect3_sdk_3.2.0/components/device/silabs/si91x/wireless/src/sl_rsi_utility.o
LOAD ./wiseconnect3_sdk_3.2.0/components/device/silabs/si91x/wireless/src/sl_si91x_callback_framework.o
LOAD ./wiseconnect3_sdk_3.2.0/components/device/silabs/si91x/wireless/src/sl_si91x_driver.o
LOAD ./wiseconnect3_sdk_3.2.0/components/device/silabs/si91x/wireless/threading/sli_si91x_multithreaded.o
LOAD ./wiseconnect3_sdk_3.2.0/components/protocol/wifi/si91x/sl_wifi.o
LOAD ./wiseconnect3_sdk_3.2.0/components/protocol/wifi/src/sl_wifi_callback_framework.o
LOAD ./wiseconnect3_sdk_3.2.0/components/service/network_manager/src/sl_net.o
LOAD ./wiseconnect3_sdk_3.2.0/components/service/network_manager/src/sl_net_basic_certificate_store.o
LOAD ./wiseconnect3_sdk_3.2.0/components/service/network_manager/src/sl_net_basic_credentials.o
LOAD ./wiseconnect3_sdk_3.2.0/components/service/network_manager/src/sl_net_basic_profiles.o
LOAD ./wiseconnect3_sdk_3.2.0/components/service/network_manager/src/sl_net_for_lwip.o
LOAD c:/siliconlabs/simplicitystudio/v5/developer/toolchains/gnu_arm/12.2.rel1_2023.7/bin/../lib/gcc/arm-none-eabi/12.2.1/thumb/v7e-m+fp/softfp\libgcc.a
LOAD c:/siliconlabs/simplicitystudio/v5/developer/toolchains/gnu_arm/12.2.rel1_2023.7/bin/../lib/gcc/arm-none-eabi/12.2.1/thumb/v7e-m+fp/softfp\libnosys.a
LOAD c:/siliconlabs/simplicitystudio/v5/developer/toolchains/gnu_arm/12.2.rel1_2023.7/bin/../lib/gcc/arm-none-eabi/12.2.1/thumb/v7e-m+fp/softfp\libc_nano.a
LOAD c:/siliconlabs/simplicitystudio/v5/developer/toolchains/gnu_arm/12.2.rel1_2023.7/bin/../lib/gcc/arm-none-eabi/12.2.1/thumb/v7e-m+fp/softfp\libm.a
END GROUP
START GROUP
LOAD c:/siliconlabs/simplicitystudio/v5/developer/toolchains/gnu_arm/12.2.rel1_2023.7/bin/../lib/gcc/arm-none-eabi/12.2.1/thumb/v7e-m+fp/softfp\libgcc.a
LOAD c:/siliconlabs/simplicitystudio/v5/developer/toolchains/gnu_arm/12.2.rel1_2023.7/bin/../lib/gcc/arm-none-eabi/12.2.1/thumb/v7e-m+fp/softfp\libc_nano.a
LOAD c:/siliconlabs/simplicitystudio/v5/developer/toolchains/gnu_arm/12.2.rel1_2023.7/bin/../lib/gcc/arm-none-eabi/12.2.1/thumb/v7e-m+fp/softfp\libnosys.a
END GROUP
START GROUP
LOAD c:/siliconlabs/simplicitystudio/v5/developer/toolchains/gnu_arm/12.2.rel1_2023.7/bin/../lib/gcc/arm-none-eabi/12.2.1/thumb/v7e-m+fp/softfp\libgcc.a
LOAD c:/siliconlabs/simplicitystudio/v5/developer/toolchains/gnu_arm/12.2.rel1_2023.7/bin/../lib/gcc/arm-none-eabi/12.2.1/thumb/v7e-m+fp/softfp\libg_nano.a
LOAD c:/siliconlabs/simplicitystudio/v5/developer/toolchains/gnu_arm/12.2.rel1_2023.7/bin/../lib/gcc/arm-none-eabi/12.2.1/thumb/v7e-m+fp/softfp\libc_nano.a
END GROUP
START GROUP
LOAD c:/siliconlabs/simplicitystudio/v5/developer/toolchains/gnu_arm/12.2.rel1_2023.7/bin/../lib/gcc/arm-none-eabi/12.2.1/thumb/v7e-m+fp/softfp\libgcc.a
LOAD c:/siliconlabs/simplicitystudio/v5/developer/toolchains/gnu_arm/12.2.rel1_2023.7/bin/../lib/gcc/arm-none-eabi/12.2.1/thumb/v7e-m+fp/softfp\libc_nano.a
END GROUP
LOAD c:/siliconlabs/simplicitystudio/v5/developer/toolchains/gnu_arm/12.2.rel1_2023.7/bin/../lib/gcc/arm-none-eabi/12.2.1/thumb/v7e-m+fp/softfp/crtend.o
LOAD c:/siliconlabs/simplicitystudio/v5/developer/toolchains/gnu_arm/12.2.rel1_2023.7/bin/../lib/gcc/arm-none-eabi/12.2.1/thumb/v7e-m+fp/softfp/crtn.o

.text           0x08202000    0x16979
 *(.isr_vector)
 .isr_vector    0x08202000      0x16c ./wiseconnect3_sdk_3.2.0/components/device/silabs/si91x/mcu/core/chip/src/startup_si91x.o
                0x08202000                __Vectors
 *(.text*)
 .text.deregister_tm_clones
                0x0820216c       0x1c c:/siliconlabs/simplicitystudio/v5/developer/toolchains/gnu_arm/12.2.rel1_2023.7/bin/../lib/gcc/arm-none-eabi/12.2.1/thumb/v7e-m+fp/softfp/crtbegin.o
 .text.register_tm_clones
                0x08202188       0x24 c:/siliconlabs/simplicitystudio/v5/developer/toolchains/gnu_arm/12.2.rel1_2023.7/bin/../lib/gcc/arm-none-eabi/12.2.1/thumb/v7e-m+fp/softfp/crtbegin.o
 .text.__do_global_dtors_aux
                0x082021ac       0x28 c:/siliconlabs/simplicitystudio/v5/developer/toolchains/gnu_arm/12.2.rel1_2023.7/bin/../lib/gcc/arm-none-eabi/12.2.1/thumb/v7e-m+fp/softfp/crtbegin.o
 .text.frame_dummy
                0x082021d4       0x24 c:/siliconlabs/simplicitystudio/v5/developer/toolchains/gnu_arm/12.2.rel1_2023.7/bin/../lib/gcc/arm-none-eabi/12.2.1/thumb/v7e-m+fp/softfp/crtbegin.o
 .text.app_init
                0x082021f8       0x14 ./app.o
                0x082021f8                app_init
 .text.send_and_receive_data
                0x0820220c       0xb0 ./app.o
                0x0820220c                send_and_receive_data
 .text.application_start
                0x082022bc       0x8c ./app.o
                0x082022bc                application_start
 .text.startup.main
                0x08202348       0x12 ./main.o
                0x08202348                main
 .text.sl_platform_init
                0x0820235a       0x1e ./autogen/sl_event_handler.o
                0x0820235a                sl_platform_init
 .text.sl_kernel_start
                0x08202378        0x4 ./autogen/sl_event_handler.o
                0x08202378                sl_kernel_start
 .text.sl_driver_init
                0x0820237c        0x2 ./autogen/sl_event_handler.o
                0x0820237c                sl_driver_init
 .text.sl_service_init
                0x0820237e        0x2 ./autogen/sl_event_handler.o
                0x0820237e                sl_service_init
 .text.sl_stack_init
                0x08202380        0x2 ./autogen/sl_event_handler.o
                0x08202380                sl_stack_init
 .text.sl_internal_app_init
                0x08202382        0x2 ./autogen/sl_event_handler.o
                0x08202382                sl_internal_app_init
 .text.sli_osTaskRegisterSetValue
                0x08202384        0xa ./gecko_sdk_4.4.3/platform/common/src/sli_cmsis_os2_ext_task_register.o
                0x08202384                sli_osTaskRegisterSetValue
 .text.CORE_EnterCritical
                0x0820238e        0x8 ./gecko_sdk_4.4.3/platform/emlib/src/em_core.o
                0x0820238e                CORE_EnterCritical
 .text.CORE_ExitCritical
                0x08202396        0x6 ./gecko_sdk_4.4.3/platform/emlib/src/em_core.o
                0x08202396                CORE_ExitCritical
 .text.CORE_EnterAtomic
                0x0820239c        0x8 ./gecko_sdk_4.4.3/platform/emlib/src/em_core.o
                0x0820239c                CORE_EnterAtomic
 .text.CORE_ExitAtomic
                0x082023a4        0x4 ./gecko_sdk_4.4.3/platform/emlib/src/em_core.o
                0x082023a4                CORE_ExitAtomic
 .text.sli_mem_pool_create
                0x082023a8       0x3c ./gecko_sdk_4.4.3/platform/service/mem_pool/src/sl_mem_pool.o
                0x082023a8                sli_mem_pool_create
 .text.sli_mem_pool_alloc
                0x082023e4       0x24 ./gecko_sdk_4.4.3/platform/service/mem_pool/src/sl_mem_pool.o
                0x082023e4                sli_mem_pool_alloc
 .text.sli_mem_pool_free
                0x08202408       0x18 ./gecko_sdk_4.4.3/platform/service/mem_pool/src/sl_mem_pool.o
                0x08202408                sli_mem_pool_free
 .text.sl_system_init
                0x08202420       0x1a ./gecko_sdk_4.4.3/platform/service/system/src/sl_system_init.o
                0x08202420                sl_system_init
 .text.sl_system_kernel_start
                0x0820243a        0x4 ./gecko_sdk_4.4.3/platform/service/system/src/sl_system_kernel.o
                0x0820243a                sl_system_kernel_start
 .text.SysTick_Handler
                0x0820243e       0x1a ./gecko_sdk_4.4.3/util/third_party/freertos/cmsis/Source/cmsis_os2.o
                0x0820243e                SysTick_Handler
 .text.osKernelInitialize
                0x08202458       0x34 ./gecko_sdk_4.4.3/util/third_party/freertos/cmsis/Source/cmsis_os2.o
                0x08202458                osKernelInitialize
 .text.osKernelStart
                0x0820248c       0x48 ./gecko_sdk_4.4.3/util/third_party/freertos/cmsis/Source/cmsis_os2.o
                0x0820248c                osKernelStart
 .text.osKernelGetTickCount
                0x082024d4       0x28 ./gecko_sdk_4.4.3/util/third_party/freertos/cmsis/Source/cmsis_os2.o
                0x082024d4                osKernelGetTickCount
 .text.osThreadNew
                0x082024fc       0xa8 ./gecko_sdk_4.4.3/util/third_party/freertos/cmsis/Source/cmsis_os2.o
                0x082024fc                osThreadNew
 .text.osThreadYield
                0x082025a4       0x3c ./gecko_sdk_4.4.3/util/third_party/freertos/cmsis/Source/cmsis_os2.o
                0x082025a4                osThreadYield
 .text.osDelay  0x082025e0       0x30 ./gecko_sdk_4.4.3/util/third_party/freertos/cmsis/Source/cmsis_os2.o
                0x082025e0                osDelay
 .text.osEventFlagsNew
                0x08202610       0x3c ./gecko_sdk_4.4.3/util/third_party/freertos/cmsis/Source/cmsis_os2.o
                0x08202610                osEventFlagsNew
 .text.osEventFlagsSet
                0x0820264c       0x70 ./gecko_sdk_4.4.3/util/third_party/freertos/cmsis/Source/cmsis_os2.o
                0x0820264c                osEventFlagsSet
 .text.osEventFlagsClear
                0x082026bc       0x5c ./gecko_sdk_4.4.3/util/third_party/freertos/cmsis/Source/cmsis_os2.o
                0x082026bc                osEventFlagsClear
 .text.osEventFlagsWait
                0x08202718       0x70 ./gecko_sdk_4.4.3/util/third_party/freertos/cmsis/Source/cmsis_os2.o
                0x08202718                osEventFlagsWait
 .text.osMutexNew
                0x08202788       0x94 ./gecko_sdk_4.4.3/util/third_party/freertos/cmsis/Source/cmsis_os2.o
                0x08202788                osMutexNew
 .text.osMutexAcquire
                0x0820281c       0x60 ./gecko_sdk_4.4.3/util/third_party/freertos/cmsis/Source/cmsis_os2.o
                0x0820281c                osMutexAcquire
 .text.osMutexRelease
                0x0820287c       0x58 ./gecko_sdk_4.4.3/util/third_party/freertos/cmsis/Source/cmsis_os2.o
                0x0820287c                osMutexRelease
 .text.vApplicationGetIdleTaskMemory
                0x082028d4       0x18 ./gecko_sdk_4.4.3/util/third_party/freertos/cmsis/Source/cmsis_os2.o
                0x082028d4                vApplicationGetIdleTaskMemory
 .text.vApplicationGetTimerTaskMemory
                0x082028ec       0x18 ./gecko_sdk_4.4.3/util/third_party/freertos/cmsis/Source/cmsis_os2.o
                0x082028ec                vApplicationGetTimerTaskMemory
 .text.xEventGroupCreateStatic
                0x08202904       0x48 ./gecko_sdk_4.4.3/util/third_party/freertos/kernel/event_groups.o
                0x08202904                xEventGroupCreateStatic
 .text.xEventGroupCreate
                0x0820294c       0x1c ./gecko_sdk_4.4.3/util/third_party/freertos/kernel/event_groups.o
                0x0820294c                xEventGroupCreate
 .text.xEventGroupWaitBits
                0x08202968      0x130 ./gecko_sdk_4.4.3/util/third_party/freertos/kernel/event_groups.o
                0x08202968                xEventGroupWaitBits
 .text.xEventGroupClearBits
                0x08202a98       0x46 ./gecko_sdk_4.4.3/util/third_party/freertos/kernel/event_groups.o
                0x08202a98                xEventGroupClearBits
 .text.vEventGroupClearBitsCallback
                0x08202ade        0x4 ./gecko_sdk_4.4.3/util/third_party/freertos/kernel/event_groups.o
                0x08202ade                vEventGroupClearBitsCallback
 *fill*         0x08202ae2        0x2 
 .text.xEventGroupClearBitsFromISR
                0x08202ae4       0x10 ./gecko_sdk_4.4.3/util/third_party/freertos/kernel/event_groups.o
                0x08202ae4                xEventGroupClearBitsFromISR
 .text.xEventGroupGetBitsFromISR
                0x08202af4       0x1c ./gecko_sdk_4.4.3/util/third_party/freertos/kernel/event_groups.o
                0x08202af4                xEventGroupGetBitsFromISR
 .text.xEventGroupSetBits
                0x08202b10       0x88 ./gecko_sdk_4.4.3/util/third_party/freertos/kernel/event_groups.o
                0x08202b10                xEventGroupSetBits
 .text.vEventGroupSetBitsCallback
                0x08202b98        0x4 ./gecko_sdk_4.4.3/util/third_party/freertos/kernel/event_groups.o
                0x08202b98                vEventGroupSetBitsCallback
 .text.xEventGroupSetBitsFromISR
                0x08202b9c       0x10 ./gecko_sdk_4.4.3/util/third_party/freertos/kernel/event_groups.o
                0x08202b9c                xEventGroupSetBitsFromISR
 .text.vListInitialise
                0x08202bac       0x16 ./gecko_sdk_4.4.3/util/third_party/freertos/kernel/list.o
                0x08202bac                vListInitialise
 .text.vListInitialiseItem
                0x08202bc2        0x6 ./gecko_sdk_4.4.3/util/third_party/freertos/kernel/list.o
                0x08202bc2                vListInitialiseItem
 .text.vListInsertEnd
                0x08202bc8       0x16 ./gecko_sdk_4.4.3/util/third_party/freertos/kernel/list.o
                0x08202bc8                vListInsertEnd
 .text.vListInsert
                0x08202bde       0x2e ./gecko_sdk_4.4.3/util/third_party/freertos/kernel/list.o
                0x08202bde                vListInsert
 .text.uxListRemove
                0x08202c0c       0x20 ./gecko_sdk_4.4.3/util/third_party/freertos/kernel/list.o
                0x08202c0c                uxListRemove
 .text.prvIsQueueEmpty
                0x08202c2c       0x16 ./gecko_sdk_4.4.3/util/third_party/freertos/kernel/queue.o
 .text.prvCopyDataToQueue
                0x08202c42       0x66 ./gecko_sdk_4.4.3/util/third_party/freertos/kernel/queue.o
 .text.prvCopyDataFromQueue
                0x08202ca8       0x2c ./gecko_sdk_4.4.3/util/third_party/freertos/kernel/queue.o
 .text.prvUnlockQueue
                0x08202cd4       0x70 ./gecko_sdk_4.4.3/util/third_party/freertos/kernel/queue.o
 .text.xQueueGenericReset
                0x08202d44       0x7e ./gecko_sdk_4.4.3/util/third_party/freertos/kernel/queue.o
                0x08202d44                xQueueGenericReset
 .text.xQueueGenericCreate.part.0
                0x08202dc2       0x7a ./gecko_sdk_4.4.3/util/third_party/freertos/kernel/queue.o
 .text.xQueueGenericCreateStatic
                0x08202e3c       0xa6 ./gecko_sdk_4.4.3/util/third_party/freertos/kernel/queue.o
                0x08202e3c                xQueueGenericCreateStatic
 .text.xQueueGenericCreate
                0x08202ee2       0x18 ./gecko_sdk_4.4.3/util/third_party/freertos/kernel/queue.o
                0x08202ee2                xQueueGenericCreate
 .text.xQueueGenericSend
                0x08202efa      0x178 ./gecko_sdk_4.4.3/util/third_party/freertos/kernel/queue.o
                0x08202efa                xQueueGenericSend
 .text.xQueueCreateMutexStatic
                0x08203072       0x2a ./gecko_sdk_4.4.3/util/third_party/freertos/kernel/queue.o
                0x08203072                xQueueCreateMutexStatic
 .text.xQueueGiveMutexRecursive
                0x0820309c       0x3e ./gecko_sdk_4.4.3/util/third_party/freertos/kernel/queue.o
                0x0820309c                xQueueGiveMutexRecursive
 .text.xQueueCreateMutex
                0x082030da       0x24 ./gecko_sdk_4.4.3/util/third_party/freertos/kernel/queue.o
                0x082030da                xQueueCreateMutex
 .text.xQueueGenericSendFromISR
                0x082030fe       0xd0 ./gecko_sdk_4.4.3/util/third_party/freertos/kernel/queue.o
                0x082030fe                xQueueGenericSendFromISR
 .text.xQueueReceive
                0x082031ce      0x13e ./gecko_sdk_4.4.3/util/third_party/freertos/kernel/queue.o
                0x082031ce                xQueueReceive
 .text.xQueueSemaphoreTake
                0x0820330c      0x17a ./gecko_sdk_4.4.3/util/third_party/freertos/kernel/queue.o
                0x0820330c                xQueueSemaphoreTake
 .text.xQueueTakeMutexRecursive
                0x08203486       0x42 ./gecko_sdk_4.4.3/util/third_party/freertos/kernel/queue.o
                0x08203486                xQueueTakeMutexRecursive
 .text.vQueueAddToRegistry
                0x082034c8       0x24 ./gecko_sdk_4.4.3/util/third_party/freertos/kernel/queue.o
                0x082034c8                vQueueAddToRegistry
 .text.vQueueWaitForMessageRestricted
                0x082034ec       0x46 ./gecko_sdk_4.4.3/util/third_party/freertos/kernel/queue.o
                0x082034ec                vQueueWaitForMessageRestricted
 *fill*         0x08203532        0x2 
 .text.prvAddNewTaskToReadyList
                0x08203534      0x100 ./gecko_sdk_4.4.3/util/third_party/freertos/kernel/tasks.o
 .text.prvAddCurrentTaskToDelayedList
                0x08203634       0x78 ./gecko_sdk_4.4.3/util/third_party/freertos/kernel/tasks.o
 .text.prvResetNextTaskUnblockTime
                0x082036ac       0x24 ./gecko_sdk_4.4.3/util/third_party/freertos/kernel/tasks.o
 .text.prvDeleteTCB
                0x082036d0       0x36 ./gecko_sdk_4.4.3/util/third_party/freertos/kernel/tasks.o
 *fill*         0x08203706        0x2 
 .text.prvIdleTask
                0x08203708       0x60 ./gecko_sdk_4.4.3/util/third_party/freertos/kernel/tasks.o
 .text.prvInitialiseNewTask.constprop.0
                0x08203768       0xb0 ./gecko_sdk_4.4.3/util/third_party/freertos/kernel/tasks.o
 .text.xTaskCreateStatic
                0x08203818       0x70 ./gecko_sdk_4.4.3/util/third_party/freertos/kernel/tasks.o
                0x08203818                xTaskCreateStatic
 .text.xTaskCreate
                0x08203888       0x5c ./gecko_sdk_4.4.3/util/third_party/freertos/kernel/tasks.o
                0x08203888                xTaskCreate
 .text.vTaskStartScheduler
                0x082038e4       0x90 ./gecko_sdk_4.4.3/util/third_party/freertos/kernel/tasks.o
                0x082038e4                vTaskStartScheduler
 .text.vTaskSuspendAll
                0x08203974       0x10 ./gecko_sdk_4.4.3/util/third_party/freertos/kernel/tasks.o
                0x08203974                vTaskSuspendAll
 .text.xTaskGetTickCount
                0x08203984        0xc ./gecko_sdk_4.4.3/util/third_party/freertos/kernel/tasks.o
                0x08203984                xTaskGetTickCount
 .text.xTaskGetTickCountFromISR
                0x08203990       0x10 ./gecko_sdk_4.4.3/util/third_party/freertos/kernel/tasks.o
                0x08203990                xTaskGetTickCountFromISR
 .text.xTaskIncrementTick
                0x082039a0      0x12c ./gecko_sdk_4.4.3/util/third_party/freertos/kernel/tasks.o
                0x082039a0                xTaskIncrementTick
 .text.xTaskResumeAll
                0x08203acc       0xe8 ./gecko_sdk_4.4.3/util/third_party/freertos/kernel/tasks.o
                0x08203acc                xTaskResumeAll
 .text.vTaskDelay
                0x08203bb4       0x48 ./gecko_sdk_4.4.3/util/third_party/freertos/kernel/tasks.o
                0x08203bb4                vTaskDelay
 .text.vTaskSwitchContext
                0x08203bfc       0x88 ./gecko_sdk_4.4.3/util/third_party/freertos/kernel/tasks.o
                0x08203bfc                vTaskSwitchContext
 .text.vTaskPlaceOnEventList
                0x08203c84       0x34 ./gecko_sdk_4.4.3/util/third_party/freertos/kernel/tasks.o
                0x08203c84                vTaskPlaceOnEventList
 .text.vTaskPlaceOnUnorderedEventList
                0x08203cb8       0x58 ./gecko_sdk_4.4.3/util/third_party/freertos/kernel/tasks.o
                0x08203cb8                vTaskPlaceOnUnorderedEventList
 .text.vTaskPlaceOnEventListRestricted
                0x08203d10       0x3c ./gecko_sdk_4.4.3/util/third_party/freertos/kernel/tasks.o
                0x08203d10                vTaskPlaceOnEventListRestricted
 .text.xTaskRemoveFromEventList
                0x08203d4c       0x80 ./gecko_sdk_4.4.3/util/third_party/freertos/kernel/tasks.o
                0x08203d4c                xTaskRemoveFromEventList
 .text.vTaskRemoveFromUnorderedEventList
                0x08203dcc       0x84 ./gecko_sdk_4.4.3/util/third_party/freertos/kernel/tasks.o
                0x08203dcc                vTaskRemoveFromUnorderedEventList
 .text.vTaskInternalSetTimeOutState
                0x08203e50       0x18 ./gecko_sdk_4.4.3/util/third_party/freertos/kernel/tasks.o
                0x08203e50                vTaskInternalSetTimeOutState
 .text.xTaskCheckForTimeOut
                0x08203e68       0x90 ./gecko_sdk_4.4.3/util/third_party/freertos/kernel/tasks.o
                0x08203e68                xTaskCheckForTimeOut
 .text.vTaskMissedYield
                0x08203ef8        0xc ./gecko_sdk_4.4.3/util/third_party/freertos/kernel/tasks.o
                0x08203ef8                vTaskMissedYield
 .text.vTaskSetThreadLocalStoragePointer
                0x08203f04       0x2c ./gecko_sdk_4.4.3/util/third_party/freertos/kernel/tasks.o
                0x08203f04                vTaskSetThreadLocalStoragePointer
 .text.xTaskGetCurrentTaskHandle
                0x08203f30        0xc ./gecko_sdk_4.4.3/util/third_party/freertos/kernel/tasks.o
                0x08203f30                xTaskGetCurrentTaskHandle
 .text.xTaskGetSchedulerState
                0x08203f3c       0x20 ./gecko_sdk_4.4.3/util/third_party/freertos/kernel/tasks.o
                0x08203f3c                xTaskGetSchedulerState
 .text.xTaskPriorityInherit
                0x08203f5c       0x7c ./gecko_sdk_4.4.3/util/third_party/freertos/kernel/tasks.o
                0x08203f5c                xTaskPriorityInherit
 .text.xTaskPriorityDisinherit
                0x08203fd8       0x84 ./gecko_sdk_4.4.3/util/third_party/freertos/kernel/tasks.o
                0x08203fd8                xTaskPriorityDisinherit
 .text.vTaskPriorityDisinheritAfterTimeout
                0x0820405c       0x9c ./gecko_sdk_4.4.3/util/third_party/freertos/kernel/tasks.o
                0x0820405c                vTaskPriorityDisinheritAfterTimeout
 .text.uxTaskResetEventItemValue
                0x082040f8       0x18 ./gecko_sdk_4.4.3/util/third_party/freertos/kernel/tasks.o
                0x082040f8                uxTaskResetEventItemValue
 .text.pvTaskIncrementMutexHeldCount
                0x08204110       0x18 ./gecko_sdk_4.4.3/util/third_party/freertos/kernel/tasks.o
                0x08204110                pvTaskIncrementMutexHeldCount
 .text.prvInsertTimerInActiveList
                0x08204128       0x3c ./gecko_sdk_4.4.3/util/third_party/freertos/kernel/timers.o
 .text.prvCheckForValidListAndQueue
                0x08204164       0x68 ./gecko_sdk_4.4.3/util/third_party/freertos/kernel/timers.o
 .text.xTimerCreateTimerTask
                0x082041cc       0x64 ./gecko_sdk_4.4.3/util/third_party/freertos/kernel/timers.o
                0x082041cc                xTimerCreateTimerTask
 .text.xTimerGenericCommand
                0x08204230       0x58 ./gecko_sdk_4.4.3/util/third_party/freertos/kernel/timers.o
                0x08204230                xTimerGenericCommand
 .text.prvSampleTimeNow
                0x08204288       0xa4 ./gecko_sdk_4.4.3/util/third_party/freertos/kernel/timers.o
 .text.prvTimerTask
                0x0820432c      0x1cc ./gecko_sdk_4.4.3/util/third_party/freertos/kernel/timers.o
 .text.xTimerPendFunctionCallFromISR
                0x082044f8       0x28 ./gecko_sdk_4.4.3/util/third_party/freertos/kernel/timers.o
                0x082044f8                xTimerPendFunctionCallFromISR
 .text.prvPortStartFirstTask
                0x08204520       0x28 ./gecko_sdk_4.4.3/util/third_party/freertos/kernel/portable/GCC/ARM_CM4F/port.o
 .text.vPortEnableVFP
                0x08204548       0x14 ./gecko_sdk_4.4.3/util/third_party/freertos/kernel/portable/GCC/ARM_CM4F/port.o
 .text.prvTaskExitError
                0x0820455c       0x40 ./gecko_sdk_4.4.3/util/third_party/freertos/kernel/portable/GCC/ARM_CM4F/port.o
 .text.pxPortInitialiseStack
                0x0820459c       0x2c ./gecko_sdk_4.4.3/util/third_party/freertos/kernel/portable/GCC/ARM_CM4F/port.o
                0x0820459c                pxPortInitialiseStack
 *fill*         0x082045c8        0x8 
 .text.SVC_Handler
                0x082045d0       0x24 ./gecko_sdk_4.4.3/util/third_party/freertos/kernel/portable/GCC/ARM_CM4F/port.o
                0x082045d0                SVC_Handler
 .text.vPortEnterCritical
                0x082045f4       0x40 ./gecko_sdk_4.4.3/util/third_party/freertos/kernel/portable/GCC/ARM_CM4F/port.o
                0x082045f4                vPortEnterCritical
 .text.vPortExitCritical
                0x08204634       0x28 ./gecko_sdk_4.4.3/util/third_party/freertos/kernel/portable/GCC/ARM_CM4F/port.o
                0x08204634                vPortExitCritical
 *fill*         0x0820465c        0x4 
 .text.PendSV_Handler
                0x08204660       0x64 ./gecko_sdk_4.4.3/util/third_party/freertos/kernel/portable/GCC/ARM_CM4F/port.o
                0x08204660                PendSV_Handler
 .text.xPortSysTickHandler
                0x082046c4       0x2c ./gecko_sdk_4.4.3/util/third_party/freertos/kernel/portable/GCC/ARM_CM4F/port.o
                0x082046c4                xPortSysTickHandler
 .text.vPortSetupTimerInterrupt
                0x082046f0       0x24 ./gecko_sdk_4.4.3/util/third_party/freertos/kernel/portable/GCC/ARM_CM4F/port.o
                0x082046f0                vPortSetupTimerInterrupt
 .text.xPortStartScheduler
                0x08204714      0x10c ./gecko_sdk_4.4.3/util/third_party/freertos/kernel/portable/GCC/ARM_CM4F/port.o
                0x08204714                xPortStartScheduler
 .text.vPortValidateInterruptPriority
                0x08204820       0x5c ./gecko_sdk_4.4.3/util/third_party/freertos/kernel/portable/GCC/ARM_CM4F/port.o
                0x08204820                vPortValidateInterruptPriority
 .text.prvInsertBlockIntoFreeList
                0x0820487c       0x50 ./gecko_sdk_4.4.3/util/third_party/freertos/kernel/portable/MemMang/heap_4.o
 .text.pvPortMalloc
                0x082048cc      0x134 ./gecko_sdk_4.4.3/util/third_party/freertos/kernel/portable/MemMang/heap_4.o
                0x082048cc                pvPortMalloc
 .text.vPortFree
                0x08204a00       0x7c ./gecko_sdk_4.4.3/util/third_party/freertos/kernel/portable/MemMang/heap_4.o
                0x08204a00                vPortFree
 .text.tcpip_thread
                0x08204a7c       0xd0 ./gecko_sdk_4.4.3/util/third_party/lwip/lwip/src/api/tcpip.o
 .text.tcpip_inpkt
                0x08204b4c       0x58 ./gecko_sdk_4.4.3/util/third_party/lwip/lwip/src/api/tcpip.o
                0x08204b4c                tcpip_inpkt
 .text.tcpip_input
                0x08204ba4       0x1c ./gecko_sdk_4.4.3/util/third_party/lwip/lwip/src/api/tcpip.o
                0x08204ba4                tcpip_input
 .text.tcpip_init
                0x08204bc0       0x80 ./gecko_sdk_4.4.3/util/third_party/lwip/lwip/src/api/tcpip.o
                0x08204bc0                tcpip_init
 .text.lwip_htons
                0x08204c40        0x6 ./gecko_sdk_4.4.3/util/third_party/lwip/lwip/src/core/def.o
                0x08204c40                lwip_htons
 .text.lwip_htonl
                0x08204c46        0x4 ./gecko_sdk_4.4.3/util/third_party/lwip/lwip/src/core/def.o
                0x08204c46                lwip_htonl
 *fill*         0x08204c4a        0x2 
 .text.dns_call_found
                0x08204c4c       0x9c ./gecko_sdk_4.4.3/util/third_party/lwip/lwip/src/core/dns.o
 .text.dns_send.isra.0
                0x08204ce8      0x148 ./gecko_sdk_4.4.3/util/third_party/lwip/lwip/src/core/dns.o
 .text.dns_check_entry
                0x08204e30       0xec ./gecko_sdk_4.4.3/util/third_party/lwip/lwip/src/core/dns.o
 .text.dns_init
                0x08204f1c        0x2 ./gecko_sdk_4.4.3/util/third_party/lwip/lwip/src/core/dns.o
                0x08204f1c                dns_init
 *fill*         0x08204f1e        0x2 
 .text.dns_setserver
                0x08204f20       0x20 ./gecko_sdk_4.4.3/util/third_party/lwip/lwip/src/core/dns.o
                0x08204f20                dns_setserver
 .text.dns_tmr  0x08204f40       0x1e ./gecko_sdk_4.4.3/util/third_party/lwip/lwip/src/core/dns.o
                0x08204f40                dns_tmr
 .text.lwip_standard_chksum
                0x08204f5e       0x54 ./gecko_sdk_4.4.3/util/third_party/lwip/lwip/src/core/inet_chksum.o
                0x08204f5e                lwip_standard_chksum
 .text.inet_chksum_pseudo
                0x08204fb2       0x92 ./gecko_sdk_4.4.3/util/third_party/lwip/lwip/src/core/inet_chksum.o
                0x08204fb2                inet_chksum_pseudo
 .text.ip_chksum_pseudo
                0x08205044        0x4 ./gecko_sdk_4.4.3/util/third_party/lwip/lwip/src/core/inet_chksum.o
                0x08205044                ip_chksum_pseudo
 .text.inet_chksum
                0x08205048        0xc ./gecko_sdk_4.4.3/util/third_party/lwip/lwip/src/core/inet_chksum.o
                0x08205048                inet_chksum
 .text.inet_chksum_pbuf
                0x08205054       0x44 ./gecko_sdk_4.4.3/util/third_party/lwip/lwip/src/core/inet_chksum.o
                0x08205054                inet_chksum_pbuf
 .text.lwip_init
                0x08205098       0x26 ./gecko_sdk_4.4.3/util/third_party/lwip/lwip/src/core/init.o
                0x08205098                lwip_init
 *fill*         0x082050be        0x2 
 .text.mem_init
                0x082050c0       0x6c ./gecko_sdk_4.4.3/util/third_party/lwip/lwip/src/core/mem.o
                0x082050c0                mem_init
 .text.mem_free
                0x0820512c      0x1b0 ./gecko_sdk_4.4.3/util/third_party/lwip/lwip/src/core/mem.o
                0x0820512c                mem_free
 .text.mem_trim
                0x082052dc      0x16c ./gecko_sdk_4.4.3/util/third_party/lwip/lwip/src/core/mem.o
                0x082052dc                mem_trim
 .text.mem_malloc
                0x08205448      0x15c ./gecko_sdk_4.4.3/util/third_party/lwip/lwip/src/core/mem.o
                0x08205448                mem_malloc
 .text.do_memp_malloc_pool
                0x082055a4       0x3c ./gecko_sdk_4.4.3/util/third_party/lwip/lwip/src/core/memp.o
 .text.do_memp_free_pool
                0x082055e0       0x38 ./gecko_sdk_4.4.3/util/third_party/lwip/lwip/src/core/memp.o
 .text.memp_init_pool
                0x08205618       0x26 ./gecko_sdk_4.4.3/util/third_party/lwip/lwip/src/core/memp.o
                0x08205618                memp_init_pool
 *fill*         0x0820563e        0x2 
 .text.memp_init
                0x08205640       0x1c ./gecko_sdk_4.4.3/util/third_party/lwip/lwip/src/core/memp.o
                0x08205640                memp_init
 .text.memp_malloc
                0x0820565c       0x38 ./gecko_sdk_4.4.3/util/third_party/lwip/lwip/src/core/memp.o
                0x0820565c                memp_malloc
 .text.memp_free
                0x08205694       0x30 ./gecko_sdk_4.4.3/util/third_party/lwip/lwip/src/core/memp.o
                0x08205694                memp_free
 .text.netif_null_output_ip4
                0x082056c4        0x6 ./gecko_sdk_4.4.3/util/third_party/lwip/lwip/src/core/netif.o
 *fill*         0x082056ca        0x2 
 .text.netif_issue_reports
                0x082056cc       0x44 ./gecko_sdk_4.4.3/util/third_party/lwip/lwip/src/core/netif.o
 .text.netif_do_set_ipaddr.isra.0
                0x08205710       0x34 ./gecko_sdk_4.4.3/util/third_party/lwip/lwip/src/core/netif.o
 .text.netif_init
                0x08205744        0x2 ./gecko_sdk_4.4.3/util/third_party/lwip/lwip/src/core/netif.o
                0x08205744                netif_init
 *fill*         0x08205746        0x2 
 .text.netif_set_addr
                0x08205748       0x58 ./gecko_sdk_4.4.3/util/third_party/lwip/lwip/src/core/netif.o
                0x08205748                netif_set_addr
 .text.netif_add
                0x082057a0      0x11c ./gecko_sdk_4.4.3/util/third_party/lwip/lwip/src/core/netif.o
                0x082057a0                netif_add
 .text.netif_set_default
                0x082058bc        0xc ./gecko_sdk_4.4.3/util/third_party/lwip/lwip/src/core/netif.o
                0x082058bc                netif_set_default
 .text.netif_set_up
                0x082058c8       0x34 ./gecko_sdk_4.4.3/util/third_party/lwip/lwip/src/core/netif.o
                0x082058c8                netif_set_up
 .text.netif_get_by_index
                0x082058fc       0x24 ./gecko_sdk_4.4.3/util/third_party/lwip/lwip/src/core/netif.o
                0x082058fc                netif_get_by_index
 .text.pbuf_skip_const
                0x08205920       0x16 ./gecko_sdk_4.4.3/util/third_party/lwip/lwip/src/core/pbuf.o
 *fill*         0x08205936        0x2 
 .text.pbuf_add_header_impl
                0x08205938       0x68 ./gecko_sdk_4.4.3/util/third_party/lwip/lwip/src/core/pbuf.o
 .text.pbuf_alloc_reference
                0x082059a0       0x48 ./gecko_sdk_4.4.3/util/third_party/lwip/lwip/src/core/pbuf.o
                0x082059a0                pbuf_alloc_reference
 .text.pbuf_add_header
                0x082059e8        0x6 ./gecko_sdk_4.4.3/util/third_party/lwip/lwip/src/core/pbuf.o
                0x082059e8                pbuf_add_header
 *fill*         0x082059ee        0x2 
 .text.pbuf_remove_header
                0x082059f0       0x58 ./gecko_sdk_4.4.3/util/third_party/lwip/lwip/src/core/pbuf.o
                0x082059f0                pbuf_remove_header
 .text.pbuf_header_force
                0x08205a48       0x10 ./gecko_sdk_4.4.3/util/third_party/lwip/lwip/src/core/pbuf.o
                0x08205a48                pbuf_header_force
 .text.pbuf_free
                0x08205a58       0xb0 ./gecko_sdk_4.4.3/util/third_party/lwip/lwip/src/core/pbuf.o
                0x08205a58                pbuf_free
 .text.pbuf_alloc
                0x08205b08       0xf4 ./gecko_sdk_4.4.3/util/third_party/lwip/lwip/src/core/pbuf.o
                0x08205b08                pbuf_alloc
 .text.pbuf_realloc
                0x08205bfc       0xac ./gecko_sdk_4.4.3/util/third_party/lwip/lwip/src/core/pbuf.o
                0x08205bfc                pbuf_realloc
 .text.pbuf_clen
                0x08205ca8       0x10 ./gecko_sdk_4.4.3/util/third_party/lwip/lwip/src/core/pbuf.o
                0x08205ca8                pbuf_clen
 .text.pbuf_ref
                0x08205cb8       0x38 ./gecko_sdk_4.4.3/util/third_party/lwip/lwip/src/core/pbuf.o
                0x08205cb8                pbuf_ref
 .text.pbuf_cat
                0x08205cf0       0x74 ./gecko_sdk_4.4.3/util/third_party/lwip/lwip/src/core/pbuf.o
                0x08205cf0                pbuf_cat
 .text.pbuf_chain
                0x08205d64       0x12 ./gecko_sdk_4.4.3/util/third_party/lwip/lwip/src/core/pbuf.o
                0x08205d64                pbuf_chain
 *fill*         0x08205d76        0x2 
 .text.pbuf_copy
                0x08205d78      0x130 ./gecko_sdk_4.4.3/util/third_party/lwip/lwip/src/core/pbuf.o
                0x08205d78                pbuf_copy
 .text.pbuf_copy_partial
                0x08205ea8       0x84 ./gecko_sdk_4.4.3/util/third_party/lwip/lwip/src/core/pbuf.o
                0x08205ea8                pbuf_copy_partial
 .text.pbuf_take
                0x08205f2c       0xc0 ./gecko_sdk_4.4.3/util/third_party/lwip/lwip/src/core/pbuf.o
                0x08205f2c                pbuf_take
 .text.pbuf_take_at
                0x08205fec       0x80 ./gecko_sdk_4.4.3/util/third_party/lwip/lwip/src/core/pbuf.o
                0x08205fec                pbuf_take_at
 .text.pbuf_clone
                0x0820606c       0x38 ./gecko_sdk_4.4.3/util/third_party/lwip/lwip/src/core/pbuf.o
                0x0820606c                pbuf_clone
 .text.pbuf_put_at
                0x082060a4       0x20 ./gecko_sdk_4.4.3/util/third_party/lwip/lwip/src/core/pbuf.o
                0x082060a4                pbuf_put_at
 .text.tcp_close_shutdown_fin
                0x082060c4       0x60 ./gecko_sdk_4.4.3/util/third_party/lwip/lwip/src/core/tcp.o
 .text.tcp_init
                0x08206124       0x18 ./gecko_sdk_4.4.3/util/third_party/lwip/lwip/src/core/tcp.o
                0x08206124                tcp_init
 .text.tcp_free
                0x0820613c       0x30 ./gecko_sdk_4.4.3/util/third_party/lwip/lwip/src/core/tcp.o
                0x0820613c                tcp_free
 .text.tcp_update_rcv_ann_wnd
                0x0820616c       0x6c ./gecko_sdk_4.4.3/util/third_party/lwip/lwip/src/core/tcp.o
                0x0820616c                tcp_update_rcv_ann_wnd
 .text.tcp_recved
                0x082061d8       0x7c ./gecko_sdk_4.4.3/util/third_party/lwip/lwip/src/core/tcp.o
                0x082061d8                tcp_recved
 .text.tcp_seg_free
                0x08206254       0x1c ./gecko_sdk_4.4.3/util/third_party/lwip/lwip/src/core/tcp.o
                0x08206254                tcp_seg_free
 .text.tcp_segs_free
                0x08206270       0x10 ./gecko_sdk_4.4.3/util/third_party/lwip/lwip/src/core/tcp.o
                0x08206270                tcp_segs_free
 .text.tcp_pcb_purge
                0x08206280       0x58 ./gecko_sdk_4.4.3/util/third_party/lwip/lwip/src/core/tcp.o
                0x08206280                tcp_pcb_purge
 .text.tcp_slowtmr
                0x082062d8      0x40c ./gecko_sdk_4.4.3/util/third_party/lwip/lwip/src/core/tcp.o
                0x082062d8                tcp_slowtmr
 .text.tcp_pcb_remove
                0x082066e4       0xb8 ./gecko_sdk_4.4.3/util/third_party/lwip/lwip/src/core/tcp.o
                0x082066e4                tcp_pcb_remove
 .text.tcp_close_shutdown
                0x0820679c      0x164 ./gecko_sdk_4.4.3/util/third_party/lwip/lwip/src/core/tcp.o
 .text.tcp_close
                0x08206900       0x3c ./gecko_sdk_4.4.3/util/third_party/lwip/lwip/src/core/tcp.o
                0x08206900                tcp_close
 .text.tcp_recv_null
                0x0820693c       0x48 ./gecko_sdk_4.4.3/util/third_party/lwip/lwip/src/core/tcp.o
                0x0820693c                tcp_recv_null
 .text.tcp_process_refused_data
                0x08206984       0x8c ./gecko_sdk_4.4.3/util/third_party/lwip/lwip/src/core/tcp.o
                0x08206984                tcp_process_refused_data
 .text.tcp_fasttmr
                0x08206a10       0x80 ./gecko_sdk_4.4.3/util/third_party/lwip/lwip/src/core/tcp.o
                0x08206a10                tcp_fasttmr
 .text.tcp_tmr  0x08206a90       0x24 ./gecko_sdk_4.4.3/util/third_party/lwip/lwip/src/core/tcp.o
                0x08206a90                tcp_tmr
 .text.tcp_abandon
                0x08206ab4      0x110 ./gecko_sdk_4.4.3/util/third_party/lwip/lwip/src/core/tcp.o
                0x08206ab4                tcp_abandon
 .text.tcp_abort
                0x08206bc4        0x6 ./gecko_sdk_4.4.3/util/third_party/lwip/lwip/src/core/tcp.o
                0x08206bc4                tcp_abort
 *fill*         0x08206bca        0x2 
 .text.tcp_netif_ip_addr_changed_pcblist
                0x08206bcc       0x3c ./gecko_sdk_4.4.3/util/third_party/lwip/lwip/src/core/tcp.o
 .text.tcp_kill_state
                0x08206c08       0x3c ./gecko_sdk_4.4.3/util/third_party/lwip/lwip/src/core/tcp.o
 .text.tcp_alloc
                0x08206c44      0x134 ./gecko_sdk_4.4.3/util/third_party/lwip/lwip/src/core/tcp.o
                0x08206c44                tcp_alloc
 .text.tcp_next_iss
                0x08206d78       0x34 ./gecko_sdk_4.4.3/util/third_party/lwip/lwip/src/core/tcp.o
                0x08206d78                tcp_next_iss
 .text.tcp_eff_send_mss_netif
                0x08206dac       0x3c ./gecko_sdk_4.4.3/util/third_party/lwip/lwip/src/core/tcp.o
                0x08206dac                tcp_eff_send_mss_netif
 .text.tcp_netif_ip_addr_changed
                0x08206de8       0x48 ./gecko_sdk_4.4.3/util/third_party/lwip/lwip/src/core/tcp.o
                0x08206de8                tcp_netif_ip_addr_changed
 .text.tcp_get_next_optbyte
                0x08206e30       0x38 ./gecko_sdk_4.4.3/util/third_party/lwip/lwip/src/core/tcp_in.o
 .text.tcp_parseopt
                0x08206e68       0x94 ./gecko_sdk_4.4.3/util/third_party/lwip/lwip/src/core/tcp_in.o
 .text.tcp_input_delayed_close
                0x08206efc       0x3c ./gecko_sdk_4.4.3/util/third_party/lwip/lwip/src/core/tcp_in.o
 .text.tcp_free_acked_segments.constprop.0
                0x08206f38       0xc0 ./gecko_sdk_4.4.3/util/third_party/lwip/lwip/src/core/tcp_in.o
 .text.tcp_receive
                0x08206ff8      0x4d0 ./gecko_sdk_4.4.3/util/third_party/lwip/lwip/src/core/tcp_in.o
 .text.tcp_input
                0x082074c8      0xb10 ./gecko_sdk_4.4.3/util/third_party/lwip/lwip/src/core/tcp_in.o
                0x082074c8                tcp_input
 .text.tcp_trigger_input_pcb_close
                0x08207fd8       0x10 ./gecko_sdk_4.4.3/util/third_party/lwip/lwip/src/core/tcp_in.o
                0x08207fd8                tcp_trigger_input_pcb_close
 .text.tcp_output_segment_busy
                0x08207fe8       0x2c ./gecko_sdk_4.4.3/util/third_party/lwip/lwip/src/core/tcp_out.o
 .text.tcp_create_segment
                0x08208014       0xdc ./gecko_sdk_4.4.3/util/third_party/lwip/lwip/src/core/tcp_out.o
 .text.tcp_output_alloc_header_common.constprop.0
                0x082080f0       0x84 ./gecko_sdk_4.4.3/util/third_party/lwip/lwip/src/core/tcp_out.o
 .text.tcp_output_alloc_header.constprop.0
                0x08208174       0x4c ./gecko_sdk_4.4.3/util/third_party/lwip/lwip/src/core/tcp_out.o
 .text.tcp_output_fill_options.constprop.0
                0x082081c0       0x20 ./gecko_sdk_4.4.3/util/third_party/lwip/lwip/src/core/tcp_out.o
 .text.tcp_output_control_segment
                0x082081e0       0x88 ./gecko_sdk_4.4.3/util/third_party/lwip/lwip/src/core/tcp_out.o
 .text.tcp_split_unsent_seg
                0x08208268      0x194 ./gecko_sdk_4.4.3/util/third_party/lwip/lwip/src/core/tcp_out.o
                0x08208268                tcp_split_unsent_seg
 .text.tcp_enqueue_flags
                0x082083fc      0x12c ./gecko_sdk_4.4.3/util/third_party/lwip/lwip/src/core/tcp_out.o
                0x082083fc                tcp_enqueue_flags
 .text.tcp_send_fin
                0x08208528       0x60 ./gecko_sdk_4.4.3/util/third_party/lwip/lwip/src/core/tcp_out.o
                0x08208528                tcp_send_fin
 .text.tcp_rexmit_rto_prepare
                0x08208588       0x88 ./gecko_sdk_4.4.3/util/third_party/lwip/lwip/src/core/tcp_out.o
                0x08208588                tcp_rexmit_rto_prepare
 .text.tcp_rexmit
                0x08208610       0x84 ./gecko_sdk_4.4.3/util/third_party/lwip/lwip/src/core/tcp_out.o
                0x08208610                tcp_rexmit
 .text.tcp_rexmit_fast
                0x08208694       0x68 ./gecko_sdk_4.4.3/util/third_party/lwip/lwip/src/core/tcp_out.o
                0x08208694                tcp_rexmit_fast
 .text.tcp_rst  0x082086fc       0x8c ./gecko_sdk_4.4.3/util/third_party/lwip/lwip/src/core/tcp_out.o
                0x082086fc                tcp_rst
 .text.tcp_send_empty_ack
                0x08208788       0x64 ./gecko_sdk_4.4.3/util/third_party/lwip/lwip/src/core/tcp_out.o
                0x08208788                tcp_send_empty_ack
 .text.tcp_output
                0x082087ec      0x364 ./gecko_sdk_4.4.3/util/third_party/lwip/lwip/src/core/tcp_out.o
                0x082087ec                tcp_output
 .text.tcp_rexmit_rto_commit
                0x08208b50       0x38 ./gecko_sdk_4.4.3/util/third_party/lwip/lwip/src/core/tcp_out.o
                0x08208b50                tcp_rexmit_rto_commit
 .text.tcp_rexmit_rto
                0x08208b88       0x34 ./gecko_sdk_4.4.3/util/third_party/lwip/lwip/src/core/tcp_out.o
                0x08208b88                tcp_rexmit_rto
 .text.tcp_keepalive
                0x08208bbc       0x50 ./gecko_sdk_4.4.3/util/third_party/lwip/lwip/src/core/tcp_out.o
                0x08208bbc                tcp_keepalive
 .text.tcp_zero_window_probe
                0x08208c0c       0xc8 ./gecko_sdk_4.4.3/util/third_party/lwip/lwip/src/core/tcp_out.o
                0x08208c0c                tcp_zero_window_probe
 .text.sys_timeout_abs
                0x08208cd4       0x64 ./gecko_sdk_4.4.3/util/third_party/lwip/lwip/src/core/timeouts.o
 .text.lwip_cyclic_timer
                0x08208d38       0x34 ./gecko_sdk_4.4.3/util/third_party/lwip/lwip/src/core/timeouts.o
                0x08208d38                lwip_cyclic_timer
 .text.sys_timeout
                0x08208d6c       0x3c ./gecko_sdk_4.4.3/util/third_party/lwip/lwip/src/core/timeouts.o
                0x08208d6c                sys_timeout
 .text.tcp_timer_needed
                0x08208da8       0x34 ./gecko_sdk_4.4.3/util/third_party/lwip/lwip/src/core/timeouts.o
                0x08208da8                tcp_timer_needed
 .text.tcpip_tcp_timer
                0x08208ddc       0x38 ./gecko_sdk_4.4.3/util/third_party/lwip/lwip/src/core/timeouts.o
 .text.sys_timeouts_init
                0x08208e14       0x24 ./gecko_sdk_4.4.3/util/third_party/lwip/lwip/src/core/timeouts.o
                0x08208e14                sys_timeouts_init
 .text.sys_check_timeouts
                0x08208e38       0x44 ./gecko_sdk_4.4.3/util/third_party/lwip/lwip/src/core/timeouts.o
                0x08208e38                sys_check_timeouts
 .text.sys_timeouts_sleeptime
                0x08208e7c       0x24 ./gecko_sdk_4.4.3/util/third_party/lwip/lwip/src/core/timeouts.o
                0x08208e7c                sys_timeouts_sleeptime
 .text.udp_init
                0x08208ea0       0x18 ./gecko_sdk_4.4.3/util/third_party/lwip/lwip/src/core/udp.o
                0x08208ea0                udp_init
 .text.udp_input
                0x08208eb8      0x1d4 ./gecko_sdk_4.4.3/util/third_party/lwip/lwip/src/core/udp.o
                0x08208eb8                udp_input
 .text.udp_bind
                0x0820908c       0xd8 ./gecko_sdk_4.4.3/util/third_party/lwip/lwip/src/core/udp.o
                0x0820908c                udp_bind
 .text.udp_sendto_if_src
                0x08209164      0x150 ./gecko_sdk_4.4.3/util/third_party/lwip/lwip/src/core/udp.o
                0x08209164                udp_sendto_if_src
 .text.udp_sendto_if
                0x082092b4       0x80 ./gecko_sdk_4.4.3/util/third_party/lwip/lwip/src/core/udp.o
                0x082092b4                udp_sendto_if
 .text.udp_sendto
                0x08209334       0x78 ./gecko_sdk_4.4.3/util/third_party/lwip/lwip/src/core/udp.o
                0x08209334                udp_sendto
 .text.udp_connect
                0x082093ac       0x74 ./gecko_sdk_4.4.3/util/third_party/lwip/lwip/src/core/udp.o
                0x082093ac                udp_connect
 .text.udp_recv
                0x08209420       0x24 ./gecko_sdk_4.4.3/util/third_party/lwip/lwip/src/core/udp.o
                0x08209420                udp_recv
 .text.udp_remove
                0x08209444       0x4c ./gecko_sdk_4.4.3/util/third_party/lwip/lwip/src/core/udp.o
                0x08209444                udp_remove
 .text.udp_new  0x08209490       0x1c ./gecko_sdk_4.4.3/util/third_party/lwip/lwip/src/core/udp.o
                0x08209490                udp_new
 .text.udp_netif_ip_addr_changed
                0x082094ac       0x2c ./gecko_sdk_4.4.3/util/third_party/lwip/lwip/src/core/udp.o
                0x082094ac                udp_netif_ip_addr_changed
 .text.dhcp_set_state
                0x082094d8       0x10 ./gecko_sdk_4.4.3/util/third_party/lwip/lwip/src/core/ipv4/dhcp.o
 .text.dhcp_option_short
                0x082094e8       0x38 ./gecko_sdk_4.4.3/util/third_party/lwip/lwip/src/core/ipv4/dhcp.o
 .text.dhcp_option
                0x08209520       0x3c ./gecko_sdk_4.4.3/util/third_party/lwip/lwip/src/core/ipv4/dhcp.o
 .text.dhcp_option_byte
                0x0820955c       0x30 ./gecko_sdk_4.4.3/util/third_party/lwip/lwip/src/core/ipv4/dhcp.o
 .text.dhcp_option_long
                0x0820958c       0x48 ./gecko_sdk_4.4.3/util/third_party/lwip/lwip/src/core/ipv4/dhcp.o
 .text.dhcp_create_msg
                0x082095d4      0x118 ./gecko_sdk_4.4.3/util/third_party/lwip/lwip/src/core/ipv4/dhcp.o
 .text.dhcp_option_trailer
                0x082096ec       0x40 ./gecko_sdk_4.4.3/util/third_party/lwip/lwip/src/core/ipv4/dhcp.o
 .text.dhcp_discover
                0x0820972c       0xe4 ./gecko_sdk_4.4.3/util/third_party/lwip/lwip/src/core/ipv4/dhcp.o
 .text.dhcp_check
                0x08209810       0x2a ./gecko_sdk_4.4.3/util/third_party/lwip/lwip/src/core/ipv4/dhcp.o
 *fill*         0x0820983a        0x2 
 .text.dhcp_bind
                0x0820983c      0x108 ./gecko_sdk_4.4.3/util/third_party/lwip/lwip/src/core/ipv4/dhcp.o
 .text.dhcp_inc_pcb_refcount
                0x08209944       0x74 ./gecko_sdk_4.4.3/util/third_party/lwip/lwip/src/core/ipv4/dhcp.o
 .text.dhcp_dec_pcb_refcount
                0x082099b8       0x40 ./gecko_sdk_4.4.3/util/third_party/lwip/lwip/src/core/ipv4/dhcp.o
 .text.dhcp_reboot.isra.0
                0x082099f8       0xf8 ./gecko_sdk_4.4.3/util/third_party/lwip/lwip/src/core/ipv4/dhcp.o
 .text.dhcp_handle_ack.isra.0
                0x08209af0       0x98 ./gecko_sdk_4.4.3/util/third_party/lwip/lwip/src/core/ipv4/dhcp.o
 .text.dhcp_select.isra.0
                0x08209b88      0x150 ./gecko_sdk_4.4.3/util/third_party/lwip/lwip/src/core/ipv4/dhcp.o
 .text.dhcp_recv
                0x08209cd8      0x470 ./gecko_sdk_4.4.3/util/third_party/lwip/lwip/src/core/ipv4/dhcp.o
 .text.dhcp_arp_reply
                0x0820a148       0xbc ./gecko_sdk_4.4.3/util/third_party/lwip/lwip/src/core/ipv4/dhcp.o
                0x0820a148                dhcp_arp_reply
 .text.dhcp_renew
                0x0820a204       0xdc ./gecko_sdk_4.4.3/util/third_party/lwip/lwip/src/core/ipv4/dhcp.o
                0x0820a204                dhcp_renew
 .text.dhcp_supplied_address
                0x0820a2e0       0x1e ./gecko_sdk_4.4.3/util/third_party/lwip/lwip/src/core/ipv4/dhcp.o
                0x0820a2e0                dhcp_supplied_address
 *fill*         0x0820a2fe        0x2 
 .text.dhcp_release_and_stop
                0x0820a300       0xb4 ./gecko_sdk_4.4.3/util/third_party/lwip/lwip/src/core/ipv4/dhcp.o
                0x0820a300                dhcp_release_and_stop
 .text.dhcp_start
                0x0820a3b4       0xa8 ./gecko_sdk_4.4.3/util/third_party/lwip/lwip/src/core/ipv4/dhcp.o
                0x0820a3b4                dhcp_start
 .text.dhcp_coarse_tmr
                0x0820a45c      0x164 ./gecko_sdk_4.4.3/util/third_party/lwip/lwip/src/core/ipv4/dhcp.o
                0x0820a45c                dhcp_coarse_tmr
 .text.dhcp_fine_tmr
                0x0820a5c0       0x9c ./gecko_sdk_4.4.3/util/third_party/lwip/lwip/src/core/ipv4/dhcp.o
                0x0820a5c0                dhcp_fine_tmr
 .text.etharp_free_entry
                0x0820a65c       0x28 ./gecko_sdk_4.4.3/util/third_party/lwip/lwip/src/core/ipv4/etharp.o
 .text.etharp_find_entry
                0x0820a684      0x12c ./gecko_sdk_4.4.3/util/third_party/lwip/lwip/src/core/ipv4/etharp.o
 .text.etharp_update_arp_entry
                0x0820a7b0       0xcc ./gecko_sdk_4.4.3/util/third_party/lwip/lwip/src/core/ipv4/etharp.o
 .text.etharp_raw
                0x0820a87c       0xdc ./gecko_sdk_4.4.3/util/third_party/lwip/lwip/src/core/ipv4/etharp.o
 .text.etharp_input
                0x0820a958       0xc8 ./gecko_sdk_4.4.3/util/third_party/lwip/lwip/src/core/ipv4/etharp.o
                0x0820a958                etharp_input
 .text.etharp_request
                0x0820aa20       0x2c ./gecko_sdk_4.4.3/util/third_party/lwip/lwip/src/core/ipv4/etharp.o
                0x0820aa20                etharp_request
 .text.etharp_tmr
                0x0820aa4c       0x58 ./gecko_sdk_4.4.3/util/third_party/lwip/lwip/src/core/ipv4/etharp.o
                0x0820aa4c                etharp_tmr
 .text.etharp_output_to_arp_index
                0x0820aaa4       0xac ./gecko_sdk_4.4.3/util/third_party/lwip/lwip/src/core/ipv4/etharp.o
 .text.etharp_query
                0x0820ab50      0x148 ./gecko_sdk_4.4.3/util/third_party/lwip/lwip/src/core/ipv4/etharp.o
                0x0820ab50                etharp_query
 .text.etharp_output
                0x0820ac98      0x138 ./gecko_sdk_4.4.3/util/third_party/lwip/lwip/src/core/ipv4/etharp.o
                0x0820ac98                etharp_output
 .text.icmp_send_response
                0x0820add0       0xa0 ./gecko_sdk_4.4.3/util/third_party/lwip/lwip/src/core/ipv4/icmp.o
 .text.icmp_input
                0x0820ae70      0x170 ./gecko_sdk_4.4.3/util/third_party/lwip/lwip/src/core/ipv4/icmp.o
                0x0820ae70                icmp_input
 .text.icmp_dest_unreach
                0x0820afe0        0x8 ./gecko_sdk_4.4.3/util/third_party/lwip/lwip/src/core/ipv4/icmp.o
                0x0820afe0                icmp_dest_unreach
 .text.icmp_time_exceeded
                0x0820afe8        0x8 ./gecko_sdk_4.4.3/util/third_party/lwip/lwip/src/core/ipv4/icmp.o
                0x0820afe8                icmp_time_exceeded
 .text.ip4_input_accept
                0x0820aff0       0x34 ./gecko_sdk_4.4.3/util/third_party/lwip/lwip/src/core/ipv4/ip4.o
 .text.ip4_route
                0x0820b024       0x5c ./gecko_sdk_4.4.3/util/third_party/lwip/lwip/src/core/ipv4/ip4.o
                0x0820b024                ip4_route
 .text.ip4_input
                0x0820b080      0x1d0 ./gecko_sdk_4.4.3/util/third_party/lwip/lwip/src/core/ipv4/ip4.o
                0x0820b080                ip4_input
 .text.ip4_output_if_src
                0x0820b250      0x12c ./gecko_sdk_4.4.3/util/third_party/lwip/lwip/src/core/ipv4/ip4.o
                0x0820b250                ip4_output_if_src
 .text.ip4_output_if
                0x0820b37c       0x22 ./gecko_sdk_4.4.3/util/third_party/lwip/lwip/src/core/ipv4/ip4.o
                0x0820b37c                ip4_output_if
 .text.ip4_addr_isbroadcast_u32
                0x0820b39e       0x36 ./gecko_sdk_4.4.3/util/third_party/lwip/lwip/src/core/ipv4/ip4_addr.o
                0x0820b39e                ip4_addr_isbroadcast_u32
 .text.ip_reass_dequeue_datagram
                0x0820b3d4       0x44 ./gecko_sdk_4.4.3/util/third_party/lwip/lwip/src/core/ipv4/ip4_frag.o
 .text.ip_reass_free_complete_datagram
                0x0820b418       0xe8 ./gecko_sdk_4.4.3/util/third_party/lwip/lwip/src/core/ipv4/ip4_frag.o
 .text.ip_reass_remove_oldest_datagram
                0x0820b500       0x78 ./gecko_sdk_4.4.3/util/third_party/lwip/lwip/src/core/ipv4/ip4_frag.o
 .text.ip_reass_tmr
                0x0820b578       0x2c ./gecko_sdk_4.4.3/util/third_party/lwip/lwip/src/core/ipv4/ip4_frag.o
                0x0820b578                ip_reass_tmr
 .text.ip4_reass
                0x0820b5a4      0x410 ./gecko_sdk_4.4.3/util/third_party/lwip/lwip/src/core/ipv4/ip4_frag.o
                0x0820b5a4                ip4_reass
 .text.ip4_frag
                0x0820b9b4      0x164 ./gecko_sdk_4.4.3/util/third_party/lwip/lwip/src/core/ipv4/ip4_frag.o
                0x0820b9b4                ip4_frag
 .text.ethernet_input
                0x0820bb18       0xa0 ./gecko_sdk_4.4.3/util/third_party/lwip/lwip/src/netif/ethernet.o
                0x0820bb18                ethernet_input
 .text.ethernet_output
                0x0820bbb8       0x70 ./gecko_sdk_4.4.3/util/third_party/lwip/lwip/src/netif/ethernet.o
                0x0820bbb8                ethernet_output
 .text.sys_init
                0x0820bc28        0x2 ./gecko_sdk_4.4.3/util/third_party/lwip/lwip-contrib/ports/freertos/sys_arch.o
                0x0820bc28                sys_init
 .text.sys_now  0x0820bc2a        0x4 ./gecko_sdk_4.4.3/util/third_party/lwip/lwip-contrib/ports/freertos/sys_arch.o
                0x0820bc2a                sys_now
 .text.sys_arch_protect
                0x0820bc2e        0xa ./gecko_sdk_4.4.3/util/third_party/lwip/lwip-contrib/ports/freertos/sys_arch.o
                0x0820bc2e                sys_arch_protect
 .text.sys_arch_unprotect
                0x0820bc38        0x4 ./gecko_sdk_4.4.3/util/third_party/lwip/lwip-contrib/ports/freertos/sys_arch.o
                0x0820bc38                sys_arch_unprotect
 .text.sys_mutex_new
                0x0820bc3c       0x30 ./gecko_sdk_4.4.3/util/third_party/lwip/lwip-contrib/ports/freertos/sys_arch.o
                0x0820bc3c                sys_mutex_new
 .text.sys_mutex_lock
                0x0820bc6c       0x58 ./gecko_sdk_4.4.3/util/third_party/lwip/lwip-contrib/ports/freertos/sys_arch.o
                0x0820bc6c                sys_mutex_lock
 .text.sys_mutex_unlock
                0x0820bcc4       0x54 ./gecko_sdk_4.4.3/util/third_party/lwip/lwip-contrib/ports/freertos/sys_arch.o
                0x0820bcc4                sys_mutex_unlock
 .text.sys_mbox_new
                0x0820bd18       0x50 ./gecko_sdk_4.4.3/util/third_party/lwip/lwip-contrib/ports/freertos/sys_arch.o
                0x0820bd18                sys_mbox_new
 .text.sys_mbox_trypost
                0x0820bd68       0x68 ./gecko_sdk_4.4.3/util/third_party/lwip/lwip-contrib/ports/freertos/sys_arch.o
                0x0820bd68                sys_mbox_trypost
 .text.sys_arch_mbox_fetch
                0x0820bdd0       0x88 ./gecko_sdk_4.4.3/util/third_party/lwip/lwip-contrib/ports/freertos/sys_arch.o
                0x0820bdd0                sys_arch_mbox_fetch
 .text.sys_thread_new
                0x0820be58       0x5c ./gecko_sdk_4.4.3/util/third_party/lwip/lwip-contrib/ports/freertos/sys_arch.o
                0x0820be58                sys_thread_new
 .text.RSI_Board_Init
                0x0820beb4       0x5c ./wiseconnect3_sdk_3.2.0/components/board/silabs/src/rsi_board.o
                0x0820beb4                RSI_Board_Init
 .text.print_sl_ipv4_address
                0x0820bf10       0x1c ./wiseconnect3_sdk_3.2.0/components/common/src/sl_utility.o
                0x0820bf10                print_sl_ipv4_address
 .text.little_to_big_endian
                0x0820bf2c       0x2e ./wiseconnect3_sdk_3.2.0/components/common/src/sl_utility.o
                0x0820bf2c                little_to_big_endian
 *fill*         0x0820bf5a        0x2 
 .text.sl_inet_ntop6
                0x0820bf5c      0x144 ./wiseconnect3_sdk_3.2.0/components/common/src/sl_utility.o
                0x0820bf5c                sl_inet_ntop6
 .text.print_sl_ipv6_address
                0x0820c0a0       0x2c ./wiseconnect3_sdk_3.2.0/components/common/src/sl_utility.o
                0x0820c0a0                print_sl_ipv6_address
 .text.print_sl_ip_address
                0x0820c0cc       0x16 ./wiseconnect3_sdk_3.2.0/components/common/src/sl_utility.o
                0x0820c0cc                print_sl_ip_address
 .text.sl_debug_log
                0x0820c0e2        0x6 ./wiseconnect3_sdk_3.2.0/components/common/src/sl_utility.o
                0x0820c0e2                sl_debug_log
 .text.init_ipmu_calib_data
                0x0820c0e8       0x54 ./wiseconnect3_sdk_3.2.0/components/device/silabs/si91x/mcu/core/chip/src/iPMU_prog/iPMU_dotc/ipmu_apis.o
                0x0820c0e8                init_ipmu_calib_data
 .text.program_ipmu_data
                0x0820c13c       0x54 ./wiseconnect3_sdk_3.2.0/components/device/silabs/si91x/mcu/core/chip/src/iPMU_prog/iPMU_dotc/ipmu_apis.o
                0x0820c13c                program_ipmu_data
 .text.ipmu_init_mcu
                0x0820c190       0x94 ./wiseconnect3_sdk_3.2.0/components/device/silabs/si91x/mcu/core/chip/src/iPMU_prog/iPMU_dotc/ipmu_apis.o
                0x0820c190                ipmu_init_mcu
 .text.ipmu_init
                0x0820c224       0xa8 ./wiseconnect3_sdk_3.2.0/components/device/silabs/si91x/mcu/core/chip/src/iPMU_prog/iPMU_dotc/ipmu_apis.o
                0x0820c224                ipmu_init
 .text.configure_ipmu_mode
                0x0820c2cc       0x38 ./wiseconnect3_sdk_3.2.0/components/device/silabs/si91x/mcu/core/chip/src/iPMU_prog/iPMU_dotc/ipmu_apis.o
                0x0820c2cc                configure_ipmu_mode
 .text.RSI_PS_RestoreCpuContext
                0x0820c304       0x34 ./wiseconnect3_sdk_3.2.0/components/device/silabs/si91x/mcu/core/chip/src/rsi_deepsleep_soc.o
                0x0820c304                RSI_PS_RestoreCpuContext
 .text.RSI_Set_Cntrls_To_M4
                0x0820c338       0x50 ./wiseconnect3_sdk_3.2.0/components/device/silabs/si91x/mcu/core/chip/src/rsi_deepsleep_soc.o
                0x0820c338                RSI_Set_Cntrls_To_M4
 .text.Default_Handler
                0x0820c388        0x2 ./wiseconnect3_sdk_3.2.0/components/device/silabs/si91x/mcu/core/chip/src/startup_si91x.o
                0x0820c388                DebugMon_Handler
                0x0820c388                IRQ031_Handler
                0x0820c388                HardFault_Handler
                0x0820c388                IRQ058_Handler
                0x0820c388                IRQ095_Handler
                0x0820c388                IRQ065_Handler
                0x0820c388                IRQ019_Handler
                0x0820c388                IRQ056_Handler
                0x0820c388                IRQ093_Handler
                0x0820c388                NMI_Handler
                0x0820c388                IRQ011_Handler
                0x0820c388                IRQ014_Handler
                0x0820c388                IRQ051_Handler
                0x0820c388                IRQ027_Handler
                0x0820c388                IRQ062_Handler
                0x0820c388                IRQ097_Handler
                0x0820c388                IRQ088_Handler
                0x0820c388                IRQ034_Handler
                0x0820c388                IRQ071_Handler
                0x0820c388                IRQ067_Handler
                0x0820c388                IRQ070_Handler
                0x0820c388                IRQ077_Handler
                0x0820c388                IRQ028_Handler
                0x0820c388                IRQ063_Handler
                0x0820c388                IRQ076_Handler
                0x0820c388                UsageFault_Handler
                0x0820c388                IRQ023_Handler
                0x0820c388                IRQ009_Handler
                0x0820c388                IRQ048_Handler
                0x0820c388                IRQ083_Handler
                0x0820c388                IRQ089_Handler
                0x0820c388                HIF1_IRQHandler
                0x0820c388                IRQ037_Handler
                0x0820c388                IRQ072_Handler
                0x0820c388                IRQ021_Handler
                0x0820c388                IRQ008_Handler
                0x0820c388                IRQ047_Handler
                0x0820c388                IRQ082_Handler
                0x0820c388                IRQ022_Handler
                0x0820c388                IRQ007_Handler
                0x0820c388                IRQ046_Handler
                0x0820c388                IRQ081_Handler
                0x0820c388                IRQ004_Handler
                0x0820c388                IRQ043_Handler
                0x0820c388                IRQ002_Handler
                0x0820c388                IRQ041_Handler
                0x0820c388                IRQ098_Handler
                0x0820c388                IRQ000_Handler
                0x0820c388                IRQ005_Handler
                0x0820c388                IRQ044_Handler
                0x0820c388                IRQ049_Handler
                0x0820c388                IRQ084_Handler
                0x0820c388                IRQ006_Handler
                0x0820c388                IRQ045_Handler
                0x0820c388                IRQ080_Handler
                0x0820c388                IRQ015_Handler
                0x0820c388                IRQ052_Handler
                0x0820c388                MemManage_Handler
                0x0820c388                HIF2_IRQHandler
                0x0820c388                IRQ001_Handler
                0x0820c388                IRQ040_Handler
                0x0820c388                IRQ068_Handler
                0x0820c388                IRQ059_Handler
                0x0820c388                IRQ096_Handler
                0x0820c388                IRQ003_Handler
                0x0820c388                IRQ042_Handler
                0x0820c388                IRQ024_Handler
                0x0820c388                IRQ016_Handler
                0x0820c388                IRQ053_Handler
                0x0820c388                IRQ090_Handler
                0x0820c388                IRQ078_Handler
                0x0820c388                IRQ032_Handler
                0x0820c388                IRQ020_Handler
                0x0820c388                IRQ073_Handler
                0x0820c388                IRQ018_Handler
                0x0820c388                IRQ055_Handler
                0x0820c388                IRQ092_Handler
                0x0820c388                IRQ087_Handler
                0x0820c388                IRQ026_Handler
                0x0820c388                IRQ061_Handler
                0x0820c388                IRQ025_Handler
                0x0820c388                IRQ060_Handler
                0x0820c388                IRQ085_Handler
                0x0820c388                IRQ013_Handler
                0x0820c388                IRQ050_Handler
                0x0820c388                IRQ030_Handler
                0x0820c388                IRQ029_Handler
                0x0820c388                IRQ064_Handler
                0x0820c388                IRQ066_Handler
                0x0820c388                IRQ017_Handler
                0x0820c388                IRQ054_Handler
                0x0820c388                IRQ091_Handler
                0x0820c388                BusFault_Handler
                0x0820c388                IRQ069_Handler
                0x0820c388                IRQ075_Handler
                0x0820c388                IRQ086_Handler
                0x0820c388                IRQ057_Handler
                0x0820c388                IRQ094_Handler
                0x0820c388                IRQ079_Handler
 .text.Default_Reset_Handler
                0x0820c38a        0x2 ./wiseconnect3_sdk_3.2.0/components/device/silabs/si91x/mcu/core/chip/src/startup_si91x.o
                0x0820c38a                Default_Reset_Handler
                0x0820c38a                Reset_Handler
 .text.Copy_Table
                0x0820c38c       0x24 ./wiseconnect3_sdk_3.2.0/components/device/silabs/si91x/mcu/core/chip/src/startup_si91x.o
                0x0820c38c                Copy_Table
 .text.Zero_Table
                0x0820c3b0       0x24 ./wiseconnect3_sdk_3.2.0/components/device/silabs/si91x/mcu/core/chip/src/startup_si91x.o
                0x0820c3b0                Zero_Table
 .text.RSI_Default_Reset_Handler
                0x0820c3d4       0x16 ./wiseconnect3_sdk_3.2.0/components/device/silabs/si91x/mcu/core/chip/src/startup_si91x.o
                0x0820c3d4                RSI_Default_Reset_Handler
 *fill*         0x0820c3ea        0x2 
 .text.SystemCoreClockUpdate
                0x0820c3ec      0x104 ./wiseconnect3_sdk_3.2.0/components/device/silabs/si91x/mcu/core/chip/src/system_si91x.o
                0x0820c3ec                SystemCoreClockUpdate
 .text.fpuInit  0x0820c4f0       0x44 ./wiseconnect3_sdk_3.2.0/components/device/silabs/si91x/mcu/core/chip/src/system_si91x.o
                0x0820c4f0                fpuInit
 .text.SystemInit
                0x0820c534       0xe4 ./wiseconnect3_sdk_3.2.0/components/device/silabs/si91x/mcu/core/chip/src/system_si91x.o
                0x0820c534                SystemInit
 .text.ARM_UART_SignalEvent
                0x0820c618       0x24 ./wiseconnect3_sdk_3.2.0/components/device/silabs/si91x/mcu/core/common/src/rsi_debug.o
                0x0820c618                ARM_UART_SignalEvent
 .text.Board_Debug_Init
                0x0820c63c       0x4c ./wiseconnect3_sdk_3.2.0/components/device/silabs/si91x/mcu/core/common/src/rsi_debug.o
                0x0820c63c                Board_Debug_Init
 .text.Board_UARTGetChar
                0x0820c688       0x30 ./wiseconnect3_sdk_3.2.0/components/device/silabs/si91x/mcu/core/common/src/rsi_debug.o
                0x0820c688                Board_UARTGetChar
 .text.Board_UARTPutChar
                0x0820c6b8       0x30 ./wiseconnect3_sdk_3.2.0/components/device/silabs/si91x/mcu/core/common/src/rsi_debug.o
                0x0820c6b8                Board_UARTPutChar
 .text.read_exclude_space
                0x0820c6e8       0x20 ./wiseconnect3_sdk_3.2.0/components/device/silabs/si91x/mcu/core/common/src/syscalls.o
 .text._getpid  0x0820c708        0x4 ./wiseconnect3_sdk_3.2.0/components/device/silabs/si91x/mcu/core/common/src/syscalls.o
                0x0820c708                _getpid
 .text._kill    0x0820c70c       0x10 ./wiseconnect3_sdk_3.2.0/components/device/silabs/si91x/mcu/core/common/src/syscalls.o
                0x0820c70c                _kill
 .text._exit    0x0820c71c        0xc ./wiseconnect3_sdk_3.2.0/components/device/silabs/si91x/mcu/core/common/src/syscalls.o
                0x0820c71c                _exit
 .text._write   0x0820c728       0x1c ./wiseconnect3_sdk_3.2.0/components/device/silabs/si91x/mcu/core/common/src/syscalls.o
                0x0820c728                _write
 .text._close   0x0820c744        0x6 ./wiseconnect3_sdk_3.2.0/components/device/silabs/si91x/mcu/core/common/src/syscalls.o
                0x0820c744                _close
 .text._fstat   0x0820c74a        0xa ./wiseconnect3_sdk_3.2.0/components/device/silabs/si91x/mcu/core/common/src/syscalls.o
                0x0820c74a                _fstat
 .text._isatty  0x0820c754        0x4 ./wiseconnect3_sdk_3.2.0/components/device/silabs/si91x/mcu/core/common/src/syscalls.o
                0x0820c754                _isatty
 .text._lseek   0x0820c758        0x4 ./wiseconnect3_sdk_3.2.0/components/device/silabs/si91x/mcu/core/common/src/syscalls.o
                0x0820c758                _lseek
 .text._read    0x0820c75c      0x30c ./wiseconnect3_sdk_3.2.0/components/device/silabs/si91x/mcu/core/common/src/syscalls.o
                0x0820c75c                _read
 .text.sl_si91x_device_init_nvic
                0x0820ca68       0x18 ./wiseconnect3_sdk_3.2.0/components/device/silabs/si91x/mcu/core/config/src/rsi_nvic_priorities_config.o
                0x0820ca68                sl_si91x_device_init_nvic
 .text.IRQ033_Handler
                0x0820ca80       0x20 ./wiseconnect3_sdk_3.2.0/components/device/silabs/si91x/mcu/drivers/cmsis_driver/UDMA.o
                0x0820ca80                IRQ033_Handler
 .text.IRQ010_Handler
                0x0820caa0       0x20 ./wiseconnect3_sdk_3.2.0/components/device/silabs/si91x/mcu/drivers/cmsis_driver/UDMA.o
                0x0820caa0                IRQ010_Handler
 .text.ARM_USARTx_GetVersion
                0x0820cac0       0x20 ./wiseconnect3_sdk_3.2.0/components/device/silabs/si91x/mcu/drivers/cmsis_driver/USART.o
                0x0820cac0                ARM_USARTx_GetVersion
 .text.ARM_ULP_UART_GetCapabilities
                0x0820cae0        0xc ./wiseconnect3_sdk_3.2.0/components/device/silabs/si91x/mcu/drivers/cmsis_driver/USART.o
 .text.ARM_ULP_UART_GetModemStatus
                0x0820caec        0xc ./wiseconnect3_sdk_3.2.0/components/device/silabs/si91x/mcu/drivers/cmsis_driver/USART.o
 .text.ARM_ULP_UART_SetModemControl
                0x0820caf8        0xc ./wiseconnect3_sdk_3.2.0/components/device/silabs/si91x/mcu/drivers/cmsis_driver/USART.o
 .text.ARM_ULP_UART_GetStatus
                0x0820cb04        0xc ./wiseconnect3_sdk_3.2.0/components/device/silabs/si91x/mcu/drivers/cmsis_driver/USART.o
 .text.ARM_ULP_UART_Control
                0x0820cb10       0x34 ./wiseconnect3_sdk_3.2.0/components/device/silabs/si91x/mcu/drivers/cmsis_driver/USART.o
 .text.ARM_ULP_UART_GetRxCount
                0x0820cb44        0xc ./wiseconnect3_sdk_3.2.0/components/device/silabs/si91x/mcu/drivers/cmsis_driver/USART.o
 .text.ARM_ULP_UART_GetTxCount
                0x0820cb50        0xc ./wiseconnect3_sdk_3.2.0/components/device/silabs/si91x/mcu/drivers/cmsis_driver/USART.o
 .text.ARM_ULP_UART_Transfer
                0x0820cb5c       0x54 ./wiseconnect3_sdk_3.2.0/components/device/silabs/si91x/mcu/drivers/cmsis_driver/USART.o
 .text.ARM_ULP_UART_Receive
                0x0820cbb0       0x48 ./wiseconnect3_sdk_3.2.0/components/device/silabs/si91x/mcu/drivers/cmsis_driver/USART.o
 .text.ARM_ULP_UART_Send
                0x0820cbf8       0x48 ./wiseconnect3_sdk_3.2.0/components/device/silabs/si91x/mcu/drivers/cmsis_driver/USART.o
 .text.ARM_ULP_UART_PowerControl
                0x0820cc40       0x18 ./wiseconnect3_sdk_3.2.0/components/device/silabs/si91x/mcu/drivers/cmsis_driver/USART.o
 .text.ARM_ULP_UART_Uninitialize
                0x0820cc58       0x1c ./wiseconnect3_sdk_3.2.0/components/device/silabs/si91x/mcu/drivers/cmsis_driver/USART.o
 .text.ARM_ULP_UART_Initialize
                0x0820cc74       0x30 ./wiseconnect3_sdk_3.2.0/components/device/silabs/si91x/mcu/drivers/cmsis_driver/USART.o
 .text.IRQ038_Handler
                0x0820cca4        0xc ./wiseconnect3_sdk_3.2.0/components/device/silabs/si91x/mcu/drivers/cmsis_driver/USART.o
                0x0820cca4                IRQ038_Handler
 .text.IRQ039_Handler
                0x0820ccb0        0xc ./wiseconnect3_sdk_3.2.0/components/device/silabs/si91x/mcu/drivers/cmsis_driver/USART.o
                0x0820ccb0                IRQ039_Handler
 .text.IRQ012_Handler
                0x0820ccbc        0xc ./wiseconnect3_sdk_3.2.0/components/device/silabs/si91x/mcu/drivers/cmsis_driver/USART.o
                0x0820ccbc                IRQ012_Handler
 .text.RSI_ULPUartHandler
                0x0820ccc8        0x4 ./wiseconnect3_sdk_3.2.0/components/device/silabs/si91x/mcu/drivers/cmsis_driver/USART.o
                0x0820ccc8                RSI_ULPUartHandler
 .text.RSI_CLK_GetBaseClock
                0x0820cccc      0x50c ./wiseconnect3_sdk_3.2.0/components/device/silabs/si91x/mcu/drivers/peripheral_drivers/src/clock_update.o
                0x0820cccc                RSI_CLK_GetBaseClock
 .text.RSI_EGPIO_SetPinMux
                0x0820d1d8       0x14 ./wiseconnect3_sdk_3.2.0/components/device/silabs/si91x/mcu/drivers/peripheral_drivers/src/rsi_usart.o
 .text.RSI_EGPIO_HostPadsGpioModeEnable
                0x0820d1ec       0x10 ./wiseconnect3_sdk_3.2.0/components/device/silabs/si91x/mcu/drivers/peripheral_drivers/src/rsi_usart.o
 .text.RSI_EGPIO_PadSelectionEnable
                0x0820d1fc       0x10 ./wiseconnect3_sdk_3.2.0/components/device/silabs/si91x/mcu/drivers/peripheral_drivers/src/rsi_usart.o
 .text.RSI_EGPIO_PadReceiverEnable
                0x0820d20c       0x10 ./wiseconnect3_sdk_3.2.0/components/device/silabs/si91x/mcu/drivers/peripheral_drivers/src/rsi_usart.o
 .text.RSI_EGPIO_UlpPadReceiverEnable
                0x0820d21c       0x10 ./wiseconnect3_sdk_3.2.0/components/device/silabs/si91x/mcu/drivers/peripheral_drivers/src/rsi_usart.o
 .text.UDMAx_ChannelDisable.isra.0
                0x0820d22c        0xc ./wiseconnect3_sdk_3.2.0/components/device/silabs/si91x/mcu/drivers/peripheral_drivers/src/rsi_usart.o
 .text.UartIrqHandler
                0x0820d238      0x1f0 ./wiseconnect3_sdk_3.2.0/components/device/silabs/si91x/mcu/drivers/peripheral_drivers/src/rsi_usart.o
                0x0820d238                UartIrqHandler
 .text.USART_SetBaudrate
                0x0820d428       0x50 ./wiseconnect3_sdk_3.2.0/components/device/silabs/si91x/mcu/drivers/peripheral_drivers/src/rsi_usart.o
                0x0820d428                USART_SetBaudrate
 .text.USART_Initialize
                0x0820d478      0x120 ./wiseconnect3_sdk_3.2.0/components/device/silabs/si91x/mcu/drivers/peripheral_drivers/src/rsi_usart.o
                0x0820d478                USART_Initialize
 .text.USART_Uninitialize
                0x0820d598       0xa0 ./wiseconnect3_sdk_3.2.0/components/device/silabs/si91x/mcu/drivers/peripheral_drivers/src/rsi_usart.o
                0x0820d598                USART_Uninitialize
 .text.USART_PowerControl
                0x0820d638      0x150 ./wiseconnect3_sdk_3.2.0/components/device/silabs/si91x/mcu/drivers/peripheral_drivers/src/rsi_usart.o
                0x0820d638                USART_PowerControl
 .text.USART_Send_Data
                0x0820d788      0x15c ./wiseconnect3_sdk_3.2.0/components/device/silabs/si91x/mcu/drivers/peripheral_drivers/src/rsi_usart.o
                0x0820d788                USART_Send_Data
 .text.USART_Receive_Data
                0x0820d8e4      0x13c ./wiseconnect3_sdk_3.2.0/components/device/silabs/si91x/mcu/drivers/peripheral_drivers/src/rsi_usart.o
                0x0820d8e4                USART_Receive_Data
 .text.USART_Transfer
                0x0820da20       0x72 ./wiseconnect3_sdk_3.2.0/components/device/silabs/si91x/mcu/drivers/peripheral_drivers/src/rsi_usart.o
                0x0820da20                USART_Transfer
 .text.USART_GetTxCount
                0x0820da92        0x6 ./wiseconnect3_sdk_3.2.0/components/device/silabs/si91x/mcu/drivers/peripheral_drivers/src/rsi_usart.o
                0x0820da92                USART_GetTxCount
 .text.USART_GetRxCount
                0x0820da98        0x6 ./wiseconnect3_sdk_3.2.0/components/device/silabs/si91x/mcu/drivers/peripheral_drivers/src/rsi_usart.o
                0x0820da98                USART_GetRxCount
 *fill*         0x0820da9e        0x2 
 .text.USART_Control
                0x0820daa0      0x8e8 ./wiseconnect3_sdk_3.2.0/components/device/silabs/si91x/mcu/drivers/peripheral_drivers/src/rsi_usart.o
                0x0820daa0                USART_Control
 .text.USART_GetStatus
                0x0820e388       0x42 ./wiseconnect3_sdk_3.2.0/components/device/silabs/si91x/mcu/drivers/peripheral_drivers/src/rsi_usart.o
                0x0820e388                USART_GetStatus
 *fill*         0x0820e3ca        0x2 
 .text.USART_SetModemControl
                0x0820e3cc       0x84 ./wiseconnect3_sdk_3.2.0/components/device/silabs/si91x/mcu/drivers/peripheral_drivers/src/rsi_usart.o
                0x0820e3cc                USART_SetModemControl
 .text.USART_GetModemStatus
                0x0820e450       0x5c ./wiseconnect3_sdk_3.2.0/components/device/silabs/si91x/mcu/drivers/peripheral_drivers/src/rsi_usart.o
                0x0820e450                USART_GetModemStatus
 .text.RSI_IPMU_UpdateIpmuCalibData_efuse
                0x0820e4ac      0x300 ./wiseconnect3_sdk_3.2.0/components/device/silabs/si91x/mcu/drivers/systemlevel/src/rsi_ipmu.o
                0x0820e4ac                RSI_IPMU_UpdateIpmuCalibData_efuse
 .text.RSI_Ipmu_Init
                0x0820e7ac        0x4 ./wiseconnect3_sdk_3.2.0/components/device/silabs/si91x/mcu/drivers/systemlevel/src/rsi_ipmu.o
                0x0820e7ac                RSI_Ipmu_Init
 .text.RSI_Configure_Ipmu_Mode
                0x0820e7b0        0x6 ./wiseconnect3_sdk_3.2.0/components/device/silabs/si91x/mcu/drivers/systemlevel/src/rsi_ipmu.o
                0x0820e7b0                RSI_Configure_Ipmu_Mode
 *fill*         0x0820e7b6        0x2 
 .text.RSI_IPMU_ClockMuxSel
                0x0820e7b8       0x40 ./wiseconnect3_sdk_3.2.0/components/device/silabs/si91x/mcu/drivers/systemlevel/src/rsi_ipmu.o
                0x0820e7b8                RSI_IPMU_ClockMuxSel
 .text.RSI_IPMU_ProgramConfigData
                0x0820e7f8       0xea ./wiseconnect3_sdk_3.2.0/components/device/silabs/si91x/mcu/drivers/systemlevel/src/rsi_ipmu.o
                0x0820e7f8                RSI_IPMU_ProgramConfigData
 *fill*         0x0820e8e2        0x2 
 .text.RSI_IPMU_Retn_Voltage_Reduction
                0x0820e8e4       0x14 ./wiseconnect3_sdk_3.2.0/components/device/silabs/si91x/mcu/drivers/systemlevel/src/rsi_ipmu.o
                0x0820e8e4                RSI_IPMU_Retn_Voltage_Reduction
 .text.RSI_IPMU_Retn_Voltage_To_Default
                0x0820e8f8       0x10 ./wiseconnect3_sdk_3.2.0/components/device/silabs/si91x/mcu/drivers/systemlevel/src/rsi_ipmu.o
                0x0820e8f8                RSI_IPMU_Retn_Voltage_To_Default
 .text.RSI_IPMU_Set_Higher_Pwm_Ro_Frequency_Mode_to_PMU
                0x0820e908       0x14 ./wiseconnect3_sdk_3.2.0/components/device/silabs/si91x/mcu/drivers/systemlevel/src/rsi_ipmu.o
                0x0820e908                RSI_IPMU_Set_Higher_Pwm_Ro_Frequency_Mode_to_PMU
 .text.RSI_IPMU_M32rc_OscTrimEfuse
                0x0820e91c       0x28 ./wiseconnect3_sdk_3.2.0/components/device/silabs/si91x/mcu/drivers/systemlevel/src/rsi_ipmu.o
                0x0820e91c                RSI_IPMU_M32rc_OscTrimEfuse
 .text.RSI_IPMU_DBLR32M_TrimEfuse
                0x0820e944       0x18 ./wiseconnect3_sdk_3.2.0/components/device/silabs/si91x/mcu/drivers/systemlevel/src/rsi_ipmu.o
                0x0820e944                RSI_IPMU_DBLR32M_TrimEfuse
 .text.RSI_IPMU_M20roOsc_TrimEfuse
                0x0820e95c       0x28 ./wiseconnect3_sdk_3.2.0/components/device/silabs/si91x/mcu/drivers/systemlevel/src/rsi_ipmu.o
                0x0820e95c                RSI_IPMU_M20roOsc_TrimEfuse
 .text.RSI_IPMU_RO32khz_TrimEfuse
                0x0820e984       0x18 ./wiseconnect3_sdk_3.2.0/components/device/silabs/si91x/mcu/drivers/systemlevel/src/rsi_ipmu.o
                0x0820e984                RSI_IPMU_RO32khz_TrimEfuse
 .text.RSI_IPMU_RC32khz_TrimEfuse
                0x0820e99c       0x18 ./wiseconnect3_sdk_3.2.0/components/device/silabs/si91x/mcu/drivers/systemlevel/src/rsi_ipmu.o
                0x0820e99c                RSI_IPMU_RC32khz_TrimEfuse
 .text._usdelay
                0x0820e9b4        0x6 ./wiseconnect3_sdk_3.2.0/components/device/silabs/si91x/mcu/drivers/systemlevel/src/rsi_pll.o
 *fill*         0x0820e9ba        0x2 
 .text.ulpss_enable_ref_clks
                0x0820e9bc       0xf8 ./wiseconnect3_sdk_3.2.0/components/device/silabs/si91x/mcu/drivers/systemlevel/src/rsi_pll.o
                0x0820e9bc                ulpss_enable_ref_clks
 .text.clk_m4ss_ref_clk_config
                0x0820eab4       0xcc ./wiseconnect3_sdk_3.2.0/components/device/silabs/si91x/mcu/drivers/systemlevel/src/rsi_pll.o
                0x0820eab4                clk_m4ss_ref_clk_config
 .text.ulpss_ref_clk_config
                0x0820eb80       0xbc ./wiseconnect3_sdk_3.2.0/components/device/silabs/si91x/mcu/drivers/systemlevel/src/rsi_ulpss_clk.o
                0x0820eb80                ulpss_ref_clk_config
 .text.sl_mv_m4_app_from_flash_to_ram
                0x0820ec3c       0x50 ./wiseconnect3_sdk_3.2.0/components/device/silabs/si91x/wireless/ahb_interface/src/rsi_hal_mcu_m4_ram.o
                0x0820ec3c                sl_mv_m4_app_from_flash_to_ram
 .text.sli_si91x_raise_pkt_pending_interrupt_to_ta
                0x0820ec8c       0x20 ./wiseconnect3_sdk_3.2.0/components/device/silabs/si91x/wireless/ahb_interface/src/rsi_hal_mcu_m4_rom.o
                0x0820ec8c                sli_si91x_raise_pkt_pending_interrupt_to_ta
 .text.raise_m4_to_ta_interrupt
                0x0820ecac        0xc ./wiseconnect3_sdk_3.2.0/components/device/silabs/si91x/wireless/ahb_interface/src/rsi_hal_mcu_m4_rom.o
                0x0820ecac                raise_m4_to_ta_interrupt
 .text.mask_ta_interrupt
                0x0820ecb8        0xc ./wiseconnect3_sdk_3.2.0/components/device/silabs/si91x/wireless/ahb_interface/src/rsi_hal_mcu_m4_rom.o
                0x0820ecb8                mask_ta_interrupt
 .text.sli_receive_from_ta_done_isr
                0x0820ecc4       0x20 ./wiseconnect3_sdk_3.2.0/components/device/silabs/si91x/wireless/ahb_interface/src/rsi_hal_mcu_m4_rom.o
                0x0820ecc4                sli_receive_from_ta_done_isr
 .text.sli_m4_interrupt_isr
                0x0820ece4       0xa0 ./wiseconnect3_sdk_3.2.0/components/device/silabs/si91x/wireless/ahb_interface/src/rsi_hal_mcu_m4_rom.o
                0x0820ece4                sli_m4_interrupt_isr
 .text.sl_si91x_bus_read_interrupt_status
                0x0820ed84       0x10 ./wiseconnect3_sdk_3.2.0/components/device/silabs/si91x/wireless/ahb_interface/src/rsi_hal_mcu_m4_rom.o
                0x0820ed84                sl_si91x_bus_read_interrupt_status
 .text.si91x_req_wakeup
                0x0820ed94       0x20 ./wiseconnect3_sdk_3.2.0/components/device/silabs/si91x/wireless/ahb_interface/src/rsi_hal_mcu_m4_rom.o
                0x0820ed94                si91x_req_wakeup
 .text.sl_si91x_host_clear_sleep_indicator
                0x0820edb4       0x14 ./wiseconnect3_sdk_3.2.0/components/device/silabs/si91x/wireless/ahb_interface/src/rsi_hal_mcu_m4_rom.o
                0x0820edb4                sl_si91x_host_clear_sleep_indicator
 .text.IRQ074_Handler
                0x0820edc8        0x4 ./wiseconnect3_sdk_3.2.0/components/device/silabs/si91x/wireless/ahb_interface/src/rsi_hal_mcu_m4_rom.o
                0x0820edc8                IRQ074_Handler
 .text.sl_si91x_ta_events_init
                0x0820edcc       0x14 ./wiseconnect3_sdk_3.2.0/components/device/silabs/si91x/wireless/ahb_interface/src/rsi_hal_mcu_m4_rom.o
                0x0820edcc                sl_si91x_ta_events_init
 .text.sli_si91x_platform_init
                0x0820ede0       0x5c ./wiseconnect3_sdk_3.2.0/components/device/silabs/si91x/wireless/ahb_interface/src/sl_platform.o
                0x0820ede0                sli_si91x_platform_init