Archive member included to satisfy reference by file (symbol)

c:/siliconlabs/simplicitystudio/v5/developer/toolchains/gnu_arm/12.2.rel1_2023.7/bin/../lib/gcc/arm-none-eabi/12.2.1/thumb/v7e-m+fp/softfp\libgcc.a(_arm_addsubdf3.o)
                              ./wiseconnect3_sdk_3.2.0/components/device/silabs/si91x/mcu/drivers/peripheral_drivers/src/clock_update.o (__aeabi_dadd)
c:/siliconlabs/simplicitystudio/v5/developer/toolchains/gnu_arm/12.2.rel1_2023.7/bin/../lib/gcc/arm-none-eabi/12.2.1/thumb/v7e-m+fp/softfp\libgcc.a(_arm_muldivdf3.o)
                              ./wiseconnect3_sdk_3.2.0/components/device/silabs/si91x/mcu/drivers/peripheral_drivers/src/clock_update.o (__aeabi_ddiv)
c:/siliconlabs/simplicitystudio/v5/developer/toolchains/gnu_arm/12.2.rel1_2023.7/bin/../lib/gcc/arm-none-eabi/12.2.1/thumb/v7e-m+fp/softfp\libgcc.a(_arm_fixunsdfsi.o)
                              ./wiseconnect3_sdk_3.2.0/components/device/silabs/si91x/mcu/drivers/peripheral_drivers/src/clock_update.o (__aeabi_d2uiz)
c:/siliconlabs/simplicitystudio/v5/developer/toolchains/gnu_arm/12.2.rel1_2023.7/bin/../lib/gcc/arm-none-eabi/12.2.1/thumb/v7e-m+fp/softfp\libnosys.a(errno.o)
                              ./gecko_sdk_4.4.3/util/third_party/lwip/lwip/src/api/if_api.o (errno)
c:/siliconlabs/simplicitystudio/v5/developer/toolchains/gnu_arm/12.2.rel1_2023.7/bin/../lib/gcc/arm-none-eabi/12.2.1/thumb/v7e-m+fp/softfp\libc_nano.a(libc_a-assert.o)
                              ./wiseconnect3_sdk_3.2.0/components/device/silabs/si91x/wireless/src/sl_si91x_driver.o (__assert_func)
c:/siliconlabs/simplicitystudio/v5/developer/toolchains/gnu_arm/12.2.rel1_2023.7/bin/../lib/gcc/arm-none-eabi/12.2.1/thumb/v7e-m+fp/softfp\libc_nano.a(libc_a-atoi.o)
                              ./gecko_sdk_4.4.3/util/third_party/lwip/lwip/src/api/netdb.o (atoi)
c:/siliconlabs/simplicitystudio/v5/developer/toolchains/gnu_arm/12.2.rel1_2023.7/bin/../lib/gcc/arm-none-eabi/12.2.1/thumb/v7e-m+fp/softfp\libc_nano.a(libc_a-exit.o)
                              c:/siliconlabs/simplicitystudio/v5/developer/toolchains/gnu_arm/12.2.rel1_2023.7/bin/../lib/gcc/arm-none-eabi/12.2.1/thumb/v7e-m+fp/softfp/crt0.o (exit)
c:/siliconlabs/simplicitystudio/v5/developer/toolchains/gnu_arm/12.2.rel1_2023.7/bin/../lib/gcc/arm-none-eabi/12.2.1/thumb/v7e-m+fp/softfp\libc_nano.a(libc_a-malloc.o)
                              ./wiseconnect3_sdk_3.2.0/components/device/silabs/si91x/wireless/memory/mem_pool_buffer_quota.o (malloc)
c:/siliconlabs/simplicitystudio/v5/developer/toolchains/gnu_arm/12.2.rel1_2023.7/bin/../lib/gcc/arm-none-eabi/12.2.1/thumb/v7e-m+fp/softfp\libc_nano.a(libc_a-mallocr.o)
                              c:/siliconlabs/simplicitystudio/v5/developer/toolchains/gnu_arm/12.2.rel1_2023.7/bin/../lib/gcc/arm-none-eabi/12.2.1/thumb/v7e-m+fp/softfp\libc_nano.a(libc_a-malloc.o) (_malloc_r)
c:/siliconlabs/simplicitystudio/v5/developer/toolchains/gnu_arm/12.2.rel1_2023.7/bin/../lib/gcc/arm-none-eabi/12.2.1/thumb/v7e-m+fp/softfp\libc_nano.a(libc_a-mlock.o)
                              c:/siliconlabs/simplicitystudio/v5/developer/toolchains/gnu_arm/12.2.rel1_2023.7/bin/../lib/gcc/arm-none-eabi/12.2.1/thumb/v7e-m+fp/softfp\libc_nano.a(libc_a-mallocr.o) (__malloc_lock)
c:/siliconlabs/simplicitystudio/v5/developer/toolchains/gnu_arm/12.2.rel1_2023.7/bin/../lib/gcc/arm-none-eabi/12.2.1/thumb/v7e-m+fp/softfp\libc_nano.a(libc_a-rand.o)
                              ./gecko_sdk_4.4.3/util/third_party/lwip/lwip/src/core/dns.o (rand)
c:/siliconlabs/simplicitystudio/v5/developer/toolchains/gnu_arm/12.2.rel1_2023.7/bin/../lib/gcc/arm-none-eabi/12.2.1/thumb/v7e-m+fp/softfp\libc_nano.a(libc_a-strtol.o)
                              c:/siliconlabs/simplicitystudio/v5/developer/toolchains/gnu_arm/12.2.rel1_2023.7/bin/../lib/gcc/arm-none-eabi/12.2.1/thumb/v7e-m+fp/softfp\libc_nano.a(libc_a-atoi.o) (_strtol_r)
c:/siliconlabs/simplicitystudio/v5/developer/toolchains/gnu_arm/12.2.rel1_2023.7/bin/../lib/gcc/arm-none-eabi/12.2.1/thumb/v7e-m+fp/softfp\libc_nano.a(libc_a-strtoul.o)
                              ./wiseconnect3_sdk_3.2.0/components/common/src/sl_utility.o (strtoul)
c:/siliconlabs/simplicitystudio/v5/developer/toolchains/gnu_arm/12.2.rel1_2023.7/bin/../lib/gcc/arm-none-eabi/12.2.1/thumb/v7e-m+fp/softfp\libc_nano.a(libc_a-ctype_.o)
                              ./gecko_sdk_4.4.3/platform/common/src/sl_string.o (_ctype_)
c:/siliconlabs/simplicitystudio/v5/developer/toolchains/gnu_arm/12.2.rel1_2023.7/bin/../lib/gcc/arm-none-eabi/12.2.1/thumb/v7e-m+fp/softfp\libc_nano.a(libc_a-nano-vfprintf_float.o)
                              (_printf_float)
c:/siliconlabs/simplicitystudio/v5/developer/toolchains/gnu_arm/12.2.rel1_2023.7/bin/../lib/gcc/arm-none-eabi/12.2.1/thumb/v7e-m+fp/softfp\libc_nano.a(libc_a-nano-vfprintf_i.o)
[...]
Memory Configuration

Name             Origin             Length             Attributes
rom              0x08202000         0x001fe000         xr
ram              0x0000000c         0x0002fbf4         xrw
udma0            0x0002fc00         0x00000400         xrw
udma1            0x24061c00         0x00000400         xrw
*default*        0x00000000         0xffffffff

Linker script and memory map

LOAD c:/siliconlabs/simplicitystudio/v5/developer/toolchains/gnu_arm/12.2.rel1_2023.7/bin/../lib/gcc/arm-none-eabi/12.2.1/thumb/v7e-m+fp/softfp/crti.o
LOAD c:/siliconlabs/simplicitystudio/v5/developer/toolchains/gnu_arm/12.2.rel1_2023.7/bin/../lib/gcc/arm-none-eabi/12.2.1/thumb/v7e-m+fp/softfp/crtbegin.o
LOAD c:/siliconlabs/simplicitystudio/v5/developer/toolchains/gnu_arm/12.2.rel1_2023.7/bin/../lib/gcc/arm-none-eabi/12.2.1/thumb/v7e-m+fp/softfp/crt0.o
START GROUP
LOAD ./app.o
LOAD ./main.o
LOAD ./autogen/sl_event_handler.o
LOAD ./gecko_sdk_4.4.3/platform/CMSIS/RTOS2/Source/os_systick.o
LOAD ./gecko_sdk_4.4.3/platform/common/src/sl_assert.o
LOAD ./gecko_sdk_4.4.3/platform/common/src/sl_slist.o
LOAD ./gecko_sdk_4.4.3/platform/common/src/sl_string.o
LOAD ./gecko_sdk_4.4.3/platform/common/src/sli_cmsis_os2_ext_task_register.o
LOAD ./gecko_sdk_4.4.3/platform/emlib/src/em_core.o
LOAD ./gecko_sdk_4.4.3/platform/service/mem_pool/src/sl_mem_pool.o
LOAD ./gecko_sdk_4.4.3/platform/service/system/src/sl_system_init.o
LOAD ./gecko_sdk_4.4.3/platform/service/system/src/sl_system_kernel.o
LOAD ./gecko_sdk_4.4.3/util/third_party/freertos/cmsis/Source/cmsis_os2.o
LOAD ./gecko_sdk_4.4.3/util/third_party/freertos/kernel/croutine.o
LOAD ./gecko_sdk_4.4.3/util/third_party/freertos/kernel/event_groups.o
LOAD ./gecko_sdk_4.4.3/util/third_party/freertos/kernel/list.o
LOAD ./gecko_sdk_4.4.3/util/third_party/freertos/kernel/queue.o
LOAD ./gecko_sdk_4.4.3/util/third_party/freertos/kernel/stream_buffer.o
LOAD ./gecko_sdk_4.4.3/util/third_party/freertos/kernel/tasks.o
LOAD ./gecko_sdk_4.4.3/util/third_party/freertos/kernel/timers.o
LOAD ./gecko_sdk_4.4.3/util/third_party/freertos/kernel/portable/GCC/ARM_CM4F/port.o
LOAD ./gecko_sdk_4.4.3/util/third_party/freertos/kernel/portable/MemMang/heap_4.o
LOAD ./gecko_sdk_4.4.3/util/third_party/lwip/lwip/src/api/api_lib.o
LOAD ./gecko_sdk_4.4.3/util/third_party/lwip/lwip/src/api/api_msg.o
LOAD ./gecko_sdk_4.4.3/util/third_party/lwip/lwip/src/api/err.o
LOAD ./gecko_sdk_4.4.3/util/third_party/lwip/lwip/src/api/if_api.o
LOAD ./gecko_sdk_4.4.3/util/third_party/lwip/lwip/src/api/netbuf.o
LOAD ./gecko_sdk_4.4.3/util/third_party/lwip/lwip/src/api/netdb.o
LOAD ./gecko_sdk_4.4.3/util/third_party/lwip/lwip/src/api/netifapi.o
LOAD ./gecko_sdk_4.4.3/util/third_party/lwip/lwip/src/api/sockets.o
LOAD ./gecko_sdk_4.4.3/util/third_party/lwip/lwip/src/api/tcpip.o
LOAD ./gecko_sdk_4.4.3/util/third_party/lwip/lwip/src/core/altcp.o
LOAD ./gecko_sdk_4.4.3/util/third_party/lwip/lwip/src/core/altcp_alloc.o
LOAD ./gecko_sdk_4.4.3/util/third_party/lwip/lwip/src/core/altcp_tcp.o
LOAD ./gecko_sdk_4.4.3/util/third_party/lwip/lwip/src/core/def.o
LOAD ./gecko_sdk_4.4.3/util/third_party/lwip/lwip/src/core/dns.o
LOAD ./gecko_sdk_4.4.3/util/third_party/lwip/lwip/src/core/inet_chksum.o
LOAD ./gecko_sdk_4.4.3/util/third_party/lwip/lwip/src/core/init.o
LOAD ./gecko_sdk_4.4.3/util/third_party/lwip/lwip/src/core/ip.o
LOAD ./gecko_sdk_4.4.3/util/third_party/lwip/lwip/src/core/mem.o
LOAD ./gecko_sdk_4.4.3/util/third_party/lwip/lwip/src/core/memp.o
LOAD ./gecko_sdk_4.4.3/util/third_party/lwip/lwip/src/core/netif.o
LOAD ./gecko_sdk_4.4.3/util/third_party/lwip/lwip/src/core/pbuf.o
LOAD ./gecko_sdk_4.4.3/util/third_party/lwip/lwip/src/core/raw.o
LOAD ./gecko_sdk_4.4.3/util/third_party/lwip/lwip/src/core/stats.o
LOAD ./gecko_sdk_4.4.3/util/third_party/lwip/lwip/src/core/sys.o
LOAD ./gecko_sdk_4.4.3/util/third_party/lwip/lwip/src/core/tcp.o
LOAD ./gecko_sdk_4.4.3/util/third_party/lwip/lwip/src/core/tcp_in.o
LOAD ./gecko_sdk_4.4.3/util/third_party/lwip/lwip/src/core/tcp_out.o
LOAD ./gecko_sdk_4.4.3/util/third_party/lwip/lwip/src/core/timeouts.o
LOAD ./gecko_sdk_4.4.3/util/third_party/lwip/lwip/src/core/udp.o
LOAD ./gecko_sdk_4.4.3/util/third_party/lwip/lwip/src/core/ipv4/autoip.o
LOAD ./gecko_sdk_4.4.3/util/third_party/lwip/lwip/src/core/ipv4/dhcp.o
LOAD ./gecko_sdk_4.4.3/util/third_party/lwip/lwip/src/core/ipv4/etharp.o
LOAD ./gecko_sdk_4.4.3/util/third_party/lwip/lwip/src/core/ipv4/icmp.o
LOAD ./gecko_sdk_4.4.3/util/third_party/lwip/lwip/src/core/ipv4/igmp.o
LOAD ./gecko_sdk_4.4.3/util/third_party/lwip/lwip/src/core/ipv4/ip4.o
LOAD ./gecko_sdk_4.4.3/util/third_party/lwip/lwip/src/core/ipv4/ip4_addr.o
LOAD ./gecko_sdk_4.4.3/util/third_party/lwip/lwip/src/core/ipv4/ip4_frag.o
LOAD ./gecko_sdk_4.4.3/util/third_party/lwip/lwip/src/netif/ethernet.o
LOAD ./gecko_sdk_4.4.3/util/third_party/lwip/lwip-contrib/ports/freertos/sys_arch.o
LOAD ./wiseconnect3_sdk_3.2.0/components/board/silabs/src/rsi_board.o
LOAD ./wiseconnect3_sdk_3.2.0/components/common/src/sl_utility.o
LOAD ./wiseconnect3_sdk_3.2.0/components/device/silabs/si91x/mcu/core/chip/src/iPMU_prog/iPMU_dotc/ipmu_apis.o
LOAD ./wiseconnect3_sdk_3.2.0/components/device/silabs/si91x/mcu/core/chip/src/iPMU_prog/iPMU_dotc/rsi_system_config_917.o
LOAD ./wiseconnect3_sdk_3.2.0/components/device/silabs/si91x/mcu/core/chip/src/rsi_deepsleep_soc.o
LOAD ./wiseconnect3_sdk_3.2.0/components/device/silabs/si91x/mcu/core/chip/src/rsi_ps_ram_func.o
LOAD ./wiseconnect3_sdk_3.2.0/components/device/silabs/si91x/mcu/core/chip/src/startup_si91x.o
LOAD ./wiseconnect3_sdk_3.2.0/components/device/silabs/si91x/mcu/core/chip/src/system_si91x.o
LOAD ./wiseconnect3_sdk_3.2.0/components/device/silabs/si91x/mcu/core/common/src/rsi_debug.o
LOAD ./wiseconnect3_sdk_3.2.0/components/device/silabs/si91x/mcu/core/common/src/sl_si91x_stack_object_declare.o
LOAD ./wiseconnect3_sdk_3.2.0/components/device/silabs/si91x/mcu/core/common/src/syscalls.o
LOAD ./wiseconnect3_sdk_3.2.0/components/device/silabs/si91x/mcu/core/config/src/rsi_nvic_priorities_config.o
LOAD ./wiseconnect3_sdk_3.2.0/components/device/silabs/si91x/mcu/drivers/cmsis_driver/UDMA.o
LOAD ./wiseconnect3_sdk_3.2.0/components/device/silabs/si91x/mcu/drivers/cmsis_driver/USART.o
LOAD ./wiseconnect3_sdk_3.2.0/components/device/silabs/si91x/mcu/drivers/peripheral_drivers/src/clock_update.o
LOAD ./wiseconnect3_sdk_3.2.0/components/device/silabs/si91x/mcu/drivers/peripheral_drivers/src/rsi_crc.o
LOAD ./wiseconnect3_sdk_3.2.0/components/device/silabs/si91x/mcu/drivers/peripheral_drivers/src/rsi_egpio.o
LOAD ./wiseconnect3_sdk_3.2.0/components/device/silabs/si91x/mcu/drivers/peripheral_drivers/src/rsi_timers.o
LOAD ./wiseconnect3_sdk_3.2.0/components/device/silabs/si91x/mcu/drivers/peripheral_drivers/src/rsi_udma.o
LOAD ./wiseconnect3_sdk_3.2.0/components/device/silabs/si91x/mcu/drivers/peripheral_drivers/src/rsi_udma_wrapper.o
LOAD ./wiseconnect3_sdk_3.2.0/components/device/silabs/si91x/mcu/drivers/peripheral_drivers/src/rsi_usart.o
LOAD ./wiseconnect3_sdk_3.2.0/components/device/silabs/si91x/mcu/drivers/systemlevel/src/rsi_ipmu.o
LOAD ./wiseconnect3_sdk_3.2.0/components/device/silabs/si91x/mcu/drivers/systemlevel/src/rsi_pll.o
LOAD ./wiseconnect3_sdk_3.2.0/components/device/silabs/si91x/mcu/drivers/systemlevel/src/rsi_power_save.o
LOAD ./wiseconnect3_sdk_3.2.0/components/device/silabs/si91x/mcu/drivers/systemlevel/src/rsi_rtc.o
LOAD ./wiseconnect3_sdk_3.2.0/components/device/silabs/si91x/mcu/drivers/systemlevel/src/rsi_temp_sensor.o
LOAD ./wiseconnect3_sdk_3.2.0/components/device/silabs/si91x/mcu/drivers/systemlevel/src/rsi_time_period.o
LOAD ./wiseconnect3_sdk_3.2.0/components/device/silabs/si91x/mcu/drivers/systemlevel/src/rsi_ulpss_clk.o
LOAD ./wiseconnect3_sdk_3.2.0/components/device/silabs/si91x/mcu/drivers/systemlevel/src/rsi_wwdt.o
LOAD ./wiseconnect3_sdk_3.2.0/components/device/silabs/si91x/wireless/ahb_interface/src/rsi_hal_mcu_m4_ram.o
LOAD ./wiseconnect3_sdk_3.2.0/components/device/silabs/si91x/wireless/ahb_interface/src/rsi_hal_mcu_m4_rom.o
LOAD ./wiseconnect3_sdk_3.2.0/components/device/silabs/si91x/wireless/ahb_interface/src/sl_platform.o
LOAD ./wiseconnect3_sdk_3.2.0/components/device/silabs/si91x/wireless/ahb_interface/src/sl_platform_wireless.o
LOAD ./wiseconnect3_sdk_3.2.0/components/device/silabs/si91x/wireless/ahb_interface/src/sl_si91x_bus.o
LOAD ./wiseconnect3_sdk_3.2.0/components/device/silabs/si91x/wireless/ahb_interface/src/sl_si91x_timer.o
LOAD ./wiseconnect3_sdk_3.2.0/components/device/silabs/si91x/wireless/ahb_interface/src/sli_siwx917_soc.o
LOAD ./wiseconnect3_sdk_3.2.0/components/device/silabs/si91x/wireless/errno/src/sl_si91x_errno.o
LOAD ./wiseconnect3_sdk_3.2.0/components/device/silabs/si91x/wireless/host_mcu/si91x/siwx917_soc_ncp_host.o
LOAD ./wiseconnect3_sdk_3.2.0/components/device/silabs/si91x/wireless/memory/mem_pool_buffer_quota.o
LOAD ./wiseconnect3_sdk_3.2.0/components/device/silabs/si91x/wireless/sl_net/src/sl_net_rsi_utility.o
LOAD ./wiseconnect3_sdk_3.2.0/components/device/silabs/si91x/wireless/sl_net/src/sl_net_si91x_integration_handler.o
LOAD ./wiseconnect3_sdk_3.2.0/components/device/silabs/si91x/wireless/sl_net/src/sl_si91x_net_credentials.o
LOAD ./wiseconnect3_sdk_3.2.0/components/device/silabs/si91x/wireless/src/sl_rsi_utility.o
LOAD ./wiseconnect3_sdk_3.2.0/components/device/silabs/si91x/wireless/src/sl_si91x_callback_framework.o
LOAD ./wiseconnect3_sdk_3.2.0/components/device/silabs/si91x/wireless/src/sl_si91x_driver.o
LOAD ./wiseconnect3_sdk_3.2.0/components/device/silabs/si91x/wireless/threading/sli_si91x_multithreaded.o
LOAD ./wiseconnect3_sdk_3.2.0/components/protocol/wifi/si91x/sl_wifi.o
LOAD ./wiseconnect3_sdk_3.2.0/components/protocol/wifi/src/sl_wifi_callback_framework.o
LOAD ./wiseconnect3_sdk_3.2.0/components/service/network_manager/src/sl_net.o
LOAD ./wiseconnect3_sdk_3.2.0/components/service/network_manager/src/sl_net_basic_certificate_store.o
LOAD ./wiseconnect3_sdk_3.2.0/components/service/network_manager/src/sl_net_basic_credentials.o
LOAD ./wiseconnect3_sdk_3.2.0/components/service/network_manager/src/sl_net_basic_profiles.o
LOAD ./wiseconnect3_sdk_3.2.0/components/service/network_manager/src/sl_net_for_lwip.o
LOAD c:/siliconlabs/simplicitystudio/v5/developer/toolchains/gnu_arm/12.2.rel1_2023.7/bin/../lib/gcc/arm-none-eabi/12.2.1/thumb/v7e-m+fp/softfp\libgcc.a
LOAD c:/siliconlabs/simplicitystudio/v5/developer/toolchains/gnu_arm/12.2.rel1_2023.7/bin/../lib/gcc/arm-none-eabi/12.2.1/thumb/v7e-m+fp/softfp\libnosys.a
LOAD c:/siliconlabs/simplicitystudio/v5/developer/toolchains/gnu_arm/12.2.rel1_2023.7/bin/../lib/gcc/arm-none-eabi/12.2.1/thumb/v7e-m+fp/softfp\libc_nano.a
LOAD c:/siliconlabs/simplicitystudio/v5/developer/toolchains/gnu_arm/12.2.rel1_2023.7/bin/../lib/gcc/arm-none-eabi/12.2.1/thumb/v7e-m+fp/softfp\libm.a
END GROUP
START GROUP
LOAD c:/siliconlabs/simplicitystudio/v5/developer/toolchains/gnu_arm/12.2.rel1_2023.7/bin/../lib/gcc/arm-none-eabi/12.2.1/thumb/v7e-m+fp/softfp\libgcc.a
LOAD c:/siliconlabs/simplicitystudio/v5/developer/toolchains/gnu_arm/12.2.rel1_2023.7/bin/../lib/gcc/arm-none-eabi/12.2.1/thumb/v7e-m+fp/softfp\libc_nano.a
LOAD c:/siliconlabs/simplicitystudio/v5/developer/toolchains/gnu_arm/12.2.rel1_2023.7/bin/../lib/gcc/arm-none-eabi/12.2.1/thumb/v7e-m+fp/softfp\libnosys.a
END GROUP
START GROUP
LOAD c:/siliconlabs/simplicitystudio/v5/developer/toolchains/gnu_arm/12.2.rel1_2023.7/bin/../lib/gcc/arm-none-eabi/12.2.1/thumb/v7e-m+fp/softfp\libgcc.a
LOAD c:/siliconlabs/simplicitystudio/v5/developer/toolchains/gnu_arm/12.2.rel1_2023.7/bin/../lib/gcc/arm-none-eabi/12.2.1/thumb/v7e-m+fp/softfp\libg_nano.a
LOAD c:/siliconlabs/simplicitystudio/v5/developer/toolchains/gnu_arm/12.2.rel1_2023.7/bin/../lib/gcc/arm-none-eabi/12.2.1/thumb/v7e-m+fp/softfp\libc_nano.a
END GROUP
START GROUP
LOAD c:/siliconlabs/simplicitystudio/v5/developer/toolchains/gnu_arm/12.2.rel1_2023.7/bin/../lib/gcc/arm-none-eabi/12.2.1/thumb/v7e-m+fp/softfp\libgcc.a
LOAD c:/siliconlabs/simplicitystudio/v5/developer/toolchains/gnu_arm/12.2.rel1_2023.7/bin/../lib/gcc/arm-none-eabi/12.2.1/thumb/v7e-m+fp/softfp\libc_nano.a
END GROUP
LOAD c:/siliconlabs/simplicitystudio/v5/developer/toolchains/gnu_arm/12.2.rel1_2023.7/bin/../lib/gcc/arm-none-eabi/12.2.1/thumb/v7e-m+fp/softfp/crtend.o
LOAD c:/siliconlabs/simplicitystudio/v5/developer/toolchains/gnu_arm/12.2.rel1_2023.7/bin/../lib/gcc/arm-none-eabi/12.2.1/thumb/v7e-m+fp/softfp/crtn.o

.text           0x08202000    0x16a79
 *(.isr_vector)
 .isr_vector    0x08202000      0x16c ./wiseconnect3_sdk_3.2.0/components/device/silabs/si91x/mcu/core/chip/src/startup_si91x.o
                0x08202000                __Vectors
 *(.text*)
 .text.deregister_tm_clones
                0x0820216c       0x1c c:/siliconlabs/simplicitystudio/v5/developer/toolchains/gnu_arm/12.2.rel1_2023.7/bin/../lib/gcc/arm-none-eabi/12.2.1/thumb/v7e-m+fp/softfp/crtbegin.o
 .text.register_tm_clones
                0x08202188       0x24 c:/siliconlabs/simplicitystudio/v5/developer/toolchains/gnu_arm/12.2.rel1_2023.7/bin/../lib/gcc/arm-none-eabi/12.2.1/thumb/v7e-m+fp/softfp/crtbegin.o
 .text.__do_global_dtors_aux
                0x082021ac       0x28 c:/siliconlabs/simplicitystudio/v5/developer/toolchains/gnu_arm/12.2.rel1_2023.7/bin/../lib/gcc/arm-none-eabi/12.2.1/thumb/v7e-m+fp/softfp/crtbegin.o
 .text.frame_dummy
                0x082021d4       0x24 c:/siliconlabs/simplicitystudio/v5/developer/toolchains/gnu_arm/12.2.rel1_2023.7/bin/../lib/gcc/arm-none-eabi/12.2.1/thumb/v7e-m+fp/softfp/crtbegin.o
 .text.app_init
                0x082021f8       0x14 ./app.o
                0x082021f8                app_init
 .text.send_and_receive_data
                0x0820220c       0xb0 ./app.o
                0x0820220c                send_and_receive_data
 .text.application_start
                0x082022bc       0xc8 ./app.o
                0x082022bc                application_start
 .text.startup.main
                0x08202384       0x12 ./main.o
                0x08202384                main
 .text.sl_platform_init
                0x08202396       0x1e ./autogen/sl_event_handler.o
                0x08202396                sl_platform_init
 .text.sl_kernel_start
                0x082023b4        0x4 ./autogen/sl_event_handler.o
                0x082023b4                sl_kernel_start
 .text.sl_driver_init
                0x082023b8        0x2 ./autogen/sl_event_handler.o
                0x082023b8                sl_driver_init
 .text.sl_service_init
                0x082023ba        0x2 ./autogen/sl_event_handler.o
                0x082023ba                sl_service_init
 .text.sl_stack_init
                0x082023bc        0x2 ./autogen/sl_event_handler.o
                0x082023bc                sl_stack_init
 .text.sl_internal_app_init
                0x082023be        0x2 ./autogen/sl_event_handler.o
                0x082023be                sl_internal_app_init
 .text.sli_osTaskRegisterSetValue
                0x082023c0        0xa ./gecko_sdk_4.4.3/platform/common/src/sli_cmsis_os2_ext_task_register.o
                0x082023c0                sli_osTaskRegisterSetValue
 .text.CORE_EnterCritical
                0x082023ca        0x8 ./gecko_sdk_4.4.3/platform/emlib/src/em_core.o
                0x082023ca                CORE_EnterCritical
 .text.CORE_ExitCritical
                0x082023d2        0x6 ./gecko_sdk_4.4.3/platform/emlib/src/em_core.o
                0x082023d2                CORE_ExitCritical
 .text.CORE_EnterAtomic
                0x082023d8        0x8 ./gecko_sdk_4.4.3/platform/emlib/src/em_core.o
                0x082023d8                CORE_EnterAtomic
 .text.CORE_ExitAtomic
                0x082023e0        0x4 ./gecko_sdk_4.4.3/platform/emlib/src/em_core.o
                0x082023e0                CORE_ExitAtomic
 .text.sli_mem_pool_create
                0x082023e4       0x3c ./gecko_sdk_4.4.3/platform/service/mem_pool/src/sl_mem_pool.o
                0x082023e4                sli_mem_pool_create
 .text.sli_mem_pool_alloc
                0x08202420       0x24 ./gecko_sdk_4.4.3/platform/service/mem_pool/src/sl_mem_pool.o
                0x08202420                sli_mem_pool_alloc
 .text.sli_mem_pool_free
                0x08202444       0x18 ./gecko_sdk_4.4.3/platform/service/mem_pool/src/sl_mem_pool.o
                0x08202444                sli_mem_pool_free
 .text.sl_system_init
                0x0820245c       0x1a ./gecko_sdk_4.4.3/platform/service/system/src/sl_system_init.o
                0x0820245c                sl_system_init
 .text.sl_system_kernel_start
                0x08202476        0x4 ./gecko_sdk_4.4.3/platform/service/system/src/sl_system_kernel.o
                0x08202476                sl_system_kernel_start
 .text.SysTick_Handler
                0x0820247a       0x1a ./gecko_sdk_4.4.3/util/third_party/freertos/cmsis/Source/cmsis_os2.o
                0x0820247a                SysTick_Handler
 .text.osKernelInitialize
                0x08202494       0x34 ./gecko_sdk_4.4.3/util/third_party/freertos/cmsis/Source/cmsis_os2.o
                0x08202494                osKernelInitialize
 .text.osKernelStart
                0x082024c8       0x48 ./gecko_sdk_4.4.3/util/third_party/freertos/cmsis/Source/cmsis_os2.o
                0x082024c8                osKernelStart
 .text.osKernelGetTickCount
                0x08202510       0x28 ./gecko_sdk_4.4.3/util/third_party/freertos/cmsis/Source/cmsis_os2.o
                0x08202510                osKernelGetTickCount
 .text.osThreadNew
                0x08202538       0xa8 ./gecko_sdk_4.4.3/util/third_party/freertos/cmsis/Source/cmsis_os2.o
                0x08202538                osThreadNew
 .text.osThreadYield
                0x082025e0       0x3c ./gecko_sdk_4.4.3/util/third_party/freertos/cmsis/Source/cmsis_os2.o
                0x082025e0                osThreadYield
 .text.osDelay  0x0820261c       0x30 ./gecko_sdk_4.4.3/util/third_party/freertos/cmsis/Source/cmsis_os2.o
                0x0820261c                osDelay
 .text.osEventFlagsNew
                0x0820264c       0x3c ./gecko_sdk_4.4.3/util/third_party/freertos/cmsis/Source/cmsis_os2.o
                0x0820264c                osEventFlagsNew
 .text.osEventFlagsSet
                0x08202688       0x70 ./gecko_sdk_4.4.3/util/third_party/freertos/cmsis/Source/cmsis_os2.o
                0x08202688                osEventFlagsSet
 .text.osEventFlagsClear
                0x082026f8       0x5c ./gecko_sdk_4.4.3/util/third_party/freertos/cmsis/Source/cmsis_os2.o
                0x082026f8                osEventFlagsClear
 .text.osEventFlagsWait
                0x08202754       0x70 ./gecko_sdk_4.4.3/util/third_party/freertos/cmsis/Source/cmsis_os2.o
                0x08202754                osEventFlagsWait
 .text.osMutexNew
                0x082027c4       0x94 ./gecko_sdk_4.4.3/util/third_party/freertos/cmsis/Source/cmsis_os2.o
                0x082027c4                osMutexNew
 .text.osMutexAcquire
                0x08202858       0x60 ./gecko_sdk_4.4.3/util/third_party/freertos/cmsis/Source/cmsis_os2.o
                0x08202858                osMutexAcquire
 .text.osMutexRelease
                0x082028b8       0x58 ./gecko_sdk_4.4.3/util/third_party/freertos/cmsis/Source/cmsis_os2.o
                0x082028b8                osMutexRelease
 .text.vApplicationGetIdleTaskMemory
                0x08202910       0x18 ./gecko_sdk_4.4.3/util/third_party/freertos/cmsis/Source/cmsis_os2.o
                0x08202910                vApplicationGetIdleTaskMemory
 .text.vApplicationGetTimerTaskMemory
                0x08202928       0x18 ./gecko_sdk_4.4.3/util/third_party/freertos/cmsis/Source/cmsis_os2.o
                0x08202928                vApplicationGetTimerTaskMemory
 .text.xEventGroupCreateStatic
                0x08202940       0x48 ./gecko_sdk_4.4.3/util/third_party/freertos/kernel/event_groups.o
                0x08202940                xEventGroupCreateStatic
 .text.xEventGroupCreate
                0x08202988       0x1c ./gecko_sdk_4.4.3/util/third_party/freertos/kernel/event_groups.o
                0x08202988                xEventGroupCreate
 .text.xEventGroupWaitBits
                0x082029a4      0x130 ./gecko_sdk_4.4.3/util/third_party/freertos/kernel/event_groups.o
                0x082029a4                xEventGroupWaitBits
 .text.xEventGroupClearBits
                0x08202ad4       0x46 ./gecko_sdk_4.4.3/util/third_party/freertos/kernel/event_groups.o
                0x08202ad4                xEventGroupClearBits
 .text.vEventGroupClearBitsCallback
                0x08202b1a        0x4 ./gecko_sdk_4.4.3/util/third_party/freertos/kernel/event_groups.o
                0x08202b1a                vEventGroupClearBitsCallback
 *fill*         0x08202b1e        0x2 
 .text.xEventGroupClearBitsFromISR
                0x08202b20       0x10 ./gecko_sdk_4.4.3/util/third_party/freertos/kernel/event_groups.o
                0x08202b20                xEventGroupClearBitsFromISR
 .text.xEventGroupGetBitsFromISR
                0x08202b30       0x1c ./gecko_sdk_4.4.3/util/third_party/freertos/kernel/event_groups.o
                0x08202b30                xEventGroupGetBitsFromISR
 .text.xEventGroupSetBits
                0x08202b4c       0x88 ./gecko_sdk_4.4.3/util/third_party/freertos/kernel/event_groups.o
                0x08202b4c                xEventGroupSetBits
 .text.vEventGroupSetBitsCallback
                0x08202bd4        0x4 ./gecko_sdk_4.4.3/util/third_party/freertos/kernel/event_groups.o
                0x08202bd4                vEventGroupSetBitsCallback
 .text.xEventGroupSetBitsFromISR
                0x08202bd8       0x10 ./gecko_sdk_4.4.3/util/third_party/freertos/kernel/event_groups.o
                0x08202bd8                xEventGroupSetBitsFromISR
 .text.vListInitialise
                0x08202be8       0x16 ./gecko_sdk_4.4.3/util/third_party/freertos/kernel/list.o
                0x08202be8                vListInitialise
 .text.vListInitialiseItem
                0x08202bfe        0x6 ./gecko_sdk_4.4.3/util/third_party/freertos/kernel/list.o
                0x08202bfe                vListInitialiseItem
 .text.vListInsertEnd
                0x08202c04       0x16 ./gecko_sdk_4.4.3/util/third_party/freertos/kernel/list.o
                0x08202c04                vListInsertEnd
 .text.vListInsert
                0x08202c1a       0x2e ./gecko_sdk_4.4.3/util/third_party/freertos/kernel/list.o
                0x08202c1a                vListInsert
 .text.uxListRemove
                0x08202c48       0x20 ./gecko_sdk_4.4.3/util/third_party/freertos/kernel/list.o
                0x08202c48                uxListRemove
 .text.prvIsQueueEmpty
                0x08202c68       0x16 ./gecko_sdk_4.4.3/util/third_party/freertos/kernel/queue.o
 .text.prvCopyDataToQueue
                0x08202c7e       0x66 ./gecko_sdk_4.4.3/util/third_party/freertos/kernel/queue.o
 .text.prvCopyDataFromQueue
                0x08202ce4       0x2c ./gecko_sdk_4.4.3/util/third_party/freertos/kernel/queue.o
 .text.prvUnlockQueue
                0x08202d10       0x70 ./gecko_sdk_4.4.3/util/third_party/freertos/kernel/queue.o
 .text.xQueueGenericReset
                0x08202d80       0x7e ./gecko_sdk_4.4.3/util/third_party/freertos/kernel/queue.o
                0x08202d80                xQueueGenericReset
 .text.xQueueGenericCreate.part.0
                0x08202dfe       0x7a ./gecko_sdk_4.4.3/util/third_party/freertos/kernel/queue.o
 .text.xQueueGenericCreateStatic
                0x08202e78       0xa6 ./gecko_sdk_4.4.3/util/third_party/freertos/kernel/queue.o
                0x08202e78                xQueueGenericCreateStatic
 .text.xQueueGenericCreate
                0x08202f1e       0x18 ./gecko_sdk_4.4.3/util/third_party/freertos/kernel/queue.o
                0x08202f1e                xQueueGenericCreate
 .text.xQueueGenericSend
                0x08202f36      0x178 ./gecko_sdk_4.4.3/util/third_party/freertos/kernel/queue.o
                0x08202f36                xQueueGenericSend
 .text.xQueueCreateMutexStatic
                0x082030ae       0x2a ./gecko_sdk_4.4.3/util/third_party/freertos/kernel/queue.o
                0x082030ae                xQueueCreateMutexStatic
 .text.xQueueGiveMutexRecursive
                0x082030d8       0x3e ./gecko_sdk_4.4.3/util/third_party/freertos/kernel/queue.o
                0x082030d8                xQueueGiveMutexRecursive
 .text.xQueueCreateMutex
                0x08203116       0x24 ./gecko_sdk_4.4.3/util/third_party/freertos/kernel/queue.o
                0x08203116                xQueueCreateMutex
 .text.xQueueGenericSendFromISR
                0x0820313a       0xd0 ./gecko_sdk_4.4.3/util/third_party/freertos/kernel/queue.o
                0x0820313a                xQueueGenericSendFromISR
 .text.xQueueReceive
                0x0820320a      0x13e ./gecko_sdk_4.4.3/util/third_party/freertos/kernel/queue.o
                0x0820320a                xQueueReceive
 .text.xQueueSemaphoreTake
                0x08203348      0x17a ./gecko_sdk_4.4.3/util/third_party/freertos/kernel/queue.o
                0x08203348                xQueueSemaphoreTake
 .text.xQueueTakeMutexRecursive
                0x082034c2       0x42 ./gecko_sdk_4.4.3/util/third_party/freertos/kernel/queue.o
                0x082034c2                xQueueTakeMutexRecursive
 .text.vQueueAddToRegistry
                0x08203504       0x24 ./gecko_sdk_4.4.3/util/third_party/freertos/kernel/queue.o
                0x08203504                vQueueAddToRegistry
 .text.vQueueWaitForMessageRestricted
                0x08203528       0x46 ./gecko_sdk_4.4.3/util/third_party/freertos/kernel/queue.o
                0x08203528                vQueueWaitForMessageRestricted
 *fill*         0x0820356e        0x2 
 .text.prvAddNewTaskToReadyList
                0x08203570      0x100 ./gecko_sdk_4.4.3/util/third_party/freertos/kernel/tasks.o
 .text.prvAddCurrentTaskToDelayedList
                0x08203670       0x78 ./gecko_sdk_4.4.3/util/third_party/freertos/kernel/tasks.o
 .text.prvResetNextTaskUnblockTime
                0x082036e8       0x24 ./gecko_sdk_4.4.3/util/third_party/freertos/kernel/tasks.o
 .text.prvDeleteTCB
                0x0820370c       0x36 ./gecko_sdk_4.4.3/util/third_party/freertos/kernel/tasks.o
 *fill*         0x08203742        0x2 
 .text.prvIdleTask
                0x08203744       0x60 ./gecko_sdk_4.4.3/util/third_party/freertos/kernel/tasks.o
 .text.prvInitialiseNewTask.constprop.0
                0x082037a4       0xb0 ./gecko_sdk_4.4.3/util/third_party/freertos/kernel/tasks.o
 .text.xTaskCreateStatic
                0x08203854       0x70 ./gecko_sdk_4.4.3/util/third_party/freertos/kernel/tasks.o
                0x08203854                xTaskCreateStatic
 .text.xTaskCreate
                0x082038c4       0x5c ./gecko_sdk_4.4.3/util/third_party/freertos/kernel/tasks.o
                0x082038c4                xTaskCreate
 .text.vTaskStartScheduler
                0x08203920       0x90 ./gecko_sdk_4.4.3/util/third_party/freertos/kernel/tasks.o
                0x08203920                vTaskStartScheduler
 .text.vTaskSuspendAll
                0x082039b0       0x10 ./gecko_sdk_4.4.3/util/third_party/freertos/kernel/tasks.o
                0x082039b0                vTaskSuspendAll
 .text.xTaskGetTickCount
                0x082039c0        0xc ./gecko_sdk_4.4.3/util/third_party/freertos/kernel/tasks.o
                0x082039c0                xTaskGetTickCount
 .text.xTaskGetTickCountFromISR
                0x082039cc       0x10 ./gecko_sdk_4.4.3/util/third_party/freertos/kernel/tasks.o
                0x082039cc                xTaskGetTickCountFromISR
 .text.xTaskIncrementTick
                0x082039dc      0x12c ./gecko_sdk_4.4.3/util/third_party/freertos/kernel/tasks.o
                0x082039dc                xTaskIncrementTick
 .text.xTaskResumeAll
                0x08203b08       0xe8 ./gecko_sdk_4.4.3/util/third_party/freertos/kernel/tasks.o
                0x08203b08                xTaskResumeAll
 .text.vTaskDelay
                0x08203bf0       0x48 ./gecko_sdk_4.4.3/util/third_party/freertos/kernel/tasks.o
                0x08203bf0                vTaskDelay
 .text.vTaskSwitchContext
                0x08203c38       0x88 ./gecko_sdk_4.4.3/util/third_party/freertos/kernel/tasks.o
                0x08203c38                vTaskSwitchContext
 .text.vTaskPlaceOnEventList
                0x08203cc0       0x34 ./gecko_sdk_4.4.3/util/third_party/freertos/kernel/tasks.o
                0x08203cc0                vTaskPlaceOnEventList
 .text.vTaskPlaceOnUnorderedEventList
                0x08203cf4       0x58 ./gecko_sdk_4.4.3/util/third_party/freertos/kernel/tasks.o
                0x08203cf4                vTaskPlaceOnUnorderedEventList
 .text.vTaskPlaceOnEventListRestricted
                0x08203d4c       0x3c ./gecko_sdk_4.4.3/util/third_party/freertos/kernel/tasks.o
                0x08203d4c                vTaskPlaceOnEventListRestricted
 .text.xTaskRemoveFromEventList
                0x08203d88       0x80 ./gecko_sdk_4.4.3/util/third_party/freertos/kernel/tasks.o
                0x08203d88                xTaskRemoveFromEventList
 .text.vTaskRemoveFromUnorderedEventList
                0x08203e08       0x84 ./gecko_sdk_4.4.3/util/third_party/freertos/kernel/tasks.o
                0x08203e08                vTaskRemoveFromUnorderedEventList
 .text.vTaskInternalSetTimeOutState
                0x08203e8c       0x18 ./gecko_sdk_4.4.3/util/third_party/freertos/kernel/tasks.o
                0x08203e8c                vTaskInternalSetTimeOutState
 .text.xTaskCheckForTimeOut
                0x08203ea4       0x90 ./gecko_sdk_4.4.3/util/third_party/freertos/kernel/tasks.o
                0x08203ea4                xTaskCheckForTimeOut
 .text.vTaskMissedYield
                0x08203f34        0xc ./gecko_sdk_4.4.3/util/third_party/freertos/kernel/tasks.o
                0x08203f34                vTaskMissedYield
 .text.vTaskSetThreadLocalStoragePointer
                0x08203f40       0x2c ./gecko_sdk_4.4.3/util/third_party/freertos/kernel/tasks.o
                0x08203f40                vTaskSetThreadLocalStoragePointer
 .text.xTaskGetCurrentTaskHandle
                0x08203f6c        0xc ./gecko_sdk_4.4.3/util/third_party/freertos/kernel/tasks.o
                0x08203f6c                xTaskGetCurrentTaskHandle
 .text.xTaskGetSchedulerState
                0x08203f78       0x20 ./gecko_sdk_4.4.3/util/third_party/freertos/kernel/tasks.o
                0x08203f78                xTaskGetSchedulerState
 .text.xTaskPriorityInherit
                0x08203f98       0x7c ./gecko_sdk_4.4.3/util/third_party/freertos/kernel/tasks.o
                0x08203f98                xTaskPriorityInherit
 .text.xTaskPriorityDisinherit
                0x08204014       0x84 ./gecko_sdk_4.4.3/util/third_party/freertos/kernel/tasks.o
                0x08204014                xTaskPriorityDisinherit
 .text.vTaskPriorityDisinheritAfterTimeout
                0x08204098       0x9c ./gecko_sdk_4.4.3/util/third_party/freertos/kernel/tasks.o
                0x08204098                vTaskPriorityDisinheritAfterTimeout
 .text.uxTaskResetEventItemValue
                0x08204134       0x18 ./gecko_sdk_4.4.3/util/third_party/freertos/kernel/tasks.o
                0x08204134                uxTaskResetEventItemValue
 .text.pvTaskIncrementMutexHeldCount
                0x0820414c       0x18 ./gecko_sdk_4.4.3/util/third_party/freertos/kernel/tasks.o
                0x0820414c                pvTaskIncrementMutexHeldCount
 .text.prvInsertTimerInActiveList
                0x08204164       0x3c ./gecko_sdk_4.4.3/util/third_party/freertos/kernel/timers.o
 .text.prvCheckForValidListAndQueue
                0x082041a0       0x68 ./gecko_sdk_4.4.3/util/third_party/freertos/kernel/timers.o
 .text.xTimerCreateTimerTask
                0x08204208       0x64 ./gecko_sdk_4.4.3/util/third_party/freertos/kernel/timers.o
                0x08204208                xTimerCreateTimerTask
 .text.xTimerGenericCommand
                0x0820426c       0x58 ./gecko_sdk_4.4.3/util/third_party/freertos/kernel/timers.o
                0x0820426c                xTimerGenericCommand
 .text.prvSampleTimeNow
                0x082042c4       0xa4 ./gecko_sdk_4.4.3/util/third_party/freertos/kernel/timers.o
 .text.prvTimerTask
                0x08204368      0x1cc ./gecko_sdk_4.4.3/util/third_party/freertos/kernel/timers.o
 .text.xTimerPendFunctionCallFromISR
                0x08204534       0x28 ./gecko_sdk_4.4.3/util/third_party/freertos/kernel/timers.o
                0x08204534                xTimerPendFunctionCallFromISR
 .text.prvPortStartFirstTask
                0x0820455c       0x28 ./gecko_sdk_4.4.3/util/third_party/freertos/kernel/portable/GCC/ARM_CM4F/port.o
 .text.vPortEnableVFP
                0x08204584       0x14 ./gecko_sdk_4.4.3/util/third_party/freertos/kernel/portable/GCC/ARM_CM4F/port.o
 .text.prvTaskExitError
                0x08204598       0x40 ./gecko_sdk_4.4.3/util/third_party/freertos/kernel/portable/GCC/ARM_CM4F/port.o
 .text.pxPortInitialiseStack
                0x082045d8       0x2c ./gecko_sdk_4.4.3/util/third_party/freertos/kernel/portable/GCC/ARM_CM4F/port.o
                0x082045d8                pxPortInitialiseStack
 *fill*         0x08204604        0xc 
 .text.SVC_Handler
                0x08204610       0x24 ./gecko_sdk_4.4.3/util/third_party/freertos/kernel/portable/GCC/ARM_CM4F/port.o
                0x08204610                SVC_Handler
 .text.vPortEnterCritical
                0x08204634       0x40 ./gecko_sdk_4.4.3/util/third_party/freertos/kernel/portable/GCC/ARM_CM4F/port.o
                0x08204634                vPortEnterCritical
 .text.vPortExitCritical
                0x08204674       0x28 ./gecko_sdk_4.4.3/util/third_party/freertos/kernel/portable/GCC/ARM_CM4F/port.o
                0x08204674                vPortExitCritical
 *fill*         0x0820469c        0x4 
 .text.PendSV_Handler
                0x082046a0       0x64 ./gecko_sdk_4.4.3/util/third_party/freertos/kernel/portable/GCC/ARM_CM4F/port.o
                0x082046a0                PendSV_Handler
 .text.xPortSysTickHandler
                0x08204704       0x2c ./gecko_sdk_4.4.3/util/third_party/freertos/kernel/portable/GCC/ARM_CM4F/port.o
                0x08204704                xPortSysTickHandler
 .text.vPortSetupTimerInterrupt
                0x08204730       0x24 ./gecko_sdk_4.4.3/util/third_party/freertos/kernel/portable/GCC/ARM_CM4F/port.o
                0x08204730                vPortSetupTimerInterrupt
 .text.xPortStartScheduler
                0x08204754      0x10c ./gecko_sdk_4.4.3/util/third_party/freertos/kernel/portable/GCC/ARM_CM4F/port.o
                0x08204754                xPortStartScheduler
 .text.vPortValidateInterruptPriority
                0x08204860       0x5c ./gecko_sdk_4.4.3/util/third_party/freertos/kernel/portable/GCC/ARM_CM4F/port.o
                0x08204860                vPortValidateInterruptPriority
 .text.prvInsertBlockIntoFreeList
                0x082048bc       0x50 ./gecko_sdk_4.4.3/util/third_party/freertos/kernel/portable/MemMang/heap_4.o
 .text.pvPortMalloc
                0x0820490c      0x134 ./gecko_sdk_4.4.3/util/third_party/freertos/kernel/portable/MemMang/heap_4.o
                0x0820490c                pvPortMalloc
 .text.vPortFree
                0x08204a40       0x7c ./gecko_sdk_4.4.3/util/third_party/freertos/kernel/portable/MemMang/heap_4.o
                0x08204a40                vPortFree
 .text.tcpip_thread
                0x08204abc       0xd0 ./gecko_sdk_4.4.3/util/third_party/lwip/lwip/src/api/tcpip.o
 .text.tcpip_inpkt
                0x08204b8c       0x58 ./gecko_sdk_4.4.3/util/third_party/lwip/lwip/src/api/tcpip.o
                0x08204b8c                tcpip_inpkt
 .text.tcpip_input
                0x08204be4       0x1c ./gecko_sdk_4.4.3/util/third_party/lwip/lwip/src/api/tcpip.o
                0x08204be4                tcpip_input
 .text.tcpip_init
                0x08204c00       0x80 ./gecko_sdk_4.4.3/util/third_party/lwip/lwip/src/api/tcpip.o
                0x08204c00                tcpip_init
 .text.lwip_htons
                0x08204c80        0x6 ./gecko_sdk_4.4.3/util/third_party/lwip/lwip/src/core/def.o
                0x08204c80                lwip_htons
 .text.lwip_htonl
                0x08204c86        0x4 ./gecko_sdk_4.4.3/util/third_party/lwip/lwip/src/core/def.o
                0x08204c86                lwip_htonl
 *fill*         0x08204c8a        0x2 
 .text.dns_call_found
                0x08204c8c       0x9c ./gecko_sdk_4.4.3/util/third_party/lwip/lwip/src/core/dns.o
 .text.dns_send.isra.0
                0x08204d28      0x148 ./gecko_sdk_4.4.3/util/third_party/lwip/lwip/src/core/dns.o
 .text.dns_check_entry
                0x08204e70       0xec ./gecko_sdk_4.4.3/util/third_party/lwip/lwip/src/core/dns.o
 .text.dns_init
                0x08204f5c        0x2 ./gecko_sdk_4.4.3/util/third_party/lwip/lwip/src/core/dns.o
                0x08204f5c                dns_init
 *fill*         0x08204f5e        0x2 
 .text.dns_setserver
                0x08204f60       0x20 ./gecko_sdk_4.4.3/util/third_party/lwip/lwip/src/core/dns.o
                0x08204f60                dns_setserver
 .text.dns_tmr  0x08204f80       0x1e ./gecko_sdk_4.4.3/util/third_party/lwip/lwip/src/core/dns.o
                0x08204f80                dns_tmr
 .text.lwip_standard_chksum
                0x08204f9e       0x54 ./gecko_sdk_4.4.3/util/third_party/lwip/lwip/src/core/inet_chksum.o
                0x08204f9e                lwip_standard_chksum
 .text.inet_chksum_pseudo
                0x08204ff2       0x92 ./gecko_sdk_4.4.3/util/third_party/lwip/lwip/src/core/inet_chksum.o
                0x08204ff2                inet_chksum_pseudo
 .text.ip_chksum_pseudo
                0x08205084        0x4 ./gecko_sdk_4.4.3/util/third_party/lwip/lwip/src/core/inet_chksum.o
                0x08205084                ip_chksum_pseudo
 .text.inet_chksum
                0x08205088        0xc ./gecko_sdk_4.4.3/util/third_party/lwip/lwip/src/core/inet_chksum.o
                0x08205088                inet_chksum
 .text.inet_chksum_pbuf
                0x08205094       0x44 ./gecko_sdk_4.4.3/util/third_party/lwip/lwip/src/core/inet_chksum.o
                0x08205094                inet_chksum_pbuf
 .text.lwip_init
                0x082050d8       0x26 ./gecko_sdk_4.4.3/util/third_party/lwip/lwip/src/core/init.o
                0x082050d8                lwip_init
 *fill*         0x082050fe        0x2 
 .text.mem_init
                0x08205100       0x6c ./gecko_sdk_4.4.3/util/third_party/lwip/lwip/src/core/mem.o
                0x08205100                mem_init
 .text.mem_free
                0x0820516c      0x1b0 ./gecko_sdk_4.4.3/util/third_party/lwip/lwip/src/core/mem.o
                0x0820516c                mem_free
 .text.mem_trim
                0x0820531c      0x16c ./gecko_sdk_4.4.3/util/third_party/lwip/lwip/src/core/mem.o
                0x0820531c                mem_trim
 .text.mem_malloc
                0x08205488      0x15c ./gecko_sdk_4.4.3/util/third_party/lwip/lwip/src/core/mem.o
                0x08205488                mem_malloc
 .text.do_memp_malloc_pool
                0x082055e4       0x3c ./gecko_sdk_4.4.3/util/third_party/lwip/lwip/src/core/memp.o
 .text.do_memp_free_pool
                0x08205620       0x38 ./gecko_sdk_4.4.3/util/third_party/lwip/lwip/src/core/memp.o
 .text.memp_init_pool
                0x08205658       0x26 ./gecko_sdk_4.4.3/util/third_party/lwip/lwip/src/core/memp.o
                0x08205658                memp_init_pool
 *fill*         0x0820567e        0x2 
 .text.memp_init
                0x08205680       0x1c ./gecko_sdk_4.4.3/util/third_party/lwip/lwip/src/core/memp.o
                0x08205680                memp_init
 .text.memp_malloc
                0x0820569c       0x38 ./gecko_sdk_4.4.3/util/third_party/lwip/lwip/src/core/memp.o
                0x0820569c                memp_malloc
 .text.memp_free
                0x082056d4       0x30 ./gecko_sdk_4.4.3/util/third_party/lwip/lwip/src/core/memp.o
                0x082056d4                memp_free
 .text.netif_null_output_ip4
                0x08205704        0x6 ./gecko_sdk_4.4.3/util/third_party/lwip/lwip/src/core/netif.o
 *fill*         0x0820570a        0x2 
 .text.netif_issue_reports
                0x0820570c       0x44 ./gecko_sdk_4.4.3/util/third_party/lwip/lwip/src/core/netif.o
 .text.netif_do_set_ipaddr.isra.0
                0x08205750       0x34 ./gecko_sdk_4.4.3/util/third_party/lwip/lwip/src/core/netif.o
 .text.netif_init
                0x08205784        0x2 ./gecko_sdk_4.4.3/util/third_party/lwip/lwip/src/core/netif.o
                0x08205784                netif_init
 *fill*         0x08205786        0x2 
 .text.netif_set_addr
                0x08205788       0x58 ./gecko_sdk_4.4.3/util/third_party/lwip/lwip/src/core/netif.o
                0x08205788                netif_set_addr
 .text.netif_add
                0x082057e0      0x11c ./gecko_sdk_4.4.3/util/third_party/lwip/lwip/src/core/netif.o
                0x082057e0                netif_add
 .text.netif_set_default
                0x082058fc        0xc ./gecko_sdk_4.4.3/util/third_party/lwip/lwip/src/core/netif.o
                0x082058fc                netif_set_default
 .text.netif_set_up
                0x08205908       0x34 ./gecko_sdk_4.4.3/util/third_party/lwip/lwip/src/core/netif.o
                0x08205908                netif_set_up
 .text.netif_get_by_index
                0x0820593c       0x24 ./gecko_sdk_4.4.3/util/third_party/lwip/lwip/src/core/netif.o
                0x0820593c                netif_get_by_index
 .text.pbuf_skip_const
                0x08205960       0x16 ./gecko_sdk_4.4.3/util/third_party/lwip/lwip/src/core/pbuf.o
 *fill*         0x08205976        0x2 
 .text.pbuf_add_header_impl
                0x08205978       0x68 ./gecko_sdk_4.4.3/util/third_party/lwip/lwip/src/core/pbuf.o
 .text.pbuf_alloc_reference
                0x082059e0       0x48 ./gecko_sdk_4.4.3/util/third_party/lwip/lwip/src/core/pbuf.o
                0x082059e0                pbuf_alloc_reference
 .text.pbuf_add_header
                0x08205a28        0x6 ./gecko_sdk_4.4.3/util/third_party/lwip/lwip/src/core/pbuf.o
                0x08205a28                pbuf_add_header
 *fill*         0x08205a2e        0x2 
 .text.pbuf_remove_header
                0x08205a30       0x58 ./gecko_sdk_4.4.3/util/third_party/lwip/lwip/src/core/pbuf.o
                0x08205a30                pbuf_remove_header
 .text.pbuf_header_force
                0x08205a88       0x10 ./gecko_sdk_4.4.3/util/third_party/lwip/lwip/src/core/pbuf.o
                0x08205a88                pbuf_header_force
 .text.pbuf_free
                0x08205a98       0xb0 ./gecko_sdk_4.4.3/util/third_party/lwip/lwip/src/core/pbuf.o
                0x08205a98                pbuf_free
 .text.pbuf_alloc
                0x08205b48       0xf4 ./gecko_sdk_4.4.3/util/third_party/lwip/lwip/src/core/pbuf.o
                0x08205b48                pbuf_alloc
 .text.pbuf_realloc
                0x08205c3c       0xac ./gecko_sdk_4.4.3/util/third_party/lwip/lwip/src/core/pbuf.o
                0x08205c3c                pbuf_realloc
 .text.pbuf_clen
                0x08205ce8       0x10 ./gecko_sdk_4.4.3/util/third_party/lwip/lwip/src/core/pbuf.o
                0x08205ce8                pbuf_clen
 .text.pbuf_ref
                0x08205cf8       0x38 ./gecko_sdk_4.4.3/util/third_party/lwip/lwip/src/core/pbuf.o
                0x08205cf8                pbuf_ref
 .text.pbuf_cat
                0x08205d30       0x74 ./gecko_sdk_4.4.3/util/third_party/lwip/lwip/src/core/pbuf.o
                0x08205d30                pbuf_cat
 .text.pbuf_chain
                0x08205da4       0x12 ./gecko_sdk_4.4.3/util/third_party/lwip/lwip/src/core/pbuf.o
                0x08205da4                pbuf_chain
 *fill*         0x08205db6        0x2 
 .text.pbuf_copy
                0x08205db8      0x130 ./gecko_sdk_4.4.3/util/third_party/lwip/lwip/src/core/pbuf.o
                0x08205db8                pbuf_copy
 .text.pbuf_copy_partial
                0x08205ee8       0x84 ./gecko_sdk_4.4.3/util/third_party/lwip/lwip/src/core/pbuf.o
                0x08205ee8                pbuf_copy_partial
 .text.pbuf_take
                0x08205f6c       0xc0 ./gecko_sdk_4.4.3/util/third_party/lwip/lwip/src/core/pbuf.o
                0x08205f6c                pbuf_take
 .text.pbuf_take_at
                0x0820602c       0x80 ./gecko_sdk_4.4.3/util/third_party/lwip/lwip/src/core/pbuf.o
                0x0820602c                pbuf_take_at
 .text.pbuf_clone
                0x082060ac       0x38 ./gecko_sdk_4.4.3/util/third_party/lwip/lwip/src/core/pbuf.o
                0x082060ac                pbuf_clone
 .text.pbuf_put_at
                0x082060e4       0x20 ./gecko_sdk_4.4.3/util/third_party/lwip/lwip/src/core/pbuf.o
                0x082060e4                pbuf_put_at
 .text.tcp_close_shutdown_fin
                0x08206104       0x60 ./gecko_sdk_4.4.3/util/third_party/lwip/lwip/src/core/tcp.o
 .text.tcp_init
                0x08206164       0x18 ./gecko_sdk_4.4.3/util/third_party/lwip/lwip/src/core/tcp.o
                0x08206164                tcp_init
 .text.tcp_free
                0x0820617c       0x30 ./gecko_sdk_4.4.3/util/third_party/lwip/lwip/src/core/tcp.o
                0x0820617c                tcp_free
 .text.tcp_update_rcv_ann_wnd
                0x082061ac       0x6c ./gecko_sdk_4.4.3/util/third_party/lwip/lwip/src/core/tcp.o
                0x082061ac                tcp_update_rcv_ann_wnd
 .text.tcp_recved
                0x08206218       0x7c ./gecko_sdk_4.4.3/util/third_party/lwip/lwip/src/core/tcp.o
                0x08206218                tcp_recved
 .text.tcp_seg_free
                0x08206294       0x1c ./gecko_sdk_4.4.3/util/third_party/lwip/lwip/src/core/tcp.o
                0x08206294                tcp_seg_free
 .text.tcp_segs_free
                0x082062b0       0x10 ./gecko_sdk_4.4.3/util/third_party/lwip/lwip/src/core/tcp.o
                0x082062b0                tcp_segs_free
 .text.tcp_pcb_purge
                0x082062c0       0x58 ./gecko_sdk_4.4.3/util/third_party/lwip/lwip/src/core/tcp.o
                0x082062c0                tcp_pcb_purge
 .text.tcp_slowtmr
                0x08206318      0x40c ./gecko_sdk_4.4.3/util/third_party/lwip/lwip/src/core/tcp.o
                0x08206318                tcp_slowtmr
 .text.tcp_pcb_remove
                0x08206724       0xb8 ./gecko_sdk_4.4.3/util/third_party/lwip/lwip/src/core/tcp.o
                0x08206724                tcp_pcb_remove
 .text.tcp_close_shutdown
                0x082067dc      0x164 ./gecko_sdk_4.4.3/util/third_party/lwip/lwip/src/core/tcp.o
 .text.tcp_close
                0x08206940       0x3c ./gecko_sdk_4.4.3/util/third_party/lwip/lwip/src/core/tcp.o
                0x08206940                tcp_close
 .text.tcp_recv_null
                0x0820697c       0x48 ./gecko_sdk_4.4.3/util/third_party/lwip/lwip/src/core/tcp.o
                0x0820697c                tcp_recv_null
 .text.tcp_process_refused_data
                0x082069c4       0x8c ./gecko_sdk_4.4.3/util/third_party/lwip/lwip/src/core/tcp.o
                0x082069c4                tcp_process_refused_data
 .text.tcp_fasttmr
                0x08206a50       0x80 ./gecko_sdk_4.4.3/util/third_party/lwip/lwip/src/core/tcp.o
                0x08206a50                tcp_fasttmr
 .text.tcp_tmr  0x08206ad0       0x24 ./gecko_sdk_4.4.3/util/third_party/lwip/lwip/src/core/tcp.o
                0x08206ad0                tcp_tmr
 .text.tcp_abandon
                0x08206af4      0x110 ./gecko_sdk_4.4.3/util/third_party/lwip/lwip/src/core/tcp.o
                0x08206af4                tcp_abandon
 .text.tcp_abort
                0x08206c04        0x6 ./gecko_sdk_4.4.3/util/third_party/lwip/lwip/src/core/tcp.o
                0x08206c04                tcp_abort
 *fill*         0x08206c0a        0x2 
 .text.tcp_netif_ip_addr_changed_pcblist
                0x08206c0c       0x3c ./gecko_sdk_4.4.3/util/third_party/lwip/lwip/src/core/tcp.o
 .text.tcp_kill_state
                0x08206c48       0x3c ./gecko_sdk_4.4.3/util/third_party/lwip/lwip/src/core/tcp.o
 .text.tcp_alloc
                0x08206c84      0x134 ./gecko_sdk_4.4.3/util/third_party/lwip/lwip/src/core/tcp.o
                0x08206c84                tcp_alloc
 .text.tcp_next_iss
                0x08206db8       0x34 ./gecko_sdk_4.4.3/util/third_party/lwip/lwip/src/core/tcp.o
                0x08206db8                tcp_next_iss
 .text.tcp_eff_send_mss_netif
                0x08206dec       0x3c ./gecko_sdk_4.4.3/util/third_party/lwip/lwip/src/core/tcp.o
                0x08206dec                tcp_eff_send_mss_netif
 .text.tcp_netif_ip_addr_changed
                0x08206e28       0x48 ./gecko_sdk_4.4.3/util/third_party/lwip/lwip/src/core/tcp.o
                0x08206e28                tcp_netif_ip_addr_changed
 .text.tcp_get_next_optbyte
                0x08206e70       0x38 ./gecko_sdk_4.4.3/util/third_party/lwip/lwip/src/core/tcp_in.o
 .text.tcp_parseopt
                0x08206ea8       0x94 ./gecko_sdk_4.4.3/util/third_party/lwip/lwip/src/core/tcp_in.o
 .text.tcp_input_delayed_close
                0x08206f3c       0x3c ./gecko_sdk_4.4.3/util/third_party/lwip/lwip/src/core/tcp_in.o
 .text.tcp_free_acked_segments.constprop.0
                0x08206f78       0xc0 ./gecko_sdk_4.4.3/util/third_party/lwip/lwip/src/core/tcp_in.o
 .text.tcp_receive
                0x08207038      0x4d0 ./gecko_sdk_4.4.3/util/third_party/lwip/lwip/src/core/tcp_in.o
 .text.tcp_input
                0x08207508      0xb10 ./gecko_sdk_4.4.3/util/third_party/lwip/lwip/src/core/tcp_in.o
                0x08207508                tcp_input
 .text.tcp_trigger_input_pcb_close
                0x08208018       0x10 ./gecko_sdk_4.4.3/util/third_party/lwip/lwip/src/core/tcp_in.o
                0x08208018                tcp_trigger_input_pcb_close
 .text.tcp_output_segment_busy
                0x08208028       0x2c ./gecko_sdk_4.4.3/util/third_party/lwip/lwip/src/core/tcp_out.o
 .text.tcp_create_segment
                0x08208054       0xdc ./gecko_sdk_4.4.3/util/third_party/lwip/lwip/src/core/tcp_out.o
 .text.tcp_output_alloc_header_common.constprop.0
                0x08208130       0x84 ./gecko_sdk_4.4.3/util/third_party/lwip/lwip/src/core/tcp_out.o
 .text.tcp_output_alloc_header.constprop.0
                0x082081b4       0x4c ./gecko_sdk_4.4.3/util/third_party/lwip/lwip/src/core/tcp_out.o
 .text.tcp_output_fill_options.constprop.0
                0x08208200       0x20 ./gecko_sdk_4.4.3/util/third_party/lwip/lwip/src/core/tcp_out.o
 .text.tcp_output_control_segment
                0x08208220       0x88 ./gecko_sdk_4.4.3/util/third_party/lwip/lwip/src/core/tcp_out.o
 .text.tcp_split_unsent_seg
                0x082082a8      0x194 ./gecko_sdk_4.4.3/util/third_party/lwip/lwip/src/core/tcp_out.o
                0x082082a8                tcp_split_unsent_seg
 .text.tcp_enqueue_flags
                0x0820843c      0x12c ./gecko_sdk_4.4.3/util/third_party/lwip/lwip/src/core/tcp_out.o
                0x0820843c                tcp_enqueue_flags
 .text.tcp_send_fin
                0x08208568       0x60 ./gecko_sdk_4.4.3/util/third_party/lwip/lwip/src/core/tcp_out.o
                0x08208568                tcp_send_fin
 .text.tcp_rexmit_rto_prepare
                0x082085c8       0x88 ./gecko_sdk_4.4.3/util/third_party/lwip/lwip/src/core/tcp_out.o
                0x082085c8                tcp_rexmit_rto_prepare
 .text.tcp_rexmit
                0x08208650       0x84 ./gecko_sdk_4.4.3/util/third_party/lwip/lwip/src/core/tcp_out.o
                0x08208650                tcp_rexmit
 .text.tcp_rexmit_fast
                0x082086d4       0x68 ./gecko_sdk_4.4.3/util/third_party/lwip/lwip/src/core/tcp_out.o
                0x082086d4                tcp_rexmit_fast
 .text.tcp_rst  0x0820873c       0x8c ./gecko_sdk_4.4.3/util/third_party/lwip/lwip/src/core/tcp_out.o
                0x0820873c                tcp_rst
 .text.tcp_send_empty_ack
                0x082087c8       0x64 ./gecko_sdk_4.4.3/util/third_party/lwip/lwip/src/core/tcp_out.o
                0x082087c8                tcp_send_empty_ack
 .text.tcp_output
                0x0820882c      0x364 ./gecko_sdk_4.4.3/util/third_party/lwip/lwip/src/core/tcp_out.o
                0x0820882c                tcp_output
 .text.tcp_rexmit_rto_commit
                0x08208b90       0x38 ./gecko_sdk_4.4.3/util/third_party/lwip/lwip/src/core/tcp_out.o
                0x08208b90                tcp_rexmit_rto_commit
 .text.tcp_rexmit_rto
                0x08208bc8       0x34 ./gecko_sdk_4.4.3/util/third_party/lwip/lwip/src/core/tcp_out.o
                0x08208bc8                tcp_rexmit_rto
 .text.tcp_keepalive
                0x08208bfc       0x50 ./gecko_sdk_4.4.3/util/third_party/lwip/lwip/src/core/tcp_out.o
                0x08208bfc                tcp_keepalive
 .text.tcp_zero_window_probe
                0x08208c4c       0xc8 ./gecko_sdk_4.4.3/util/third_party/lwip/lwip/src/core/tcp_out.o
                0x08208c4c                tcp_zero_window_probe
 .text.sys_timeout_abs
                0x08208d14       0x64 ./gecko_sdk_4.4.3/util/third_party/lwip/lwip/src/core/timeouts.o
 .text.lwip_cyclic_timer
                0x08208d78       0x34 ./gecko_sdk_4.4.3/util/third_party/lwip/lwip/src/core/timeouts.o
                0x08208d78                lwip_cyclic_timer
 .text.sys_timeout
                0x08208dac       0x3c ./gecko_sdk_4.4.3/util/third_party/lwip/lwip/src/core/timeouts.o
                0x08208dac                sys_timeout
 .text.tcp_timer_needed
                0x08208de8       0x34 ./gecko_sdk_4.4.3/util/third_party/lwip/lwip/src/core/timeouts.o
                0x08208de8                tcp_timer_needed
 .text.tcpip_tcp_timer
                0x08208e1c       0x38 ./gecko_sdk_4.4.3/util/third_party/lwip/lwip/src/core/timeouts.o
 .text.sys_timeouts_init
                0x08208e54       0x24 ./gecko_sdk_4.4.3/util/third_party/lwip/lwip/src/core/timeouts.o
                0x08208e54                sys_timeouts_init
 .text.sys_check_timeouts
                0x08208e78       0x44 ./gecko_sdk_4.4.3/util/third_party/lwip/lwip/src/core/timeouts.o
                0x08208e78                sys_check_timeouts
 .text.sys_timeouts_sleeptime
                0x08208ebc       0x24 ./gecko_sdk_4.4.3/util/third_party/lwip/lwip/src/core/timeouts.o
                0x08208ebc                sys_timeouts_sleeptime
 .text.udp_init
                0x08208ee0       0x18 ./gecko_sdk_4.4.3/util/third_party/lwip/lwip/src/core/udp.o
                0x08208ee0                udp_init
 .text.udp_input
                0x08208ef8      0x1d4 ./gecko_sdk_4.4.3/util/third_party/lwip/lwip/src/core/udp.o
                0x08208ef8                udp_input
 .text.udp_bind
                0x082090cc       0xd8 ./gecko_sdk_4.4.3/util/third_party/lwip/lwip/src/core/udp.o
                0x082090cc                udp_bind
 .text.udp_sendto_if_src
                0x082091a4      0x150 ./gecko_sdk_4.4.3/util/third_party/lwip/lwip/src/core/udp.o
                0x082091a4                udp_sendto_if_src
 .text.udp_sendto_if
                0x082092f4       0x80 ./gecko_sdk_4.4.3/util/third_party/lwip/lwip/src/core/udp.o
                0x082092f4                udp_sendto_if
 .text.udp_sendto
                0x08209374       0x78 ./gecko_sdk_4.4.3/util/third_party/lwip/lwip/src/core/udp.o
                0x08209374                udp_sendto
 .text.udp_connect
                0x082093ec       0x74 ./gecko_sdk_4.4.3/util/third_party/lwip/lwip/src/core/udp.o
                0x082093ec                udp_connect
 .text.udp_recv
                0x08209460       0x24 ./gecko_sdk_4.4.3/util/third_party/lwip/lwip/src/core/udp.o
                0x08209460                udp_recv
 .text.udp_remove
                0x08209484       0x4c ./gecko_sdk_4.4.3/util/third_party/lwip/lwip/src/core/udp.o
                0x08209484                udp_remove
 .text.udp_new  0x082094d0       0x1c ./gecko_sdk_4.4.3/util/third_party/lwip/lwip/src/core/udp.o
                0x082094d0                udp_new
 .text.udp_netif_ip_addr_changed
                0x082094ec       0x2c ./gecko_sdk_4.4.3/util/third_party/lwip/lwip/src/core/udp.o
                0x082094ec                udp_netif_ip_addr_changed
 .text.dhcp_set_state
                0x08209518       0x10 ./gecko_sdk_4.4.3/util/third_party/lwip/lwip/src/core/ipv4/dhcp.o
 .text.dhcp_option_short
                0x08209528       0x38 ./gecko_sdk_4.4.3/util/third_party/lwip/lwip/src/core/ipv4/dhcp.o
 .text.dhcp_option
                0x08209560       0x3c ./gecko_sdk_4.4.3/util/third_party/lwip/lwip/src/core/ipv4/dhcp.o
 .text.dhcp_option_byte
                0x0820959c       0x30 ./gecko_sdk_4.4.3/util/third_party/lwip/lwip/src/core/ipv4/dhcp.o
 .text.dhcp_option_long
                0x082095cc       0x48 ./gecko_sdk_4.4.3/util/third_party/lwip/lwip/src/core/ipv4/dhcp.o
 .text.dhcp_create_msg
                0x08209614      0x118 ./gecko_sdk_4.4.3/util/third_party/lwip/lwip/src/core/ipv4/dhcp.o
 .text.dhcp_option_trailer
                0x0820972c       0x40 ./gecko_sdk_4.4.3/util/third_party/lwip/lwip/src/core/ipv4/dhcp.o
 .text.dhcp_discover
                0x0820976c       0xe4 ./gecko_sdk_4.4.3/util/third_party/lwip/lwip/src/core/ipv4/dhcp.o
 .text.dhcp_check
                0x08209850       0x2a ./gecko_sdk_4.4.3/util/third_party/lwip/lwip/src/core/ipv4/dhcp.o
 *fill*         0x0820987a        0x2 
 .text.dhcp_bind
                0x0820987c      0x108 ./gecko_sdk_4.4.3/util/third_party/lwip/lwip/src/core/ipv4/dhcp.o
 .text.dhcp_inc_pcb_refcount
                0x08209984       0x74 ./gecko_sdk_4.4.3/util/third_party/lwip/lwip/src/core/ipv4/dhcp.o
 .text.dhcp_dec_pcb_refcount
                0x082099f8       0x40 ./gecko_sdk_4.4.3/util/third_party/lwip/lwip/src/core/ipv4/dhcp.o
 .text.dhcp_reboot.isra.0
                0x08209a38       0xf8 ./gecko_sdk_4.4.3/util/third_party/lwip/lwip/src/core/ipv4/dhcp.o
 .text.dhcp_handle_ack.isra.0
                0x08209b30       0x98 ./gecko_sdk_4.4.3/util/third_party/lwip/lwip/src/core/ipv4/dhcp.o
 .text.dhcp_select.isra.0
                0x08209bc8      0x150 ./gecko_sdk_4.4.3/util/third_party/lwip/lwip/src/core/ipv4/dhcp.o
 .text.dhcp_recv
                0x08209d18      0x470 ./gecko_sdk_4.4.3/util/third_party/lwip/lwip/src/core/ipv4/dhcp.o
 .text.dhcp_arp_reply
                0x0820a188       0xbc ./gecko_sdk_4.4.3/util/third_party/lwip/lwip/src/core/ipv4/dhcp.o
                0x0820a188                dhcp_arp_reply
 .text.dhcp_renew
                0x0820a244       0xdc ./gecko_sdk_4.4.3/util/third_party/lwip/lwip/src/core/ipv4/dhcp.o
                0x0820a244                dhcp_renew
 .text.dhcp_supplied_address
                0x0820a320       0x1e ./gecko_sdk_4.4.3/util/third_party/lwip/lwip/src/core/ipv4/dhcp.o
                0x0820a320                dhcp_supplied_address
 *fill*         0x0820a33e        0x2 
 .text.dhcp_release_and_stop
                0x0820a340       0xb4 ./gecko_sdk_4.4.3/util/third_party/lwip/lwip/src/core/ipv4/dhcp.o
                0x0820a340                dhcp_release_and_stop
 .text.dhcp_start
                0x0820a3f4       0xa8 ./gecko_sdk_4.4.3/util/third_party/lwip/lwip/src/core/ipv4/dhcp.o
                0x0820a3f4                dhcp_start
 .text.dhcp_coarse_tmr
                0x0820a49c      0x164 ./gecko_sdk_4.4.3/util/third_party/lwip/lwip/src/core/ipv4/dhcp.o
                0x0820a49c                dhcp_coarse_tmr
 .text.dhcp_fine_tmr
                0x0820a600       0x9c ./gecko_sdk_4.4.3/util/third_party/lwip/lwip/src/core/ipv4/dhcp.o
                0x0820a600                dhcp_fine_tmr
 .text.etharp_free_entry
                0x0820a69c       0x28 ./gecko_sdk_4.4.3/util/third_party/lwip/lwip/src/core/ipv4/etharp.o
 .text.etharp_find_entry
                0x0820a6c4      0x12c ./gecko_sdk_4.4.3/util/third_party/lwip/lwip/src/core/ipv4/etharp.o
 .text.etharp_update_arp_entry
                0x0820a7f0       0xcc ./gecko_sdk_4.4.3/util/third_party/lwip/lwip/src/core/ipv4/etharp.o
 .text.etharp_raw
                0x0820a8bc       0xdc ./gecko_sdk_4.4.3/util/third_party/lwip/lwip/src/core/ipv4/etharp.o
 .text.etharp_input
                0x0820a998       0xc8 ./gecko_sdk_4.4.3/util/third_party/lwip/lwip/src/core/ipv4/etharp.o
                0x0820a998                etharp_input
 .text.etharp_request
                0x0820aa60       0x2c ./gecko_sdk_4.4.3/util/third_party/lwip/lwip/src/core/ipv4/etharp.o
                0x0820aa60                etharp_request
 .text.etharp_tmr
                0x0820aa8c       0x58 ./gecko_sdk_4.4.3/util/third_party/lwip/lwip/src/core/ipv4/etharp.o
                0x0820aa8c                etharp_tmr
 .text.etharp_output_to_arp_index
                0x0820aae4       0xac ./gecko_sdk_4.4.3/util/third_party/lwip/lwip/src/core/ipv4/etharp.o
 .text.etharp_query
                0x0820ab90      0x148 ./gecko_sdk_4.4.3/util/third_party/lwip/lwip/src/core/ipv4/etharp.o
                0x0820ab90                etharp_query
 .text.etharp_output
                0x0820acd8      0x138 ./gecko_sdk_4.4.3/util/third_party/lwip/lwip/src/core/ipv4/etharp.o
                0x0820acd8                etharp_output
 .text.icmp_send_response
                0x0820ae10       0xa0 ./gecko_sdk_4.4.3/util/third_party/lwip/lwip/src/core/ipv4/icmp.o
 .text.icmp_input
                0x0820aeb0      0x170 ./gecko_sdk_4.4.3/util/third_party/lwip/lwip/src/core/ipv4/icmp.o
                0x0820aeb0                icmp_input
 .text.icmp_dest_unreach
                0x0820b020        0x8 ./gecko_sdk_4.4.3/util/third_party/lwip/lwip/src/core/ipv4/icmp.o
                0x0820b020                icmp_dest_unreach
 .text.icmp_time_exceeded
                0x0820b028        0x8 ./gecko_sdk_4.4.3/util/third_party/lwip/lwip/src/core/ipv4/icmp.o
                0x0820b028                icmp_time_exceeded
 .text.ip4_input_accept
                0x0820b030       0x34 ./gecko_sdk_4.4.3/util/third_party/lwip/lwip/src/core/ipv4/ip4.o
 .text.ip4_route
                0x0820b064       0x5c ./gecko_sdk_4.4.3/util/third_party/lwip/lwip/src/core/ipv4/ip4.o
                0x0820b064                ip4_route
 .text.ip4_input
                0x0820b0c0      0x1d0 ./gecko_sdk_4.4.3/util/third_party/lwip/lwip/src/core/ipv4/ip4.o
                0x0820b0c0                ip4_input
 .text.ip4_output_if_src
                0x0820b290      0x12c ./gecko_sdk_4.4.3/util/third_party/lwip/lwip/src/core/ipv4/ip4.o
                0x0820b290                ip4_output_if_src
 .text.ip4_output_if
                0x0820b3bc       0x22 ./gecko_sdk_4.4.3/util/third_party/lwip/lwip/src/core/ipv4/ip4.o
                0x0820b3bc                ip4_output_if
 .text.ip4_addr_isbroadcast_u32
                0x0820b3de       0x36 ./gecko_sdk_4.4.3/util/third_party/lwip/lwip/src/core/ipv4/ip4_addr.o
                0x0820b3de                ip4_addr_isbroadcast_u32
 .text.ip_reass_dequeue_datagram
                0x0820b414       0x44 ./gecko_sdk_4.4.3/util/third_party/lwip/lwip/src/core/ipv4/ip4_frag.o
 .text.ip_reass_free_complete_datagram
                0x0820b458       0xe8 ./gecko_sdk_4.4.3/util/third_party/lwip/lwip/src/core/ipv4/ip4_frag.o
 .text.ip_reass_remove_oldest_datagram
                0x0820b540       0x78 ./gecko_sdk_4.4.3/util/third_party/lwip/lwip/src/core/ipv4/ip4_frag.o
 .text.ip_reass_tmr
                0x0820b5b8       0x2c ./gecko_sdk_4.4.3/util/third_party/lwip/lwip/src/core/ipv4/ip4_frag.o
                0x0820b5b8                ip_reass_tmr
 .text.ip4_reass
                0x0820b5e4      0x410 ./gecko_sdk_4.4.3/util/third_party/lwip/lwip/src/core/ipv4/ip4_frag.o
                0x0820b5e4                ip4_reass
 .text.ip4_frag
                0x0820b9f4      0x164 ./gecko_sdk_4.4.3/util/third_party/lwip/lwip/src/core/ipv4/ip4_frag.o
                0x0820b9f4                ip4_frag
 .text.ethernet_input
                0x0820bb58       0xa0 ./gecko_sdk_4.4.3/util/third_party/lwip/lwip/src/netif/ethernet.o
                0x0820bb58                ethernet_input
 .text.ethernet_output
                0x0820bbf8       0x70 ./gecko_sdk_4.4.3/util/third_party/lwip/lwip/src/netif/ethernet.o
                0x0820bbf8                ethernet_output
 .text.sys_init
                0x0820bc68        0x2 ./gecko_sdk_4.4.3/util/third_party/lwip/lwip-contrib/ports/freertos/sys_arch.o
                0x0820bc68                sys_init
 .text.sys_now  0x0820bc6a        0x4 ./gecko_sdk_4.4.3/util/third_party/lwip/lwip-contrib/ports/freertos/sys_arch.o
                0x0820bc6a                sys_now
 .text.sys_arch_protect
                0x0820bc6e        0xa ./gecko_sdk_4.4.3/util/third_party/lwip/lwip-contrib/ports/freertos/sys_arch.o
                0x0820bc6e                sys_arch_protect
 .text.sys_arch_unprotect
                0x0820bc78        0x4 ./gecko_sdk_4.4.3/util/third_party/lwip/lwip-contrib/ports/freertos/sys_arch.o
                0x0820bc78                sys_arch_unprotect
 .text.sys_mutex_new
                0x0820bc7c       0x30 ./gecko_sdk_4.4.3/util/third_party/lwip/lwip-contrib/ports/freertos/sys_arch.o
                0x0820bc7c                sys_mutex_new
 .text.sys_mutex_lock
                0x0820bcac       0x58 ./gecko_sdk_4.4.3/util/third_party/lwip/lwip-contrib/ports/freertos/sys_arch.o
                0x0820bcac                sys_mutex_lock
 .text.sys_mutex_unlock
                0x0820bd04       0x54 ./gecko_sdk_4.4.3/util/third_party/lwip/lwip-contrib/ports/freertos/sys_arch.o
                0x0820bd04                sys_mutex_unlock
 .text.sys_mbox_new
                0x0820bd58       0x50 ./gecko_sdk_4.4.3/util/third_party/lwip/lwip-contrib/ports/freertos/sys_arch.o
                0x0820bd58                sys_mbox_new
 .text.sys_mbox_trypost
                0x0820bda8       0x68 ./gecko_sdk_4.4.3/util/third_party/lwip/lwip-contrib/ports/freertos/sys_arch.o
                0x0820bda8                sys_mbox_trypost
 .text.sys_arch_mbox_fetch
                0x0820be10       0x88 ./gecko_sdk_4.4.3/util/third_party/lwip/lwip-contrib/ports/freertos/sys_arch.o
                0x0820be10                sys_arch_mbox_fetch
 .text.sys_thread_new
                0x0820be98       0x5c ./gecko_sdk_4.4.3/util/third_party/lwip/lwip-contrib/ports/freertos/sys_arch.o
                0x0820be98                sys_thread_new
 .text.RSI_Board_Init
                0x0820bef4       0x5c ./wiseconnect3_sdk_3.2.0/components/board/silabs/src/rsi_board.o
                0x0820bef4                RSI_Board_Init
 .text.print_sl_ipv4_address
                0x0820bf50       0x1c ./wiseconnect3_sdk_3.2.0/components/common/src/sl_utility.o
                0x0820bf50                print_sl_ipv4_address
 .text.little_to_big_endian
                0x0820bf6c       0x2e ./wiseconnect3_sdk_3.2.0/components/common/src/sl_utility.o
                0x0820bf6c                little_to_big_endian
 *fill*         0x0820bf9a        0x2 
 .text.sl_inet_ntop6
                0x0820bf9c      0x144 ./wiseconnect3_sdk_3.2.0/components/common/src/sl_utility.o
                0x0820bf9c                sl_inet_ntop6
 .text.print_sl_ipv6_address
                0x0820c0e0       0x2c ./wiseconnect3_sdk_3.2.0/components/common/src/sl_utility.o
                0x0820c0e0                print_sl_ipv6_address
 .text.print_sl_ip_address
                0x0820c10c       0x16 ./wiseconnect3_sdk_3.2.0/components/common/src/sl_utility.o
                0x0820c10c                print_sl_ip_address
 .text.sl_debug_log
                0x0820c122        0x6 ./wiseconnect3_sdk_3.2.0/components/common/src/sl_utility.o
                0x0820c122                sl_debug_log
 .text.init_ipmu_calib_data
                0x0820c128       0x54 ./wiseconnect3_sdk_3.2.0/components/device/silabs/si91x/mcu/core/chip/src/iPMU_prog/iPMU_dotc/ipmu_apis.o
                0x0820c128                init_ipmu_calib_data
 .text.program_ipmu_data
                0x0820c17c       0x54 ./wiseconnect3_sdk_3.2.0/components/device/silabs/si91x/mcu/core/chip/src/iPMU_prog/iPMU_dotc/ipmu_apis.o
                0x0820c17c                program_ipmu_data
 .text.ipmu_init_mcu
                0x0820c1d0       0x94 ./wiseconnect3_sdk_3.2.0/components/device/silabs/si91x/mcu/core/chip/src/iPMU_prog/iPMU_dotc/ipmu_apis.o
                0x0820c1d0                ipmu_init_mcu
 .text.ipmu_init
                0x0820c264       0xa8 ./wiseconnect3_sdk_3.2.0/components/device/silabs/si91x/mcu/core/chip/src/iPMU_prog/iPMU_dotc/ipmu_apis.o
                0x0820c264                ipmu_init
 .text.configure_ipmu_mode
                0x0820c30c       0x38 ./wiseconnect3_sdk_3.2.0/components/device/silabs/si91x/mcu/core/chip/src/iPMU_prog/iPMU_dotc/ipmu_apis.o
                0x0820c30c                configure_ipmu_mode
 .text.RSI_PS_RestoreCpuContext
                0x0820c344       0x34 ./wiseconnect3_sdk_3.2.0/components/device/silabs/si91x/mcu/core/chip/src/rsi_deepsleep_soc.o
                0x0820c344                RSI_PS_RestoreCpuContext
 .text.RSI_Set_Cntrls_To_M4
                0x0820c378       0x50 ./wiseconnect3_sdk_3.2.0/components/device/silabs/si91x/mcu/core/chip/src/rsi_deepsleep_soc.o
                0x0820c378                RSI_Set_Cntrls_To_M4
 .text.Default_Handler
                0x0820c3c8        0x2 ./wiseconnect3_sdk_3.2.0/components/device/silabs/si91x/mcu/core/chip/src/startup_si91x.o
                0x0820c3c8                DebugMon_Handler
                0x0820c3c8                IRQ031_Handler
                0x0820c3c8                HardFault_Handler
                0x0820c3c8                IRQ058_Handler
                0x0820c3c8                IRQ095_Handler
                0x0820c3c8                IRQ065_Handler
                0x0820c3c8                IRQ019_Handler
                0x0820c3c8                IRQ056_Handler
                0x0820c3c8                IRQ093_Handler
                0x0820c3c8                NMI_Handler
                0x0820c3c8                IRQ011_Handler
                0x0820c3c8                IRQ014_Handler
                0x0820c3c8                IRQ051_Handler
                0x0820c3c8                IRQ027_Handler
                0x0820c3c8                IRQ062_Handler
                0x0820c3c8                IRQ097_Handler
                0x0820c3c8                IRQ088_Handler
                0x0820c3c8                IRQ034_Handler
                0x0820c3c8                IRQ071_Handler
                0x0820c3c8                IRQ067_Handler
                0x0820c3c8                IRQ070_Handler
                0x0820c3c8                IRQ077_Handler
                0x0820c3c8                IRQ028_Handler
                0x0820c3c8                IRQ063_Handler
                0x0820c3c8                IRQ076_Handler
                0x0820c3c8                UsageFault_Handler
                0x0820c3c8                IRQ023_Handler
                0x0820c3c8                IRQ009_Handler
                0x0820c3c8                IRQ048_Handler
                0x0820c3c8                IRQ083_Handler
                0x0820c3c8                IRQ089_Handler
                0x0820c3c8                HIF1_IRQHandler
                0x0820c3c8                IRQ037_Handler
                0x0820c3c8                IRQ072_Handler
                0x0820c3c8                IRQ021_Handler
                0x0820c3c8                IRQ008_Handler
                0x0820c3c8                IRQ047_Handler
                0x0820c3c8                IRQ082_Handler
                0x0820c3c8                IRQ022_Handler
                0x0820c3c8                IRQ007_Handler
                0x0820c3c8                IRQ046_Handler
                0x0820c3c8                IRQ081_Handler
                0x0820c3c8                IRQ004_Handler
                0x0820c3c8                IRQ043_Handler
                0x0820c3c8                IRQ002_Handler
                0x0820c3c8                IRQ041_Handler
                0x0820c3c8                IRQ098_Handler
                0x0820c3c8                IRQ000_Handler
                0x0820c3c8                IRQ005_Handler
                0x0820c3c8                IRQ044_Handler
                0x0820c3c8                IRQ049_Handler
                0x0820c3c8                IRQ084_Handler
                0x0820c3c8                IRQ006_Handler
                0x0820c3c8                IRQ045_Handler
                0x0820c3c8                IRQ080_Handler
                0x0820c3c8                IRQ015_Handler
                0x0820c3c8                IRQ052_Handler
                0x0820c3c8                MemManage_Handler
                0x0820c3c8                HIF2_IRQHandler
                0x0820c3c8                IRQ001_Handler
                0x0820c3c8                IRQ040_Handler
                0x0820c3c8                IRQ068_Handler
                0x0820c3c8                IRQ059_Handler
                0x0820c3c8                IRQ096_Handler
                0x0820c3c8                IRQ003_Handler
                0x0820c3c8                IRQ042_Handler
                0x0820c3c8                IRQ024_Handler
                0x0820c3c8                IRQ016_Handler
                0x0820c3c8                IRQ053_Handler
                0x0820c3c8                IRQ090_Handler
                0x0820c3c8                IRQ078_Handler
                0x0820c3c8                IRQ032_Handler
                0x0820c3c8                IRQ020_Handler
                0x0820c3c8                IRQ073_Handler
                0x0820c3c8                IRQ018_Handler
                0x0820c3c8                IRQ055_Handler
                0x0820c3c8                IRQ092_Handler
                0x0820c3c8                IRQ087_Handler
                0x0820c3c8                IRQ026_Handler
                0x0820c3c8                IRQ061_Handler
                0x0820c3c8                IRQ025_Handler
                0x0820c3c8                IRQ060_Handler
                0x0820c3c8                IRQ085_Handler
                0x0820c3c8                IRQ013_Handler
                0x0820c3c8                IRQ050_Handler
                0x0820c3c8                IRQ030_Handler
                0x0820c3c8                IRQ029_Handler
                0x0820c3c8                IRQ064_Handler
                0x0820c3c8                IRQ066_Handler
                0x0820c3c8                IRQ017_Handler
                0x0820c3c8                IRQ054_Handler
                0x0820c3c8                IRQ091_Handler
                0x0820c3c8                BusFault_Handler
                0x0820c3c8                IRQ069_Handler
                0x0820c3c8                IRQ075_Handler
                0x0820c3c8                IRQ086_Handler
                0x0820c3c8                IRQ057_Handler
                0x0820c3c8                IRQ094_Handler
                0x0820c3c8                IRQ079_Handler
 .text.Default_Reset_Handler
                0x0820c3ca        0x2 ./wiseconnect3_sdk_3.2.0/components/device/silabs/si91x/mcu/core/chip/src/startup_si91x.o
                0x0820c3ca                Default_Reset_Handler
                0x0820c3ca                Reset_Handler
 .text.Copy_Table
                0x0820c3cc       0x24 ./wiseconnect3_sdk_3.2.0/components/device/silabs/si91x/mcu/core/chip/src/startup_si91x.o
                0x0820c3cc                Copy_Table
 .text.Zero_Table
                0x0820c3f0       0x24 ./wiseconnect3_sdk_3.2.0/components/device/silabs/si91x/mcu/core/chip/src/startup_si91x.o
                0x0820c3f0                Zero_Table
 .text.RSI_Default_Reset_Handler
                0x0820c414       0x16 ./wiseconnect3_sdk_3.2.0/components/device/silabs/si91x/mcu/core/chip/src/startup_si91x.o
                0x0820c414                RSI_Default_Reset_Handler
 *fill*         0x0820c42a        0x2 
 .text.SystemCoreClockUpdate
                0x0820c42c      0x104 ./wiseconnect3_sdk_3.2.0/components/device/silabs/si91x/mcu/core/chip/src/system_si91x.o
                0x0820c42c                SystemCoreClockUpdate
 .text.fpuInit  0x0820c530       0x44 ./wiseconnect3_sdk_3.2.0/components/device/silabs/si91x/mcu/core/chip/src/system_si91x.o
                0x0820c530                fpuInit
 .text.SystemInit
                0x0820c574       0xe4 ./wiseconnect3_sdk_3.2.0/components/device/silabs/si91x/mcu/core/chip/src/system_si91x.o
                0x0820c574                SystemInit
 .text.ARM_UART_SignalEvent
                0x0820c658       0x24 ./wiseconnect3_sdk_3.2.0/components/device/silabs/si91x/mcu/core/common/src/rsi_debug.o
                0x0820c658                ARM_UART_SignalEvent
 .text.Board_Debug_Init
                0x0820c67c       0x4c ./wiseconnect3_sdk_3.2.0/components/device/silabs/si91x/mcu/core/common/src/rsi_debug.o
                0x0820c67c                Board_Debug_Init
 .text.Board_UARTGetChar
                0x0820c6c8       0x30 ./wiseconnect3_sdk_3.2.0/components/device/silabs/si91x/mcu/core/common/src/rsi_debug.o
                0x0820c6c8                Board_UARTGetChar
 .text.Board_UARTPutChar
                0x0820c6f8       0x30 ./wiseconnect3_sdk_3.2.0/components/device/silabs/si91x/mcu/core/common/src/rsi_debug.o
                0x0820c6f8                Board_UARTPutChar
 .text.read_exclude_space
                0x0820c728       0x20 ./wiseconnect3_sdk_3.2.0/components/device/silabs/si91x/mcu/core/common/src/syscalls.o
 .text._getpid  0x0820c748        0x4 ./wiseconnect3_sdk_3.2.0/components/device/silabs/si91x/mcu/core/common/src/syscalls.o
                0x0820c748                _getpid
 .text._kill    0x0820c74c       0x10 ./wiseconnect3_sdk_3.2.0/components/device/silabs/si91x/mcu/core/common/src/syscalls.o
                0x0820c74c                _kill
 .text._exit    0x0820c75c        0xc ./wiseconnect3_sdk_3.2.0/components/device/silabs/si91x/mcu/core/common/src/syscalls.o
                0x0820c75c                _exit
 .text._write   0x0820c768       0x1c ./wiseconnect3_sdk_3.2.0/components/device/silabs/si91x/mcu/core/common/src/syscalls.o
                0x0820c768                _write
 .text._close   0x0820c784        0x6 ./wiseconnect3_sdk_3.2.0/components/device/silabs/si91x/mcu/core/common/src/syscalls.o
                0x0820c784                _close
 .text._fstat   0x0820c78a        0xa ./wiseconnect3_sdk_3.2.0/components/device/silabs/si91x/mcu/core/common/src/syscalls.o
                0x0820c78a                _fstat
 .text._isatty  0x0820c794        0x4 ./wiseconnect3_sdk_3.2.0/components/device/silabs/si91x/mcu/core/common/src/syscalls.o
                0x0820c794                _isatty
 .text._lseek   0x0820c798        0x4 ./wiseconnect3_sdk_3.2.0/components/device/silabs/si91x/mcu/core/common/src/syscalls.o
                0x0820c798                _lseek
 .text._read    0x0820c79c      0x30c ./wiseconnect3_sdk_3.2.0/components/device/silabs/si91x/mcu/core/common/src/syscalls.o
                0x0820c79c                _read
 .text.sl_si91x_device_init_nvic
                0x0820caa8       0x18 ./wiseconnect3_sdk_3.2.0/components/device/silabs/si91x/mcu/core/config/src/rsi_nvic_priorities_config.o
                0x0820caa8                sl_si91x_device_init_nvic
 .text.IRQ033_Handler
                0x0820cac0       0x20 ./wiseconnect3_sdk_3.2.0/components/device/silabs/si91x/mcu/drivers/cmsis_driver/UDMA.o
                0x0820cac0                IRQ033_Handler
 .text.IRQ010_Handler
                0x0820cae0       0x20 ./wiseconnect3_sdk_3.2.0/components/device/silabs/si91x/mcu/drivers/cmsis_driver/UDMA.o
                0x0820cae0                IRQ010_Handler
 .text.ARM_USARTx_GetVersion
                0x0820cb00       0x20 ./wiseconnect3_sdk_3.2.0/components/device/silabs/si91x/mcu/drivers/cmsis_driver/USART.o
                0x0820cb00                ARM_USARTx_GetVersion
 .text.ARM_ULP_UART_GetCapabilities
                0x0820cb20        0xc ./wiseconnect3_sdk_3.2.0/components/device/silabs/si91x/mcu/drivers/cmsis_driver/USART.o
 .text.ARM_ULP_UART_GetModemStatus
                0x0820cb2c        0xc ./wiseconnect3_sdk_3.2.0/components/device/silabs/si91x/mcu/drivers/cmsis_driver/USART.o
 .text.ARM_ULP_UART_SetModemControl
                0x0820cb38        0xc ./wiseconnect3_sdk_3.2.0/components/device/silabs/si91x/mcu/drivers/cmsis_driver/USART.o
 .text.ARM_ULP_UART_GetStatus
                0x0820cb44        0xc ./wiseconnect3_sdk_3.2.0/components/device/silabs/si91x/mcu/drivers/cmsis_driver/USART.o
 .text.ARM_ULP_UART_Control
                0x0820cb50       0x34 ./wiseconnect3_sdk_3.2.0/components/device/silabs/si91x/mcu/drivers/cmsis_driver/USART.o
 .text.ARM_ULP_UART_GetRxCount
                0x0820cb84        0xc ./wiseconnect3_sdk_3.2.0/components/device/silabs/si91x/mcu/drivers/cmsis_driver/USART.o
 .text.ARM_ULP_UART_GetTxCount
                0x0820cb90        0xc ./wiseconnect3_sdk_3.2.0/components/device/silabs/si91x/mcu/drivers/cmsis_driver/USART.o
 .text.ARM_ULP_UART_Transfer
                0x0820cb9c       0x54 ./wiseconnect3_sdk_3.2.0/components/device/silabs/si91x/mcu/drivers/cmsis_driver/USART.o
 .text.ARM_ULP_UART_Receive
                0x0820cbf0       0x48 ./wiseconnect3_sdk_3.2.0/components/device/silabs/si91x/mcu/drivers/cmsis_driver/USART.o
 .text.ARM_ULP_UART_Send
                0x0820cc38       0x48 ./wiseconnect3_sdk_3.2.0/components/device/silabs/si91x/mcu/drivers/cmsis_driver/USART.o
 .text.ARM_ULP_UART_PowerControl
                0x0820cc80       0x18 ./wiseconnect3_sdk_3.2.0/components/device/silabs/si91x/mcu/drivers/cmsis_driver/USART.o
 .text.ARM_ULP_UART_Uninitialize
                0x0820cc98       0x1c ./wiseconnect3_sdk_3.2.0/components/device/silabs/si91x/mcu/drivers/cmsis_driver/USART.o
 .text.ARM_ULP_UART_Initialize
                0x0820ccb4       0x30 ./wiseconnect3_sdk_3.2.0/components/device/silabs/si91x/mcu/drivers/cmsis_driver/USART.o
 .text.IRQ038_Handler
                0x0820cce4        0xc ./wiseconnect3_sdk_3.2.0/components/device/silabs/si91x/mcu/drivers/cmsis_driver/USART.o
                0x0820cce4                IRQ038_Handler
 .text.IRQ039_Handler
                0x0820ccf0        0xc ./wiseconnect3_sdk_3.2.0/components/device/silabs/si91x/mcu/drivers/cmsis_driver/USART.o
                0x0820ccf0                IRQ039_Handler
 .text.IRQ012_Handler
                0x0820ccfc        0xc ./wiseconnect3_sdk_3.2.0/components/device/silabs/si91x/mcu/drivers/cmsis_driver/USART.o
                0x0820ccfc                IRQ012_Handler
 .text.RSI_ULPUartHandler
                0x0820cd08        0x4 ./wiseconnect3_sdk_3.2.0/components/device/silabs/si91x/mcu/drivers/cmsis_driver/USART.o
                0x0820cd08                RSI_ULPUartHandler
 .text.RSI_CLK_GetBaseClock
                0x0820cd0c      0x50c ./wiseconnect3_sdk_3.2.0/components/device/silabs/si91x/mcu/drivers/peripheral_drivers/src/clock_update.o
                0x0820cd0c                RSI_CLK_GetBaseClock
 .text.RSI_EGPIO_SetPinMux
                0x0820d218       0x14 ./wiseconnect3_sdk_3.2.0/components/device/silabs/si91x/mcu/drivers/peripheral_drivers/src/rsi_usart.o
 .text.RSI_EGPIO_HostPadsGpioModeEnable
                0x0820d22c       0x10 ./wiseconnect3_sdk_3.2.0/components/device/silabs/si91x/mcu/drivers/peripheral_drivers/src/rsi_usart.o
 .text.RSI_EGPIO_PadSelectionEnable
                0x0820d23c       0x10 ./wiseconnect3_sdk_3.2.0/components/device/silabs/si91x/mcu/drivers/peripheral_drivers/src/rsi_usart.o
 .text.RSI_EGPIO_PadReceiverEnable
                0x0820d24c       0x10 ./wiseconnect3_sdk_3.2.0/components/device/silabs/si91x/mcu/drivers/peripheral_drivers/src/rsi_usart.o
 .text.RSI_EGPIO_UlpPadReceiverEnable
                0x0820d25c       0x10 ./wiseconnect3_sdk_3.2.0/components/device/silabs/si91x/mcu/drivers/peripheral_drivers/src/rsi_usart.o
 .text.UDMAx_ChannelDisable.isra.0
                0x0820d26c        0xc ./wiseconnect3_sdk_3.2.0/components/device/silabs/si91x/mcu/drivers/peripheral_drivers/src/rsi_usart.o
 .text.UartIrqHandler
                0x0820d278      0x1f0 ./wiseconnect3_sdk_3.2.0/components/device/silabs/si91x/mcu/drivers/peripheral_drivers/src/rsi_usart.o
                0x0820d278                UartIrqHandler
 .text.USART_SetBaudrate
                0x0820d468       0x50 ./wiseconnect3_sdk_3.2.0/components/device/silabs/si91x/mcu/drivers/peripheral_drivers/src/rsi_usart.o
                0x0820d468                USART_SetBaudrate
 .text.USART_Initialize
                0x0820d4b8      0x120 ./wiseconnect3_sdk_3.2.0/components/device/silabs/si91x/mcu/drivers/peripheral_drivers/src/rsi_usart.o
                0x0820d4b8                USART_Initialize
 .text.USART_Uninitialize
                0x0820d5d8       0xa0 ./wiseconnect3_sdk_3.2.0/components/device/silabs/si91x/mcu/drivers/peripheral_drivers/src/rsi_usart.o
                0x0820d5d8                USART_Uninitialize
 .text.USART_PowerControl
                0x0820d678      0x150 ./wiseconnect3_sdk_3.2.0/components/device/silabs/si91x/mcu/drivers/peripheral_drivers/src/rsi_usart.o
                0x0820d678                USART_PowerControl
 .text.USART_Send_Data
                0x0820d7c8      0x15c ./wiseconnect3_sdk_3.2.0/components/device/silabs/si91x/mcu/drivers/peripheral_drivers/src/rsi_usart.o
                0x0820d7c8                USART_Send_Data
 .text.USART_Receive_Data
                0x0820d924      0x13c ./wiseconnect3_sdk_3.2.0/components/device/silabs/si91x/mcu/drivers/peripheral_drivers/src/rsi_usart.o
                0x0820d924                USART_Receive_Data
 .text.USART_Transfer
                0x0820da60       0x72 ./wiseconnect3_sdk_3.2.0/components/device/silabs/si91x/mcu/drivers/peripheral_drivers/src/rsi_usart.o
                0x0820da60                USART_Transfer
 .text.USART_GetTxCount
                0x0820dad2        0x6 ./wiseconnect3_sdk_3.2.0/components/device/silabs/si91x/mcu/drivers/peripheral_drivers/src/rsi_usart.o
                0x0820dad2                USART_GetTxCount
 .text.USART_GetRxCount
                0x0820dad8        0x6 ./wiseconnect3_sdk_3.2.0/components/device/silabs/si91x/mcu/drivers/peripheral_drivers/src/rsi_usart.o
                0x0820dad8                USART_GetRxCount
 *fill*         0x0820dade        0x2 
 .text.USART_Control
                0x0820dae0      0x8e8 ./wiseconnect3_sdk_3.2.0/components/device/silabs/si91x/mcu/drivers/peripheral_drivers/src/rsi_usart.o
                0x0820dae0                USART_Control
 .text.USART_GetStatus
                0x0820e3c8       0x42 ./wiseconnect3_sdk_3.2.0/components/device/silabs/si91x/mcu/drivers/peripheral_drivers/src/rsi_usart.o
                0x0820e3c8                USART_GetStatus
 *fill*         0x0820e40a        0x2 
 .text.USART_SetModemControl
                0x0820e40c       0x84 ./wiseconnect3_sdk_3.2.0/components/device/silabs/si91x/mcu/drivers/peripheral_drivers/src/rsi_usart.o
                0x0820e40c                USART_SetModemControl
 .text.USART_GetModemStatus
                0x0820e490       0x5c ./wiseconnect3_sdk_3.2.0/components/device/silabs/si91x/mcu/drivers/peripheral_drivers/src/rsi_usart.o
                0x0820e490                USART_GetModemStatus
 .text.RSI_IPMU_UpdateIpmuCalibData_efuse
                0x0820e4ec      0x300 ./wiseconnect3_sdk_3.2.0/components/device/silabs/si91x/mcu/drivers/systemlevel/src/rsi_ipmu.o
                0x0820e4ec                RSI_IPMU_UpdateIpmuCalibData_efuse
 .text.RSI_Ipmu_Init
                0x0820e7ec        0x4 ./wiseconnect3_sdk_3.2.0/components/device/silabs/si91x/mcu/drivers/systemlevel/src/rsi_ipmu.o
                0x0820e7ec                RSI_Ipmu_Init
 .text.RSI_Configure_Ipmu_Mode
                0x0820e7f0        0x6 ./wiseconnect3_sdk_3.2.0/components/device/silabs/si91x/mcu/drivers/systemlevel/src/rsi_ipmu.o
                0x0820e7f0                RSI_Configure_Ipmu_Mode
 *fill*         0x0820e7f6        0x2 
 .text.RSI_IPMU_ClockMuxSel
                0x0820e7f8       0x40 ./wiseconnect3_sdk_3.2.0/components/device/silabs/si91x/mcu/drivers/systemlevel/src/rsi_ipmu.o
                0x0820e7f8                RSI_IPMU_ClockMuxSel
 .text.RSI_IPMU_ProgramConfigData
                0x0820e838       0xea ./wiseconnect3_sdk_3.2.0/components/device/silabs/si91x/mcu/drivers/systemlevel/src/rsi_ipmu.o
                0x0820e838                RSI_IPMU_ProgramConfigData
 *fill*         0x0820e922        0x2 
 .text.RSI_IPMU_Retn_Voltage_Reduction
                0x0820e924       0x14 ./wiseconnect3_sdk_3.2.0/components/device/silabs/si91x/mcu/drivers/systemlevel/src/rsi_ipmu.o
                0x0820e924                RSI_IPMU_Retn_Voltage_Reduction
 .text.RSI_IPMU_Retn_Voltage_To_Default
                0x0820e938       0x10 ./wiseconnect3_sdk_3.2.0/components/device/silabs/si91x/mcu/drivers/systemlevel/src/rsi_ipmu.o
                0x0820e938                RSI_IPMU_Retn_Voltage_To_Default
 .text.RSI_IPMU_Set_Higher_Pwm_Ro_Frequency_Mode_to_PMU
                0x0820e948       0x14 ./wiseconnect3_sdk_3.2.0/components/device/silabs/si91x/mcu/drivers/systemlevel/src/rsi_ipmu.o
                0x0820e948                RSI_IPMU_Set_Higher_Pwm_Ro_Frequency_Mode_to_PMU
 .text.RSI_IPMU_M32rc_OscTrimEfuse
                0x0820e95c       0x28 ./wiseconnect3_sdk_3.2.0/components/device/silabs/si91x/mcu/drivers/systemlevel/src/rsi_ipmu.o
                0x0820e95c                RSI_IPMU_M32rc_OscTrimEfuse
 .text.RSI_IPMU_DBLR32M_TrimEfuse
                0x0820e984       0x18 ./wiseconnect3_sdk_3.2.0/components/device/silabs/si91x/mcu/drivers/systemlevel/src/rsi_ipmu.o
                0x0820e984                RSI_IPMU_DBLR32M_TrimEfuse
 .text.RSI_IPMU_M20roOsc_TrimEfuse
                0x0820e99c       0x28 ./wiseconnect3_sdk_3.2.0/components/device/silabs/si91x/mcu/drivers/systemlevel/src/rsi_ipmu.o
                0x0820e99c                RSI_IPMU_M20roOsc_TrimEfuse
 .text.RSI_IPMU_RO32khz_TrimEfuse
                0x0820e9c4       0x18 ./wiseconnect3_sdk_3.2.0/components/device/silabs/si91x/mcu/drivers/systemlevel/src/rsi_ipmu.o
                0x0820e9c4                RSI_IPMU_RO32khz_TrimEfuse
 .text.RSI_IPMU_RC32khz_TrimEfuse
                0x0820e9dc       0x18 ./wiseconnect3_sdk_3.2.0/components/device/silabs/si91x/mcu/drivers/systemlevel/src/rsi_ipmu.o
                0x0820e9dc                RSI_IPMU_RC32khz_TrimEfuse
 .text._usdelay
                0x0820e9f4        0x6 ./wiseconnect3_sdk_3.2.0/components/device/silabs/si91x/mcu/drivers/systemlevel/src/rsi_pll.o
 *fill*         0x0820e9fa        0x2 
 .text.ulpss_enable_ref_clks
                0x0820e9fc       0xf8 ./wiseconnect3_sdk_3.2.0/components/device/silabs/si91x/mcu/drivers/systemlevel/src/rsi_pll.o
                0x0820e9fc                ulpss_enable_ref_clks
 .text.clk_m4ss_ref_clk_config
                0x0820eaf4       0xcc ./wiseconnect3_sdk_3.2.0/components/device/silabs/si91x/mcu/drivers/systemlevel/src/rsi_pll.o
                0x0820eaf4                clk_m4ss_ref_clk_config
 .text.ulpss_ref_clk_config
                0x0820ebc0       0xbc ./wiseconnect3_sdk_3.2.0/components/device/silabs/si91x/mcu/drivers/systemlevel/src/rsi_ulpss_clk.o
                0x0820ebc0                ulpss_ref_clk_config
 .text.sl_mv_m4_app_from_flash_to_ram
                0x0820ec7c       0x50 ./wiseconnect3_sdk_3.2.0/components/device/silabs/si91x/wireless/ahb_interface/src/rsi_hal_mcu_m4_ram.o
                0x0820ec7c                sl_mv_m4_app_from_flash_to_ram
 .text.sli_si91x_raise_pkt_pending_interrupt_to_ta
                0x0820eccc       0x20 ./wiseconnect3_sdk_3.2.0/components/device/silabs/si91x/wireless/ahb_interface/src/rsi_hal_mcu_m4_rom.o
                0x0820eccc                sli_si91x_raise_pkt_pending_interrupt_to_ta
 .text.raise_m4_to_ta_interrupt
                0x0820ecec        0xc ./wiseconnect3_sdk_3.2.0/components/device/silabs/si91x/wireless/ahb_interface/src/rsi_hal_mcu_m4_rom.o
                0x0820ecec                raise_m4_to_ta_interrupt
 .text.mask_ta_interrupt
                0x0820ecf8        0xc ./wiseconnect3_sdk_3.2.0/components/device/silabs/si91x/wireless/ahb_interface/src/rsi_hal_mcu_m4_rom.o
                0x0820ecf8                mask_ta_interrupt
 .text.sli_receive_from_ta_done_isr
                0x0820ed04       0x20 ./wiseconnect3_sdk_3.2.0/components/device/silabs/si91x/wireless/ahb_interface/src/rsi_hal_mcu_m4_rom.o
                0x0820ed04                sli_receive_from_ta_done_isr
 .text.sli_m4_interrupt_isr
                0x0820ed24       0xa0 ./wiseconnect3_sdk_3.2.0/components/device/silabs/si91x/wireless/ahb_interface/src/rsi_hal_mcu_m4_rom.o
                0x0820ed24                sli_m4_interrupt_isr
 .text.sl_si91x_bus_read_interrupt_status
                0x0820edc4       0x10 ./wiseconnect3_sdk_3.2.0/components/device/silabs/si91x/wireless/ahb_interface/src/rsi_hal_mcu_m4_rom.o
                0x0820edc4                sl_si91x_bus_read_interrupt_status
 .text.si91x_req_wakeup
                0x0820edd4       0x20 ./wiseconnect3_sdk_3.2.0/components/device/silabs/si91x/wireless/ahb_interface/src/rsi_hal_mcu_m4_rom.o
                0x0820edd4                si91x_req_wakeup
 .text.sl_si91x_host_clear_sleep_indicator
                0x0820edf4       0x14 ./wiseconnect3_sdk_3.2.0/components/device/silabs/si91x/wireless/ahb_interface/src/rsi_hal_mcu_m4_rom.o
                0x0820edf4                sl_si91x_host_clear_sleep_indicator
 .text.IRQ074_Handler
                0x0820ee08        0x4 ./wiseconnect3_sdk_3.2.0/components/device/silabs/si91x/wireless/ahb_interface/src/rsi_hal_mcu_m4_rom.o
                0x0820ee08                IRQ074_Handler
 .text.sl_si91x_ta_events_init
                0x0820ee0c       0x14 ./wiseconnect3_sdk_3.2.0/components/device/silabs/si91x/wireless/ahb_interface/src/rsi_hal_mcu_m4_rom.o
                0x0820ee0c                sl_si91x_ta_events_init
 .text.sli_si91x_platform_init
                0x0820ee20       0x5c ./wiseconnect3_sdk_3.2.0/components/device/silabs/si91x/wireless/ahb_interface/src/sl_platform.o
                0x0820ee20                sli_si91x_platform_init